1 ID Gf34Y
2 BINOP /
3 OR or
3 NUM 35009
3 ASSIGN =
4 CONTINUE continue
4 STRING hX1$8As8\"R4|D
5 LPAREN (
5 NUM 4274
6 NUM 515
7 ID FvBzLs
7 STRING u>
7 RELOP ==
7 NUM 866353101
7 RBRACE }
7 COMMENT //
8 WHILE while
9 BINOP -
9 RELOP <=
9 COMMENT //
10 BYTE byte
10 NUM 7915245653
10 IF if
10 RELOP >=
11 COMMENT //
13 COMMENT //
14 COMMENT //
15 ID LeS5g4q5UUkE9sq
16 BINOP -
17 RELOP >=
18 NUM 379910644
18 STRING xvIUDs"/e	$
/"^Sc\	"^K"yB_\b"
18 COMMENT //
19 RELOP >
19 RELOP >=
19 NUM 4536026280
19 RELOP !=
19 NUM 871384
19 LPAREN (
20 COMMENT //
22 BINOP +
23 ID j0n2VQ669euGr7q3482i1t2kxI98ADzN4xad3u0QLHR44412J7s
23 OR or
23 NUM 726300
23 BINOP /
24 COMMENT //
25 STRING o
26 COMMENT //
27 COMMENT //
28 RELOP <
28 RELOP ==
28 COMMENT //
29 BINOP -
30 COMMENT //
31 ID ti7TVstXxXw2u7H852IsiQ5uP767x853l12EX4Rh3IjV5iO2j6p7HggmzuHbgkg
32 NUM 8541691
32 FALSE false
33 TRUE true
34 COMMA ,
34 ID J8185DPfANYc
35 NUM 3
35 NUM 90082
35 COMMENT //
36 RELOP >=
37 NUM 970648
37 STRING 
O ltsnn"heTS\l9%
38 COMMENT //
40 COMMENT //
41 RELOP <
41 COMMENT //
42 BREAK break
42 RBRACE }
42 ID Tzb37J26ANsK063gP1t053apj666mycgqhNUC60Zk6bknRQ0Dx0
42 ID A0sIXS0J5ow1My5KB6d3502KieE60n95PXFAU78i8J0u
42 NOT not
43 ID Gp0CPVcvQC18tH1CDqNn5MazV1NKWdm4EyaMYqjo2Qe4aZzj5F4w11dWT32SSkOr1VVqWdRc06W2Qkc
44 NUM 740369022
44 NUM 7910133
44 ID spb3Jli8Ny
45 NUM 3680397396
45 RELOP !=
45 NUM 2
45 BINOP *
46 RELOP <
47 STRING y1	<u!s_/
bp+p	 
48 COMMA ,
48 BINOP -
48 STRING 	1[z
xyo&:
49 NUM 613
50 NUM 0
50 ID q944Ar8A177G2zQ64Mvd377L
50 RELOP !=
50 NUM 1404
51 STRING ="bt82{"vT[N
)
52 RELOP !=
53 BINOP +
54 ID mI42AYjemdEaMSpEflq60794tCBlS2lg5bTvR11Gmr6Fy7MtMTbybSYs436qRF7xku5b7yd3yz
54 ID nprAytVB9cLrPDnXDe607ITG1ypdS5BoYslEVf2QHG4fkNaUG22766tJ0372sOUfVBt16Csf4m9jFWX2Eky191n7d06SbeLs9g
54 NUM 0
54 ID oYYo5J512b3915M6VJ2L2EppKWxtaYeQO6BLnatNZ93nWvHC8sH5E9ShQJcfdS30Fhz57z2Pez
54 STRING 24Gdy 8epX
54 AND and
55 RELOP !=
55 COMMENT //
56 NUM 25006
56 STRING "
57 STRING ut9dN<>zB
	
57 COMMENT //
58 ID fc1KZNXYpO9Fj79y93zan3cE2q
58 BYTE byte
59 RELOP ==
60 VOID void
60 BINOP *
60 NUM 167
60 STRING {3"D"
60 ID cR191K6w7t96Bt25i64d7W4NCB63A0dL0drhfMKB7EC5B08QRI7X29U33bX7bzft3419f136tqTw54SEkqM85ECeS
60 NUM 580535045
60 RELOP >
61 BINOP *
61 LPAREN (
61 STRING 	\)`t,N\q![U

62 NUM 0
62 STRING tf*
62 NUM 52365852
62 BINOP *
63 ID M5927pLeL36c7W127b
63 RELOP >
64 RETURN return
64 BYTE byte
64 BINOP /
64 BINOP /
64 CONTINUE continue
64 RELOP >
64 ID gDLCHs51u4rvO2m6phUQSRq6i9f8e94udnLjJGk9wn6IgpoS745F1WlKG8XW0lnlJ420Snp99
65 BINOP -
65 BINOP /
65 ID D8EDsf3AQ57S6DNHrQ7Sun01093qS66OdFJ44MW7yTYFww1t6Nmsh
65 COMMENT //
66 STRING i<hg]CmY(

N
66 STRING 9
\R|eC>|+
66 COMMENT //
67 BINOP /
67 NUM 858
67 COMMENT //
68 COMMA ,
68 STRING w
69 VOID void
69 STRING =G\wWw`(,^"MZ
70 NUM 90719436298
70 RELOP <=
71 ID U0U3L5et49z22WjT6r0q3W0abSRccMT010K7nA0Y
71 STRING 
72 NUM 8
72 RELOP ==
72 COMMENT //
73 COMMENT //
74 INT int
74 INT int
75 RELOP <=
76 ASSIGN =
77 BINOP *
78 NUM 997
79 ASSIGN =
80 AND and
80 ID mP1zRW1y5h1z2AMyT95Z1LSrU32ye3S788AMz68ZZUCM4ZgU3D4eJ7j7wtjpJPSUSxosgCH4sHiVKTx3XPu7lWcO6gKs2Wm5s9K7n
80 RELOP !=
81 ID V99ntpsabZkVttm4W8Fycdnq0023i207VwEDw2EuYomAl5Ta3Ik5r423XXmnmBU57D
81 COMMENT //
82 COMMENT //
84 ID g244Y88FEd200l2y92P10hPfAF850DYn7N6n11cMmWh65A9H35m8ffmNj5vj8Z91i0zd33zMr81X2s9BWDOjj2Qj7pdHf
84 STRING -do
85 ID u2T58d2lGlm6f4c21zHox7p6NsT391VMplQ9YN83tJ7quJ6hm6n72RKjyfA57y4I1xkXk0k36j9aj
85 NUM 7138
86 INT int
86 NUM 94008
87 COMMENT //
88 NUM 898487
89 RELOP ==
89 ID m15g2H00PDjpRn5Oa00joBlt4KO6sD471gvt
90 RELOP <
90 AND and
90 STRING 	s=/m	H'
Q6W
90 ID WQ55V0KZYfWV8cS1u8n89TUrn18T290UM
90 NUM 7375
90 COMMENT //
92 RBRACE }
92 BINOP +
92 LPAREN (
92 OR or
93 ID yftm68JoyZ6F9H3D9S8Fo9XHdah6y6fkT379zYyzmmG3c77E2V0YfI432oPh16ua7u9h93uhm1PnHm3030jfix8
94 ID VaZ8R1W623plGv5S40cU0xjy3NNRT3
95 RELOP ==
96 RELOP >=
97 BINOP /
98 BYTE byte
98 IF if
98 STRING 
L	
98 NUM 2
98 COMMENT //
99 ID DNRedalcJ
99 ID zlMn
100 NUM 0
101 NUM 192688
101 STRING VZE\4Q4r`	\	& })f,		KL	\W

102 STRING ~2\B\u	\%\.

102 VOID void
103 SC ;
103 NUM 756451072
103 RELOP ==
103 NUM 95787361250
103 ID zsUC6q90M40ANR9Vk0KsEl9SB1VPd2XYe4o3l6b
104 RELOP ==
104 STRING \
105 BINOP *
105 BINOP *
105 ID Kx112cZ2XrVAOI1d50h7b10crh1U207DZ39k9vS010jeOWX3297z8bPB
105 BREAK break
105 RBRACE }
105 NUM 5
105 COMMENT //
107 STRING 
107 BINOP +
108 RELOP !=
108 STRING a(+
109 NUM 454
110 RELOP ==
110 ID NsYO207JaNrhI048
110 ID p68SR1n9RaDE844jU1f76E64Wi2JI2R5Qv1938LM4w2q4e2JTHCIO51KzFr2Khbtqr0PL47W19
110 STRING \y|:@i\
110 BINOP *
110 STRING 
\U!
110 RELOP <=
110 FALSE false
110 ID Q6drVW7n813kiC05W3YmXD8jUb29fxtdx
110 B b
110 BINOP /
110 BINOP *
111 ID ud1p61or6Vj04Aw7Q796nc7FSYVHP686w1VeNADED3Lvq2xg964J7FhYt78I3mHIuOzqtcb2GBvz
112 NUM 201
113 BINOP -
113 RELOP <
114 COMMENT //
116 ID gSSGzO8Te9D1usBtlL301c7QedqHka17Ne254B1A1x2w27EuH6MJ0ZV602UausZN3U4O1w3m7q76jt8Hwy3WoQW9
116 STRING }"
116 ID o6M3T20acCkTh7KX0Vm4wbUL48td0EyR2g10X41mzY209u
117 COMMENT //
118 B b
119 COMMENT //
121 COMMENT //
122 STRING -k?jC!W	n/	q
122 STRING >	
122 BINOP +
123 ID TKK190oEae7hb1r1Q8n58yFLw6ZMAejZIW82PGERKQPy42Cd1IRLTA6v7Zs39
123 BINOP -
124 RELOP <
124 COMMENT //
125 LBRACE {
125 STRING G8wQ:2
/t_dM1t:ERS}DeF	M\7`"E
R	`\3|B	
fE	D\	F	t_	9b?'Nk?v
126 ID oLryd7TmOja51dTkCTF1T37uSJ536roK
126 NUM 32
126 OR or
127 NUM 596
128 BINOP *
128 ID IqLGfxmoL
129 COMMENT //
130 COMMENT //
131 BINOP /
132 LBRACE {
133 BREAK break
134 BINOP /
134 NUM 8928382
134 TRUE true
134 COMMENT //
135 COMMENT //
136 COMMENT //
137 NUM 0
137 BREAK break
137 RELOP ==
137 ID Pbe1npxarkVf5bqpon0xXLyGVANwj7q26Do947217A8zwru8Ac2Vv46bDGG1eyQLN4wx7E2eAyxr7V3m0gV1h5ZjEV5uPFe8YB
137 BINOP *
137 BINOP *
138 NUM 622
139 RELOP ==
139 ID N61WGQ7Yyje07vCr0KuO5zD3B0N4Y8e
139 ID iOYaF38SaS973Z0WALYwaG5P69h6N3
139 STRING HR	$l"[#AV3EvA7	4
140 BINOP /
140 CONTINUE continue
140 NUM 52895
141 BINOP -
141 COMMENT //
143 LBRACE {
143 STRING ]IP`	"?74Y&
143 COMMENT //
144 STRING 

144 ID tXC6zjx7gWk84L5p8GuYK8n25t1
145 RPAREN )
145 RELOP <=
145 STRING 	9m
145 NUM 655559
145 RELOP >
145 VOID void
145 BINOP -
145 STRING \@RN"\ 5|!n"P	g

145 ID gK1prxzJ1A63daWKsG67seDOwlLw8Uws5
145 ID WtGGYh6Z7wT5eWn5UXDA7ozV61f94bz71QiJYh7tyd
146 COMMENT //
147 RELOP !=
147 STRING q	Oo:
148 NUM 0
148 RELOP ==
148 BINOP /
148 BINOP +
148 RELOP <=
148 STRING "!4/`\n
""/B$"N.O"Vka\1
148 COMMENT //
149 NUM 418784844
149 ID Jxm62H3gOBS17U9HBz7r
149 NUM 0
149 BINOP /
149 ID ecvyNcss2GXx79393eYlqk1J534Da
150 BINOP /
150 BINOP +
150 BINOP -
151 NUM 425961
151 STRING PST	b'w	"+
152 BINOP /
153 STRING "]rl
153 BYTE byte
154 NUM 39
154 ID olMXU8zZvGozxP5KbH7Tku53DViAOGDcD8G9WTeRWEn5v7fwa89aWGeBNhoOnJJYExYpG5Tb71dY86wY930NUG3Xn
155 COMMENT //
157 NUM 74461894144
157 ID pVyVF08V6auwNDy2jsagK1SpcLOuC3mD32j435oh0Kf5MsCBK4SHhN3KhqKvx4oeow856zK6PAb97TG1XJM5uc7f9bKOM70
157 STRING 9#3
157 NUM 33097611
158 BINOP /
158 STRING YPa
158 COMMENT //
159 COMMENT //
160 ID C4IkVGXJzYbxz6Z8e204L35XOT7ehh236mX9I
161 RELOP !=
162 NUM 77392450640
162 COMMENT //
163 ID RBDzktKz4lt2AZYz769v18A89gmYF9H2S287AD2mK42TQ447NKIk2aOY5cmY10nGvw9dR9j7T69uLQZu
163 VOID void
164 RPAREN )
165 BINOP +
166 BINOP /
166 BINOP *
167 BINOP -
167 BYTE byte
167 ID E7PLdJVPcI0DzN253r3A08nF9mMjzmbbK4Yn9ier96QWCCPn3f95vhs2YjZMp9nfbffzgOW7174I3rTAakfR1Tj6Be8
168 ID i32Pm8cchfSraXVV45kR65VM0Rs29Yir7xe3XeuhZhU9dwu59RZxUmXS1U4hJ2635
168 STRING z	
169 COMMENT //
170 BINOP /
171 RELOP <=
171 ID tP21FOIkKl1E8T8p19p26md3O3I1bIQd603eOO2Yp3hy05VwAoQj0pWZQ5kHuf9VdO4w0Z8a9a1W86
171 BINOP *
172 RBRACE }
172 RELOP >=
172 COMMENT //
173 LPAREN (
173 BINOP /
173 FALSE false
173 ID Ft7086KYasd9WiW
174 COMMENT //
175 ID EqXMj5hrn400lz7Cw4oy64GE841XY1yLMbAGSS55LG0D3h2FZR0sfO4Mj3TufkGgMC48J3WHt0oRJpsWXV14C5YHIZr8QKfy3
175 NUM 2373
175 NUM 199
175 ID DKkC0W3l
175 BINOP -
176 ELSE else
177 WHILE while
177 STRING -"G&&=W-
177 BINOP /
177 ID R590oZtrTffycfNovDnw1nH6WUV0j5efE0mSTBbVfra6zlqZ57nq0L
178 RETURN return
178 ID VGN67T5r6qVFp4hx2nL8rg0TK8FITE4k0J27bA9QMPm17I39jwI7vvfR5
178 COMMENT //
180 OR or
180 RELOP !=
181 LBRACE {
182 NUM 13953
182 COMMENT //
184 COMMENT //
185 NUM 5
185 BINOP -
186 BINOP /
186 BINOP *
187 RELOP >=
187 STRING 
188 NUM 983
188 STRING `"tu
"Lc\&
\l\
188 BINOP *
189 ID Z0xM2pO5tTvu47w92LLjTd0M2x8ko6zwwfuJ63PAk3Zu4CNK8WsFZ60jBU258vN8z5OM4bxCz6l5MvpJ
189 NUM 3
189 BINOP *
190 COMMENT //
191 NUM 23374771
192 BINOP /
193 ID kiQDyAK5V9G5c8KNTUOlY3a30Chfb3rFng9TjHky9TU0CCu
193 ID t86ybBcIp0T051CIfgzVbyeJ9dc1z4Z
194 ID kpLwvJ311hZsyH4D4BQ2pPsl8N4C2NEv0kcI2aH0Rduhte
194 BINOP +
194 ID BG89fggVik2QXcAZd5jNL2
195 COMMENT //
196 STRING ;[p
Fd|7
196 COMMENT //
197 RELOP !=
197 COMMENT //
198 COMMENT //
199 CONTINUE continue
199 NUM 468985487
199 NUM 78682143
199 BINOP +
199 NUM 5
199 NUM 656113017
200 ID YNRYTB3
201 COMMENT //
203 BINOP *
203 RELOP >=
204 ID iBz2WZ
205 COMMENT //
206 RELOP <=
206 RELOP >
206 RELOP <
206 NUM 305428
206 B b
206 COMMENT //
208 ID MrCu9rk306YADY1vwWKLvv03NxhSP5qxP638z2b7oB2vyyogwG0J6pMeA7OIu3d1ojwnG0iE
208 NUM 3
208 ID g0cj38DxRsrjn5nDwMmfpX22jgg1Bt27718io2Fa4PPmNe6
208 BINOP /
209 STRING .|^
|"e8\
210 NUM 53363
210 ID k5VtA517vvUFl2V6DM2M38NNeGKom2W7492j81kkv70LvBWMw32jvmlp0O5soeHx89SQNO92rAQTzxqnp5
210 NUM 903869206
210 ID TLemS61K01sZiLUVsTx3AAkga3edEEB0L2FpeU26V7JJQ5JfV487Nzjg83F
210 ID wCAhEJr9nZ4fXY3q2viTAdIp4Omif1G51FKYN9k2DznaZ7W79zyU0ENA9p548s7g9
210 COMMENT //
212 VOID void
212 BINOP -
212 STRING N{"*	" 2\"wA9M

213 ASSIGN =
214 RELOP <
214 STRING #"V8\I}"ht
\,]		\
Yp

215 RELOP !=
215 BINOP -
216 STRING ?Gk	,
216 ID eh75tNIkqsTwfd7bE1iX6r5PAAVwLuQQ5FLxs6gm8kbED1C51jOSUfPXpCmCda18i0WJiNQF88jv0569MnMKRB79BnwJAr1
216 RELOP <=
217 NUM 0
218 BINOP /
218 STRING 4k[	_s|	\s0
218 ID HO1l42fv1KB0rwK8289TBdN6Fv939p5IjS7g93c80G60533QdnA2UwrQmv9irVW79zof8Gm1p9I7S3BWRqS4YfE5gWt9GCqn341E5
218 VOID void
219 STRING \RWM\\
219 BINOP *
219 ID QCYfinat5JbjXe34DG7dj4Ty4580X
219 ID rVapPe3NEVb4pCRD0Qn728h20y8D97eAPbey5rQJx0K
220 LBRACE {
220 NUM 644
220 STRING dD{
	Q"f \b	O;"
221 ID J22mSuDa2oYXVRoDaqDLOHqzm6T5QQb07bDpP0
221 ID onO6908738g28nKk06qrZw7GKMyNe18C5M3FI0j615K30l4PVE
221 ID ufz14pnyFNNWj2
222 NUM 74530768420
222 BINOP +
223 BINOP *
224 ID NrkFXA4jxr46r0589U8S4HC
224 WHILE while
225 NUM 3721694224
225 NUM 916864
225 ASSIGN =
225 BINOP -
225 COMMENT //
226 COMMENT //
227 STRING -a\	\c7
?A	]>l	F
228 ID wpC8314A1mdmGl034ULq06uyp36rYa88ZOqeAycQV2Cr8RKU
228 COMMENT //
229 STRING J"y>$	|Px	^
,N5p	h2=h8bA\M	7Ih
230 BINOP /
230 RELOP <
230 NUM 656639809
231 RELOP ==
231 RELOP >=
231 LPAREN (
231 RPAREN )
231 STRING &MZT"			POot
"$f"|+
231 CONTINUE continue
231 RELOP <
231 NUM 2892026
231 NUM 5
231 NUM 234767365
231 STRING 
,E
231 STRING G
$+Q	q!\	#"u:1
232 RELOP <=
232 RELOP <
232 RELOP <=
232 BINOP /
233 ID M81uxXXJoUIQ87Nf95bWJ1h94K4obFPs7zcaWf5LY0D78IQW1DfxH0f0O78r64j58fREBXd6HCIA4C07nw3
234 STRING 




234 ID ran0HQAP352M52IcAuNm0719IbVKjIk4oM13elNahvN4A940EC1xwi9281pZooLv8r3fE7I
234 NUM 21500
235 RELOP ==
235 STRING O 
Ir4V"h
236 RELOP ==
236 NUM 0
236 COMMENT //
238 NUM 1379465
238 ID L7zVxw60xRa91K7kt1
238 BINOP *
239 STRING }V3H\
239 RELOP >
239 BINOP *
239 STRING 4
240 COMMENT //
242 ID F3d67
242 RELOP >=
243 STRING c,
ZJf"n#CwZ	
243 ID D
244 ID ir73dF2p6Un0R95TI4a6kV9T
244 BINOP *
244 COMMENT //
246 BINOP *
246 B b
246 NUM 526
246 WHILE while
246 STRING %
247 COMMENT //
248 BINOP -
248 COMMENT //
250 BINOP *
250 RELOP >
251 NUM 6
251 STRING =Q@e	?h
O8n2\$_
252 NUM 157514566
252 NUM 3835396654
252 COMMENT //
253 IF if
254 COMMENT //
255 ID iP1D8F8Lwz2Kosm85g6sraZ86O0U6n83p9lC2qqxot99ZqdDXY0DXTQH7x2
256 ID CS09N2MiyhkV3jJ1Qr9yj6O66MlVdsbyKI4Wex18ir8V00j1P9V9nUev4y8f3pwfubWWgGb3KP9N2x6
257 VOID void
257 COMMENT //
258 NUM 6223
259 STRING s?vQHs\E
260 RELOP >
260 NUM 47
261 BINOP /
261 ID vxo
262 STRING %S\&zWX"
262 NUM 94958774
263 STRING 1
263 BINOP /
263 NUM 85
264 ID PgWIzVu59N8hI4QvWlH00a1f7DgTZTraTDIym629eER
264 STRING \|U
\p&
264 BINOP *
264 ID V6
264 STRING 	\Q -_
R
264 COMMENT //
266 BINOP +
266 STRING sxi
266 COMMENT //
268 STRING _N
269 NUM 11773591
270 SC ;
270 RELOP >
271 STRING \x2
272 CONTINUE continue
272 BREAK break
272 BREAK break
273 STRING 6=&
273 BINOP -
273 BINOP -
273 RELOP !=
273 BINOP -
274 STRING Rh0\
274 STRING "_;;n(%	
275 STRING F-	"<u
276 COMMENT //
277 RELOP ==
278 BINOP *
279 STRING 
279 BINOP *
279 NUM 545832728
280 AND and
281 COMMENT //
282 COMMENT //
284 BINOP -
284 BINOP -
285 RELOP <=
286 RELOP <
286 COMMENT //
287 BINOP +
287 BINOP /
288 VOID void
288 ID MH631t12WOfdJrwD
289 RELOP !=
290 COMMENT //
291 STRING "\WV	xm#v
292 NUM 97653497806
292 COMMENT //
293 ID IF08t8P8szD3A4dPtJt2i44tFWmRpIM7OasViXo8r5BCAKUgEe0Fmx1wxldAHP5EkrQ3zUWVCwizA
294 ID rG577fO8agRYfA8INhr8iaHPD
294 RELOP >
294 ID gwnK33XuT7yRFu4NcYyuDlCdjug6mz14
294 NOT not
294 RBRACE }
294 STRING 	0""k2N4W\"'"YB8_
Zi\v$Q	;"\r
295 NUM 66
295 RELOP !=
295 STRING 	
296 BINOP *
296 ID qc415PkD560A4jcwMn8G0H8vCmncJ56HFD9XYJLwcU8T52S931D4n793LqThvYw4C06RX5rRW4PErW4nL9YJ6YNTm5uXuR9412b
296 BINOP *
296 STRING \u	}>Z#m9H#thl""a'u\"	p"%j\Jb9/pqK
296 STRING |o\
vy>x^A"61
297 COMMENT //
299 BINOP /
300 COMMENT //
302 BOOL bool
303 COMMENT //
304 COMMENT //
305 RELOP >=
305 RBRACE }
305 STRING 
305 NUM 19717485517
305 STRING k0}"!YR(~"
305 BINOP +
306 FALSE false
307 BINOP *
307 COMMA ,
307 NUM 902
307 COMMENT //
308 NUM 978308
309 ID SLdyhr2fo7o4Xy99iZ34fc02vHs6qc4E4g78lD51sd77M68QIjzAxKh92x6x
309 ID KT739Xtngy0zoc39jFXqkT2ehv44m4M180spFrODdF8t4MxyIx31QZ5
310 COMMENT //
311 ID IgBAGdJ5
312 COMMENT //
314 ID ktF
314 STRING )\.c	7rV8	D
314 COMMENT //
316 RELOP ==
316 STRING ,@"
\
316 STRING dMUiQ}R)!'=0
CBns^3rV
qU<h~	
s$
E[ar""'a1N
*
316 COMMENT //
317 ID cLhW2TCM0v9h756WeRb6Z6zUd8SDIgA4n79s7773F8q7r8g5nh6v971dM66GG9H0jYPo2Wd5v31U4RdGyM49P57dN4
318 NUM 41615875
318 BINOP /
318 NUM 4
318 ID BrDEGsjXM7b9561Q77lvaZmwui42Dkst4uZYAh58WzqAIXp7uyQ80Lo65x2084wJMz77A
318 STRING s
318 COMMENT //
319 BINOP *
319 COMMENT //
321 BINOP /
321 NOT not
322 COMMENT //
323 COMMENT //
325 RELOP >
326 ID V028JYd3R7VScoy2N32PEJgv4wjxzklJ4dp1LUp9767IgtpI58V16F71d5tQ19p3O532X2db0dfY70J8emQvE80A76ft
326 VOID void
327 BINOP -
327 STRING |No\3s

	sVs
327 RETURN return
327 RELOP >
327 NUM 96119092
327 STRING u\'8Qn
328 ID r2Tt7O1219jN7EgUFZT7HGFy8W4s6I4CB5rpCBEq24tVR60l
328 BINOP *
328 BYTE byte
328 COMMENT //
329 RELOP !=
329 ID nhX627VI3h3QtX04QhV16AvZX13cx6fQJQx8du8tW2PLm2yQx0WIh8QyU8EJS29W07a4LlKA23P415igWWUlLxQmt
330 NUM 1552814
330 BINOP *
330 ID Ez8XR
331 ID Twm00B0aP7ddIy9tr8dfa0VKn5FmApx6tJT5e1qyH5A4Qxk82P5h
331 RELOP ==
331 RELOP <=
331 NUM 69035
331 RELOP !=
331 ID E388NHICa76X8qCXGEKDW5wb1zJOl6033m0ZA595SpVDLu943EQZRS0VoPh4zzm1WYILJ37zUeEp56P
332 STRING 
,@>A"T
333 INT int
334 BINOP *
334 ID P4OEjFacx56083s13I5Q56kgsU0Jo42Tn6TrED7p93EA6XM9AQQP3hoCS6E2i6uePga463IwV35j8YBnU448nCCq2XC3kND3U
334 ID Yy4QM7OGEAposoAoeT7c6VY8aV8j22YTABWLwR1RiGy0Io38005Gp2hz5UFgY6Z7
335 LPAREN (
335 WHILE while
335 BINOP -
336 SC ;
336 BINOP /
336 ID g2XHp3sG2
337 ID es8UP976A2R7T0i2ZB72sCwV6WRpdzQL0lLa82WO0Ln95Fif98CW
337 BINOP /
337 NUM 2476
337 STRING xzyB'
337 ID F72h1y039eZYQy3tO2s3o2vgh4C3J
337 ID r9YO74kE2YXWUEz15Fb7y5yBCNd6J71zmX4VM6fAXC1G9w
337 COMMENT //
338 RELOP >
339 COMMENT //
341 WHILE while
341 BINOP *
341 LBRACE {
341 BINOP /
341 BINOP +
341 RELOP ==
341 BYTE byte
342 STRING 
342 BINOP +
342 BINOP +
343 NUM 76729085544
344 STRING \>tt
344 RELOP <
345 COMMENT //
346 AND and
347 RELOP >=
347 BINOP +
348 RELOP ==
348 ID rhQZR3v24fOK42o4RZ9fEz5E2lP0rlzk3Uu5iP
348 NUM 65575
348 RPAREN )
348 STRING dJ,"o
Y""	K

^\A(\w~	`D^`_9*[Bhr
349 STRING kl:Q4[\Y12^
		
\L"v
	kV
349 RELOP ==
349 COMMENT //
350 ID d9gK6Rf3OS8W2cy3OtR0T5z1D2lfHBBft94r0Ugk1y4B9XKPyn7X0vS70cnX41n6wmF655IinWx
350 COMMENT //
351 ID d8qK2j2bnjZ92nOEjPoeXv8eJf6u1F
352 NUM 89770995
353 BINOP +
353 RELOP ==
353 BOOL bool
353 STRING r99"W"emudm(nE@"Y\
353 BINOP *
353 STRING 

353 RELOP >=
353 RELOP <=
354 RELOP <
355 RELOP <
355 AND and
355 RELOP <
355 STRING ,:
355 STRING n+h

\Z"\
355 ID s22NNEWmJ5jELiq
356 COMMENT //
357 VOID void
357 COMMENT //
358 STRING .r?
359 TRUE true
360 RELOP <
360 STRING VSGD\\/MnLu

l
@ZS0"8D
3
361 RELOP <
361 LPAREN (
361 COMMENT //
362 COMMENT //
364 RELOP ==
364 ID lLJarGyj0j8GxnW0F1a4Behw7rmykAiV0P1SGe8Ximxh8jH5Xv9jUK14hRp7
364 BINOP *
364 STRING bCxGef"9"_\

365 RELOP <
365 STRING \	
{I	z:
365 COMMENT //
366 ID m81rSj9EYKg1vzB5bR1bO47KPcj534FHpppF
367 BINOP +
368 STRING q
fm\LL
368 NUM 354
369 NUM 76589026
370 ELSE else
371 COMMENT //
372 ID UZ6eg5osZ1vpcx4N25shpPK6NL65sWtl2BcpnR0015e751v4kiev1JJIR51d6kB7LprHDP
372 BINOP -
372 COMMENT //
374 ID trRHeW5IN8n5I6qROAv5Q13fW9
374 STRING %"%"f$\
374 COMMENT //
375 RELOP >
375 COMMENT //
377 ID E6SUd0q7xtM9z4irZUBF0S1B4z3O2Gg9MhC3kHrOj994MNGuTw4knjo3aph4w391F1pvyw8krDrbu
378 RPAREN )
379 ID f9724tItb2ZRlM82ogfjXffzG7JlID7ALO
379 STRING \\%
379 NUM 86371
379 RELOP >=
380 ELSE else
380 NUM 59
380 NUM 5
381 RELOP <
382 ID sy0Ad03QR0v1u1squ44dK0bZUSyiUH46yC19
382 NUM 544598170
382 NUM 5012501
382 STRING Uk2f#\\Qy7
382 ID eC937230E0
382 NUM 2006
382 RELOP <=
382 RPAREN )
382 STRING \V"uAh"\`
		s`l[+"
	9nI\=##S5>
AXWtVk:ZM_
382 COMMENT //
384 STRING ?\\\hi `0V\W:b_		
384 COMMENT //
385 ID kb5gK7L8QZCJTk2rMjSlu899VNe49E78qo7fWv4a1KN48kYd2ndY8L198F8ZFl6cHqBEiZg
385 STRING uh<)
txIU"R
385 BINOP -
386 RELOP >
387 COMMENT //
388 ID kfE5rbz0owMGLtB2BhqBn03i0972lXNA6tu6YDF
388 FALSE false
389 RELOP <
390 STRING 	\8
391 NUM 511552785
391 STRING m@4/o>"66/\	\#		
391 STRING 6Y
392 BINOP *
392 STRING 
393 NUM 30082
394 COMMENT //
396 BINOP +
396 NUM 65855351
397 IF if
397 STRING O"GDXaQo$
398 NUM 923
399 VOID void
399 NUM 32542020
400 ID o93b6O3ypQ4fYW1173pDSxbyg5zNMhC4uHZ9c78vc54zQ65Cj6Qx86Dg5wRidP2AlVdAg4EGYmOmauM7Gt3c5O4M6PK
400 COMMENT //
402 NUM 0
403 WHILE while
403 COMMENT //
404 BINOP +
405 NUM 3527106
406 RELOP !=
407 COMMENT //
408 BINOP +
409 ID U32ATiQyRv9vu2mwlcTVO8S4VEIdua3QCjPgifnjDP647qhf8D83U5
409 COMMENT //
411 COMMENT //
412 STRING 
413 RELOP >=
413 ID A61Cg6391Y30U69jp739U8phv63ik
414 ID mMvGl681vkNs0H2Fn04T8OOfNRNnRE0e4qeLM4KQP95Nspc1MQ3ucGYoq6n6u3m9ea4zC8j6MHP9RdCfLcqHiM13L4RMRXQ489
415 COMMENT //
416 ID Yaa79EIg6Bg8E4JH0eD5P3
417 STRING ""Em
417 RELOP !=
417 SC ;
417 COMMENT //
418 STRING 	)\
,
419 ID WHbpGitg19kD07C07B28V69kQ0M15cM8mVnTpPts2Z9fN4Uc96Xuhy
419 ID U6Mw6n38yBu51W6JpXHTGvJ6H06O3Xk98a
419 COMMENT //
420 COMMENT //
421 RELOP >
421 RELOP <
421 NUM 0
421 RELOP >
422 NUM 20572
422 NUM 0
422 INT int
423 ID E2cP5X95KMuzAEbIo9r76BogUSlR03NGxIj1yjT772035p87V1uOT3Z8X9pZCtxpAN09516
423 BINOP +
424 COMMENT //
425 RELOP >=
426 BINOP +
427 BINOP +
428 NUM 61426
428 ID Whl7rd1Q9CxaIDl4
428 NUM 5279976
428 COMMENT //
429 RELOP ==
429 STRING 2\	)U_
430 BINOP +
431 NUM 7359950
431 ID U8XJ180Z1J5G3VzX7O39Pn22hxI0C8d3xjI8p3JSbNS293SxZLIWkCv49EMSH7N328i83SflY2A5Y9Dv935noo92H85g4Er
432 STRING .+O"A#
432 STRING 79R"	
432 RELOP ==
432 AND and
432 BINOP /
433 ID dE8FzzQFvGMG0l6SKXzFT5zyd8Pgnom8pf4maDj
434 ID L5L0P27N61WdmA7iY8CPH5OZ8Kq6
435 BINOP +
436 NUM 65
437 NUM 566517138
437 NUM 8957664
438 STRING }
438 NUM 2164
438 BINOP -
438 COMMENT //
439 BINOP /
439 RELOP <
439 RELOP ==
439 BOOL bool
439 NUM 26
440 COMMENT //
442 COMMENT //
444 BINOP -
445 COMMENT //
446 NUM 39997
446 NUM 970
447 RPAREN )
448 COMMENT //
449 ID DE70s9Id
449 RELOP !=
449 WHILE while
450 NUM 177673
450 STRING \7y+
 ^	Api)!L\#G"C	@
450 CONTINUE continue
450 COMMENT //
452 RELOP ==
453 ID H3Z56E9b1Etpi4to11186A5tSFMHRjNd8OxkS65s
453 ID GlgT0yIn94qQChk5B7gV2HqWgSwplod81x83C4Y81V5lm42aFur3w9qpPDJxnR1s9bm1CgXgq3Rk1
453 RELOP >=
454 ID gJWaTeT7Fi5e3o4ChYa3cCxO
455 ID v014NwdY9Mk6c3GS94Xb0f37q230ux7Oe7Qk2o9Z2dEmt2DL8K3n49J31oTYY7JXKg
455 BINOP -
456 STRING R"BR
!HiY*
#\}"9p""\
J
456 STRING ;6PoqS
456 BYTE byte
456 RELOP <
456 STRING oH	
{	x=r"wD&
"bBdK
457 LBRACE {
458 BINOP -
459 COMMENT //
460 ID g8H5R970g17Avi84SXh77Sgn98I3KCtxC3Lq6vp29z0yV3Y555R040KpB588jL557SZw66BqWeTKGl6gO1lF7k
461 ID i7V2m
462 NUM 820706
462 ID NJ0O0L2IIIXHgtWt85CMGRnppphdyS6YcgJ9XQ519W0qS55S1Q01qClI886K70U
463 ID B0Mi1bwN7C0d3SvEpCC44k0hKDUpI1608HhLghMR78CT
463 NUM 325605
463 RELOP >
464 RELOP >=
464 STRING 7K>D[@7 %	
464 STRING C>v=71-8[&Y
1~btE	"
464 ID Ub03r2VD6B631UT8IzZnl3Erpves08I5hk11pyzRJr06wVSZ4AL64uZQi8m513abNKst5E2JZ14MVGybqZ7WCv9
464 COMMENT //
466 BINOP -
466 ID iaFbNPqd2N8e53660FMPA942gS8eWs71jEcy75JhunTV01mg7c4772l979WMNf3LS2HD
466 ID f0RC8U0P74g2uu0KPfdiJr5B7nGwj5B0zsyGf726C490bQYyGjg9E7t3nQSZk7FN2W9qE4jtHfJb85v
466 STRING &
466 B b
466 ID pu2hb6E42R72rQDrQHsj7oc2urV4QXiIhTVKjvW2ZZH7918nvUD9e6Ar07895RgR05W
467 STRING V$\	`?\,$b		H"w
467 ID H77iQ8QlrqUUcZCJqtZ7hVi4rx2FtIQ9Pmg429MIawP286w7ai9WnXAL17vkX72G0iJ3
467 STRING "2xV
467 BINOP -
467 RELOP >=
467 RELOP >=
467 COMMENT //
468 STRING H7"J
469 ID Ov1AY60AV118cTMfj9E838iS2Znz51v8230W8hUK0dtAL072ZcaxZ0K2Xb90K
470 ID OcE6D03L29f1ziuGjVOCKjw0eRwE9Cv5cw6SHA64FBdVQ0bCArDV22H9Hpuyp8fHtk2SH8s06ub5JmioKx9dshx41uRr
471 STRING 	p]\	"q	\3AmE\5
471 BREAK break
472 BINOP +
473 BOOL bool
473 ID DT6I60n4XGQs67V0LNvlogA5ip1mH80mfZe9lg722ATw2pp7k0XWtEpTrLu1qTHK874uQ65iij3A4JHBESPDH0
473 BINOP +
474 BINOP /
475 NUM 25190843
476 COMMENT //
477 NUM 27133770653
477 RELOP !=
478 STRING 	~n?MT%
479 CONTINUE continue
479 BINOP *
479 BYTE byte
480 NUM 9823
480 ID sDXrdv228I2EG583t019Nabw2dSIlI2oDIicMut6F8X195iotd46Sem7uP1Y2X52sy2Bdu2Q6bZzwhN0hvHx5V4zABz1d
480 BINOP /
480 BINOP -
480 LPAREN (
480 ID z24c11eb14Oljm197jAFR239lJov4b8DORU1jf9YVh2rY2xI9UgKuBEn7531VaVO6e
480 RELOP <=
480 INT int
480 BINOP *
480 STRING E
481 BINOP -
482 RELOP <=
482 COMMENT //
484 ID R0lU60TneHzF3rx6p6SmN04l19eXg62iB3RHqzXjF7hpWkx79
485 RELOP ==
486 STRING \H"'=Zi}/
n]gX
486 BREAK break
486 RELOP !=
486 RPAREN )
487 NUM 129657
487 ASSIGN =
487 COMMENT //
488 BINOP *
488 ID rC3W9AKgta7kWGr4u32gN608z2yk
488 RELOP <=
488 STRING \\"\=\.om5o"v\"Af
	C[	3~	WZ$\=
488 NUM 8770642595
