1 NUM 9510901
2 RBRACE }
3 ID uRsn0wM3ioCaoc5ud53iR
3 RELOP ==
4 RELOP !=
4 OR or
4 ID vWU9tQvgTnv7hdgW53kT74amBx1vPxP176dDdTkPL71bA
5 NUM 257486
6 B b
7 ID m6CkK7N95Wfpd4Utm33zEs953vq27mREV0dkUVYzCZ2IYP56k7OE1Dv54
7 RELOP ==
7 BINOP -
8 NUM 460
8 STRING 
9 ID jwF0iyCGbN4ib1TNw9EC3sU62YL1v728605qtuSzuiH6q80Bf941z37f55306yzWdv49lI
9 RELOP <
9 RELOP ==
10 STRING r#5
n1n	ulE\wW\\"ZU
5P
3{9'19
10 RELOP >
10 STRING "
I	
10 NUM 84777127076
10 COMMENT //
11 ID P769157bFM9k5
11 BINOP /
12 NUM 929173685
13 COMMENT //
15 RELOP <=
15 STRING i!
15 ID MYi29vSrr63D5GRmH4yB60e3241G73ziD060R2Q18knHUnK717zQpN5w11vW3d47jPs0kxO97L8HXp9J6BT7TzP7
16 COMMA ,
16 COMMENT //
18 LBRACE {
19 AND and
19 ID TDsor2B3d0B5Jfpm0Co864waIOce7N1P9nSCi7563QZ4ok9RcxV103D1k8b1if01g128t3djS9z5
19 STRING ^3M"zF
n{	
2
20 ID uX2hz7imb7gmQN94Avxjd6HbNT7bbLxXHV
21 COMMENT //
22 RELOP ==
22 STRING s5-\"r'
23 OR or
23 RELOP !=
23 RELOP <=
23 BINOP -
24 SC ;
25 BINOP *
26 COMMENT //
27 COMMENT //
29 ID foDx4gGOg9LI09P66vBDIqx6Rk179hSQ1S4nx99t79b8wzCJ3CUrh56m2660HegsHp9QM5Ck
30 NUM 7547446909
30 NUM 17170
30 STRING 	
31 NUM 63
31 OR or
31 COMMENT //
33 COMMENT //
34 COMMENT //
35 BINOP /
35 RELOP ==
36 RELOP <
37 BINOP *
37 BINOP +
37 BINOP -
38 BINOP +
38 COMMENT //
40 TRUE true
40 NUM 157455
41 BINOP *
41 ID a3q0KWPlQ79M3e0gOY14fy73vgdH5w7HX
42 RBRACE }
42 NUM 0
42 BINOP /
42 NUM 88
43 COMMENT //
44 BINOP -
44 ID YWylJ35M2iJ57v9U643HJcIngbhM8fxU894WF3zHFN59cF36QQlsmuoA4Ezk1khf06ljnxdVzsFhr2xDJYBqqsK63rkAb8XT
44 NUM 6041
45 NUM 0
45 ID KKF9vSxD223sIii7k13PAwNV
45 ID Ej7gEeI6v6yQH3MNtj3S05lW1ILCen68OpMDuR2Q68ZYO41DQi
46 OR or
46 ID aWZnU58n4NKZ
46 COMMENT //
47 COMMENT //
49 STRING 
7
49 RELOP >
49 COMMENT //
51 STRING xXVM%M	
51 BINOP *
52 NUM 1707472990
52 BINOP -
52 OR or
52 STRING IfE\4$
n7
.
V>CW"X
52 ASSIGN =
52 NUM 1426
52 NUM 2947
53 NUM 4
53 NUM 244960907
53 ID hGNVTQfD3H73o6aF22OfQln3tw1XWB3UPvzQwT33dRys01AVu2ry89i58yz41fXsXb
54 ID aU73oJJ2t9fqHCE4pm3alTfDY4erXqyUtRpuFhsNWgPA47wGh26D90i0cHi2yB3Hqvi05uYtPQiO4hM9es0x
54 RELOP >=
54 BINOP *
54 BINOP *
54 COMMENT //
55 WHILE while
55 RELOP <
56 NUM 7119464
56 NUM 10710
56 WHILE while
56 RELOP >
57 RELOP <=
58 BINOP *
58 BINOP *
58 BINOP /
58 BINOP *
58 RELOP <
58 STRING "
58 STRING A*H'"2b$
59 RELOP >
59 RELOP >
60 CONTINUE continue
60 NUM 3322635
61 RELOP !=
61 ID X3S5V2J2A13V8Z4MZU3c08EXJ0x17JN84g1XN7v
61 BINOP +
61 NUM 0
61 BREAK break
61 RELOP <
61 STRING [j
,FL"6QP	
|9sVdx;3~)
62 COMMENT //
63 VOID void
63 ID P5QEMd1Ae5jCPRN296Og63978Qn3FfcG5SQAeX77tlLh56t93hi2Nx44S8O8Bf1k068qlepnMNn6nhkUCd4b1R94tDdT
63 BINOP /
64 RELOP >=
64 BINOP +
65 RELOP !=
65 BINOP +
66 STRING 
66 OR or
66 BINOP /
67 NUM 7919219
67 RELOP >
68 RELOP !=
69 RELOP >
69 CONTINUE continue
69 NUM 9729
69 NUM 76390514
70 BINOP /
70 STRING 
&'\
gV
m	>0\"og"F"VW3V`:jv/\"\*"	"V
70 COMMENT //
71 BINOP -
71 COMMENT //
73 BINOP +
74 ID J09
74 BINOP -
74 NUM 57
74 ID ptB9zw5Clp4w69GrGFsCM45s46rOkd0j48X47
75 BINOP -
75 RELOP <
75 COMMENT //
77 STRING b
77 BOOL bool
77 ID E6lqr8T25NRN1c6M2UTIuLIZUNq75qId3yljjBge9sa9aW7g3EBl7dXcR1VUV6lvGdJD0Xa8Rl36F2uJT3QUnE2A2Y
77 BINOP /
78 NUM 78
78 ID RtyE7HM69H0Y6b7YB2YiEzrT09W1IBZ11r6XPsah01a33Q9aEv4gV9XtsC7lVjj2P0eFNvNQV8k5FF4f
79 COMMENT //
81 ID KaGoxg1Gpqhks4fd283TSmV0608OEh04eBUyfH88J9h3LDdvqSV9Hr3aWX8Q6UFoI1ei9FasTCEQRmXu06T5F5h2cv1TYL
81 BYTE byte
81 RELOP !=
82 RELOP <=
83 RELOP >=
83 RELOP !=
83 STRING f
84 NUM 88
85 NUM 1984041699
85 SC ;
85 ID q88GlUz04o9957
85 COMMENT //
86 STRING 50g	P"a3H09/>n0	-8DL	
	Y!%+8
86 BREAK break
87 STRING ]\Dz
u[tZF'rZ
s	eD-hN">:#E"
87 COMMENT //
88 STRING %yaJ0
89 BINOP +
89 COMMENT //
91 RELOP <=
92 STRING 	qO76\,#	"6
92 ID qSJ234kz9eE52a1vq79hXce84QS939W4A97xV0kr4I643QbuESd4mw1k9VMOo
92 OR or
92 STRING I5NM8|'F
92 NUM 6379054
93 STRING L;\
qYU\;

94 NUM 502799259
94 STRING sUJ/\y\\
ghc2l\\E\M9"j68^.pn'"K\&~q"
94 BINOP /
95 RELOP <
95 ID r720Dpx4J4Vj85oFV9i41i4VUACdgQuZNgdKAc39sF5DKs5C5cdq
95 BINOP +
96 NUM 934
97 ID DDFDFETa49UTb8XWEQhGll6e45M3Oc0cPFx25RJj5J1tr1DXmx6KWIfd9
97 NUM 74182
97 ID H1M54Rl1864
97 STRING 
97 STRING 	
(Xx1H6d
97 STRING -MfF:%ge\\\J	\5	\NAe\|
97 COMMA ,
97 ID Wsv01V
98 BINOP +
98 COMMENT //
99 BINOP +
99 BINOP +
99 COMMENT //
100 ID K5J81
101 IF if
101 BINOP -
102 RELOP >=
102 STRING 7C\%\K
)rU\\|6
102 ID zcJ3Fz43N41rIT31izfi0fVc988P480bic6WwzQ9O3IxK56oYau2SA79SZVAfCZG904FK641kn46DjdO0rP
102 NUM 3559130
102 RELOP >=
102 RELOP <=
102 BINOP -
103 RELOP ==
103 RELOP <
103 NUM 47865858
103 ID L5N4WmyWf5zK0h1PYebyXkax5a3B
103 LPAREN (
103 RETURN return
104 ID V6thHg0TS6J0HPFI4Fcu
104 BINOP -
104 NUM 47539386677
105 TRUE true
106 STRING g"XO^
106 BINOP +
107 BINOP *
108 CONTINUE continue
108 LPAREN (
109 RELOP <=
110 RELOP >=
111 COMMENT //
112 RELOP ==
112 STRING BEHA"F^"
kE+
113 BINOP *
113 ID Z5O4H5ezrCKH16wk5zLkK7WkMe04JvAyG0QOL4446VyI7OV7EkEyE2eZr0sivd9K
113 RELOP >
113 STRING \	W#sx^=|!	
114 RELOP ==
114 ELSE else
115 RELOP <=
115 NUM 3432023
115 NUM 237
115 COMMENT //
116 ID NP6RL657gBXKz5wDRHple6B0QqT7ok53NXiECaB8iEY5o82Ft1u3n695H8Nshe8GJr2dwr4
117 ID hD54qpXh5pi9CBmH545I9lU0mgc9AY09ss2tQ3x1q257E9wNL7XvHOk781a5b6bu2j1366r6TJq0e50yGku3uOQ8NoB
117 B b
117 STRING 
RK	o@\.U	t\DO	\*R

*
LqyY&'Me
117 STRING 
	=lil	1
118 ID X2l6z4FDGKn9wFlD05WfB2d0RekVpJ87QR2BZTIFi18sl8FIGeNR5nl35hWpNS
119 STRING 1(
e"HRH:>;8T?!
7	
119 BINOP -
119 RELOP >=
119 NUM 715798
120 BINOP -
120 NUM 814055
120 VOID void
120 BINOP *
121 RBRACE }
121 ID kNk6R3g3s4NsX0fBHWh7huhteMbvx60dZGkSeODHuAI7VWyu
121 NUM 39
122 COMMENT //
123 BINOP +
124 ID AA1UVL8Z8e2YTzg228NsYP0b4Vl9n96c1sD1n6asf6K2ao6Q9MTdoSbREc7yE0TiQ5R7zpb30TvmY9a
124 NUM 296
125 RELOP >=
126 NUM 269
126 NUM 820
127 COMMENT //
129 ID Ap098fi2q447641ogXXP
129 STRING =ex{
b"
129 BINOP -
129 BINOP /
129 COMMENT //
130 RELOP ==
131 AND and
132 NUM 1
132 ID Ev0cx0PwgEMLhv5h16t908Z
132 COMMENT //
133 BINOP /
133 NUM 58737726496
133 COMMENT //
135 ID bUH9IRFF4V15wcNXPQwuTmLYOgR7pBzBM61pA18HDR4omB5y4k8W7YEqx53365wPp9MLmic21k5xkyw2L8bsx5hA
136 COMMENT //
137 ID VdkTxtU8AhMb88mBGHrU8p1N04cy08G
137 RELOP >=
137 COMMENT //
138 VOID void
138 BINOP +
139 COMMENT //
141 ELSE else
141 ID V61TCWVDm69U0tp0v6lfjAENeiXq3P67ttEk7mP
141 NUM 22863
141 STRING "lP|
141 ID baSSy8tyN4xI2dwmpjby4FEd5Ji0agSylH6LY0btjd9lePD0A2QRJT9a1A6eYHG8B5elyS9nDS
142 STRING 
143 ID ukx9E3m4a65cAIw0fUaxwCH5LjI
143 STRING <\\;uM
w_@"
144 NUM 369523
144 ID MqXnGPjv2kqmlqzPIk8x6rANm9LQy0DIlM28LV6bDGuc2angBk0FNEOKM9vI5a5dhT34c95HXZ81C97gc02zkH9
144 BINOP +
145 ID n26ZfSNxx7s56uP931AXg2mW065Rdf0GWpMY2786IK9q7rg24sPEt02EKBW62M0
146 COMMENT //
147 NUM 0
148 ID i7DWJPmt2V5581P1y9DJNxKl5G
149 RELOP !=
150 BINOP -
150 BINOP -
150 ID KL59d34q9xJ8jU1XJfaDg7F296W230cCJAmD31O1f7zbumJwiSf8t90RL1ghJgx8eXJ54F5jMd3vSue5YTl24
150 BINOP *
150 COMMENT //
151 WHILE while
152 COMMA ,
152 RETURN return
152 ID nMT3Y
153 RELOP !=
153 NUM 0
154 ID T33sJq4CVHt03YCqr63AXuf8oLq76h
154 RELOP ==
154 COMMENT //
155 NUM 12791865
156 BYTE byte
156 ID y51eFGTlL816EJm01c62o3VG1mG4wPX6GBW6R44Tt1g8wlAIF8t79StMVwcXYXWq
157 AND and
157 STRING ?2P\_yQ5}=c
\\	
	bYNn
158 NUM 590301
159 ID AYGVL3lai24FKT7E160slo0jY4fTVYcs67x91Iu3CK1bcYZ5Wjzz311UllGV31sfDUxt2D7FF74e6y3B08pWc6PlVr3V7249
160 LPAREN (
161 STRING ">	z]	O$,\{\~\)9g1
161 NUM 40312878564
161 ID P0C7kH4yaC5WWWCoQ95Hpiht72l
162 COMMENT //
163 COMMENT //
165 ID ISarVVfBiyNyTMj0w0380qMx0q2Tcz7eCQBGA9qAaDyU32vxeM49B
165 ID B5tMhK
166 TRUE true
166 STRING \	X!_M\LAX{*4.vZ^'?X}_+60"Kd'6
167 STRING 	p|?
167 NUM 26324
168 ID Bhhs28c2OB4H9pYae2746nwdSw589s09Da49S66n33412aQQNz48saKzNMhWySx0dycW98QsQano
169 AND and
169 BYTE byte
169 ID MY2iN54jnirIiYth9JCa4wh3Jor33i8tzfq3BnEYG86nU8bn8B1r000TjEe7n99AY2woN981B3SIMl770jQ4
169 ID H0372NwmVA9d58n5UVaO7iw9h2dSBGYIn0v7F5UCbYxQs24Tlm2K2h6hMEwnYc3K0skTDYzH1uk4q
169 STRING ]q\vDs~
169 COMMENT //
170 STRING 
171 ID Zj66H5kWFK23k1o48pV3wOH1NSm6Iw0ci9KqmsPES0eNl9q2Gijo40wYK6O
172 RELOP <
173 ID XWf31NBYRRw2Yt2Si8ptItux3Ug04EK0AgOPrveGcy7S48s08vb9dk081o11Zw1jQupIGX64S6APmdP
174 RELOP <=
174 NUM 48
174 COMMENT //
175 NOT not
175 RELOP <
175 RELOP >=
175 BINOP /
176 RELOP ==
176 NUM 505
176 BINOP -
176 ID DVRusJJw280mwPOf1x1DRgNA5wm73NAb2uqTc2kS33O2FFY0L1A0BjYDNK175944Ok
176 NUM 7209
176 B b
177 NUM 750487291
178 BINOP -
178 COMMENT //
179 NUM 2911
179 RELOP >
180 ID sV6haZnQgk60I2g41BFI76cMthyr
181 STRING 94^9m"acu	
PA "srA"CI
M9"M"wE\U^N:61l(u
_C
%\}\#(#"2Y
181 COMMENT //
182 COMMENT //
184 RELOP ==
184 NUM 367509
184 COMMENT //
185 NUM 91
185 COMMENT //
186 NUM 1477717265
186 RELOP <
186 COMMENT //
188 COMMENT //
189 COMMENT //
190 OR or
190 STRING 
190 TRUE true
190 BINOP -
191 COMMENT //
192 RELOP <
192 ID GzF2xa0ZvO0IdcYa7SwOTtrle516D75KcTOx65T1nl5UZw1bTRL23dSDc4OvakNP8g56Z4raQvMAO0rs6K48
192 BINOP /
192 WHILE while
193 BINOP +
194 STRING v]Q3ic	l"W
194 B b
194 RELOP ==
194 STRING ,""9N=}|0
195 RELOP ==
195 NUM 41773
195 RELOP >=
195 COMMENT //
196 STRING Qo1L!0
196 ID yKOhWP9r8KeHm98662887FS0X34N76eA25oXTi0cssgj9YU9iX9i0R768aXg9BSMoc64pmK867ZBA37eeDqV4Gw3
197 BINOP +
197 BREAK break
197 BINOP -
197 ID a0LS3X3N9jR1gvzYa72h0P77
198 BINOP *
199 COMMENT //
200 NUM 871
200 STRING 	}7N>
201 IF if
201 NUM 828278555
201 NUM 160186
202 LBRACE {
202 NUM 547
202 RBRACE }
203 NUM 178840476
203 STRING E \/m8vyi
q
203 SC ;
204 NUM 59
205 BOOL bool
205 BINOP *
205 COMMENT //
207 WHILE while
208 NUM 7
208 NUM 9
209 ID XX0q0IXlrIr6WufF1w6K10Avg4Ep2YFHXiLucUcvp9Gvnx0u8EZTmMoor4ug5OpT
210 NUM 14180984
210 BINOP -
211 NUM 384834044
211 ASSIGN =
212 STRING e,
/T"	"
\G{`&k\C
qH)
212 RELOP ==
212 RELOP ==
212 ELSE else
212 ID pNo0KB2QzqAOGwp72wwB8pP0dV3pzsU2rHlR37EQoBusOa1u8qsX14aHHg43d0eNgVA8A0
212 NUM 1176213763
213 ID B1nWj0621488ln8FFOD1252g8BhU0GuCh0kD
214 ID t4ZMf5QJ87SwH4GDf5vAZ7C0MG4zLn
214 INT int
215 BINOP *
215 STRING z"
216 STRING }u1W~C_+Q	"qQ'\"N0CHQ!+`	ne\"",l
216 BINOP *
216 BINOP +
217 NUM 94227801334
218 ASSIGN =
218 RELOP >
218 COMMENT //
219 COMMENT //
220 IF if
221 NUM 29142799
222 ID Ora0M4S689QgzPnhe0vphPVvXR3KH3opiIB6H1T8lNIb7bJ212DCWk5bz9l0TCOu
222 RELOP <
222 BINOP +
222 ID Bb1T5Eic46XDwNYL2I
222 STRING :_\l
222 NUM 172
222 NUM 40
223 NUM 6724
224 STRING ~m	J
224 RBRACE }
225 COMMENT //
226 BINOP +
227 BINOP /
227 COMMA ,
228 ID NH5
228 INT int
229 COMMENT //
231 RELOP >
231 BINOP *
231 STRING \c1<	"Ffl
LSc\%I+C.u\	
?"0tE
232 NUM 5
232 RELOP !=
232 RELOP ==
232 STRING R~ +GF
232 STRING 	ZMcQq	
232 COMMENT //
234 COMMENT //
236 STRING \mh
237 COMMENT //
239 STRING "~1
240 ID v6n9U73kYaQ4HCdZgq4W987Do246qZLo3dm037w50U7w6be
241 COMMENT //
242 BINOP +
242 STRING 7p
242 ID ILVGztpxPb31vGFASxWyGL77FTr7mzs110
243 NUM 10129564898
243 BINOP +
243 BINOP *
243 NUM 5912460
244 STRING W*
245 ID gpK5o8dwfc9
245 NUM 0
245 BINOP +
246 ID sBvs22SH81V9ZiaB02CFpq1uvs3m6IlaLoEjM5o2f5gEd7nBy877undO3i4063TrBxt51uZ7sStk9w2427NN07cQsVREX
246 STRING  	\
\~TbR\
):q~X<U
246 NUM 283517
246 STRING R3vz	 HiI:}id9(:Z\V

r`(!>G2d{G]
>u
f.\
246 COMMENT //
247 OR or
247 BINOP *
247 ID o7u4id2FgJ1DeMQbn30f5RiPiNh3AIbPK0DkTau46115vb7mN9LNOc4nNf807kjmy0J7XPfJvH05v649j2jvuD
247 STRING "Z
247 RELOP >=
248 NUM 248397
248 B b
248 NUM 79785307
249 IF if
249 RELOP !=
250 NUM 736396
250 BINOP +
250 ID m4nk114N4iJEPcQwvI0Oi0CyyePa5O9W3lO
250 STRING A
250 COMMENT //
251 RELOP ==
251 RELOP !=
252 BOOL bool
252 LBRACE {
252 AND and
253 STRING M"
253 ID S3aPMNtG548ZbgrxziAb4EI4m0ZVI6Dd
253 COMMENT //
254 ID V8WjNE9JOSQ8CH5g2jf7z5BoS3x83bwTo89k2x510zEwI8n3wkrzp80mO82H7r61PjXP9Q2ZAknN1V
255 STRING <
"<	
	?J0"6$G	\-"LUe0&	
(M	E?*v"\r
256 STRING $m	"r%D
256 STRING I

7WTqAgT"
=\\yze{%"U"l""3
_r\.8'RRE
#?@
256 ASSIGN =
256 STRING K7	bxdj1
&;
0E 
k\
mC.	0Y[-=;k"SuB=`pS^i#q9#S[Z`|
257 VOID void
257 STRING 

258 RELOP >
258 COMMA ,
258 ID U60emDZ835njYO
258 RELOP >=
258 STRING =}6

q\\:\Z/"/"Z	x8|l#z?
258 TRUE true
258 BINOP /
258 CONTINUE continue
258 RELOP !=
258 NUM 8743933893
258 COMMENT //
260 COMMENT //
261 STRING \aP,Et
:	^\	
261 ID HBU3u57L3CwD838CZc9JB8XRblwtvkE9OixTuy0Of
261 BINOP +
262 ID S8F5iz56gLZ4E0uJ2m671zj20in8p27ULWMCOsYnnccv7W454u9g8
262 ID BGmIKqk1RowGl7O9
262 AND and
263 ID c25B20PMT0Tf915v9eZ
263 BINOP *
263 FALSE false
263 BINOP +
264 ID jc650Km7BA8U897Tke9u1SwbBqUb2BX51ztg7o88q94JONyINwqenz7rQUZTp7HwdaIcqd00mlQSJReUW3Lvr748ZE7181
264 NUM 161
264 ID r0UYUPSP
265 B b
265 ID yOX7Yb4W5f3d55rn0BB258y7nrARA5490tv617qLDcGhPksHJ65g9AGg7wZ1teMFLPw3GbC2lZ5nsM8
265 NUM 0
266 RELOP !=
266 ID eyO6
266 NUM 58381355
267 ID j1eZ2h5XOog8Y0A1z2TDPz8B6uKWXYwn90kvR3v84wyZI95iVbyk20Qhc6L7rUY2hxBn1TKxm6e2Y71io68pk7hRELi9YH0Tj
267 STRING y)\\vCv1M\>	6vN<	|bjq6
5)v.g
J-o}=^\v
267 STRING !5-4;
=d}EW:	"U	WX
p*
"z\M
cP"(
267 ID qT11FB44M8rS3a61h066c312k6Vce512K2Q85n
267 TRUE true
268 BINOP +
268 ID k3V070k0oW15d4LH427fN2gv094piXkLup61CCm4hdGrf0Bf3EsQji67whwJTs4mT84EJ638MypUzV2s68SPT9Ziz9y
268 NUM 0
268 COMMENT //
269 NUM 564
269 BINOP *
269 ASSIGN =
269 STRING 	CrA}&R
#x/
270 BINOP +
270 STRING 
271 RELOP !=
272 RELOP !=
273 BINOP *
273 RELOP ==
274 LBRACE {
275 STRING ?9W	*A	=F^

	
275 BINOP -
275 BYTE byte
275 BINOP *
275 BINOP *
276 ID UscSmFOynvR4uLXQq28JyxeL
276 STRING "%uq-
276 STRING H"
277 COMMENT //
278 NUM 95
278 BINOP -
279 NUM 8947
279 ID jm6w73
279 STRING hS?
279 ID Y3nG73F06d0y1cu750AS5W81A4if818L01t3ZN0sG5MqDDvtH89pnZm19h2f3V2U8PKCQdecRv0j9X0xr
280 RELOP ==
281 RELOP ==
282 RPAREN )
283 COMMENT //
285 NUM 695199465
285 BINOP -
285 BINOP +
285 COMMENT //
286 BINOP +
287 BINOP +
287 STRING V"G|U~O
x%\Q
f/RZ5.JDz+h~
J\Yh|<P
'	e cza/N\N?RYi
287 FALSE false
287 BINOP /
287 BINOP -
287 STRING 

287 BINOP *
287 BYTE byte
288 IF if
288 BINOP *
288 RELOP >
288 NUM 0
289 NOT not
290 AND and
290 NUM 118057
291 STRING *agZ "\	9bP\"CtBP
UJYG
1$N6
n?\dOs
292 NUM 0
293 COMMENT //
294 RELOP <=
295 ID c74rBGWNteIyOF45R20Pe83zXAwv70
295 STRING untf
-^g2,ZfV
295 VOID void
295 BINOP -
296 BINOP /
297 NUM 70
298 NOT not
299 RELOP >=
300 STRING n
bK"y~
U\	`6lQ
300 BINOP +
300 NUM 8214008431
301 COMMENT //
302 STRING 7	
s
	W(P\l\eOsP%L3Qu	"
302 RELOP <=
302 ID APY69nG5k9bm37V4c5Iws3Ea2tgc7E735hZMM6FSCNpmqA7
302 STRING i0o	~
UM
303 ID y6Hp4Jx01Im8DT34SE9jK3
303 RELOP <
303 BYTE byte
304 STRING 
"y?K
304 NUM 21198865364
304 STRING 

ag4Kq_=^

:h'7y
305 ID Xs9Nup4ER866dEFeKh5t07Ynfg2Go964997Qsr1p4AT4
305 RELOP >=
306 BOOL bool
306 NUM 4187
306 COMMA ,
306 ID s0yLC793Pb7vm574PV7peQ6BF2g0163c2o4HxCdUue7IFaUI81pu9T40nPuetWfkA51283r1YHrNMF4K22QtDOCSui2sV
307 STRING 	;H\

k	E\:D

>\
8\";B"|u1us:" ~J`G	#"3vn["
307 COMMENT //
309 STRING -m6
kj
yDL
+?RHXj	!T	>@( ab
x\@y&07_1WA
309 ID DLD2z2J85crB1
310 STRING wHq
C_1W*c\rxo"y
:9gF
310 COMMENT //
311 COMMENT //
313 NUM 22424
314 NUM 7517
314 NUM 8665041
314 COMMENT //
315 ID bh28bN9gr621oyHOgXiY8Z877G5kBtU3rW86yTLmkqzxgP48PVI198DAH9UJjYpAw7A2OdQur7Ox847n62P22N6Snt159Bq
315 RELOP !=
315 COMMENT //
316 STRING @)}w:X?"\;R=Ec	>
-"TU
Ei
\Pc
316 FALSE false
316 BINOP *
316 RBRACE }
317 ID u4Z65i2b3bD1LD81MSK51YtSDbbJ
318 STRING 	"
318 BINOP -
318 RELOP <=
318 ID Mf97NArK0k53H5Epyy0Ww
318 NUM 13
319 COMMENT //
320 LPAREN (
320 STRING lY\s"H;\"&6(\
&e
H
321 ID eTR9o6k8VHGg3020cv9I27f1y9fVN
321 INT int
321 BINOP /
321 COMMENT //
322 STRING ki]S3\3LE\Xz6rf#}I=T?wv>7lw

322 B b
322 ID GW433EHkhCT0d763RD3lD6240RF9l7Ts61a3227KeHy5cr108Uc3hXfHVcAu6pdr6RxLUO5Ds7Q33L4YiZG8cCr9XlJ48TF70I
322 BINOP +
323 BINOP /
323 BINOP -
323 NUM 33
324 RELOP <
325 BINOP +
326 RELOP ==
327 STRING 	Q}!
328 RELOP <
328 NUM 9910669792
328 ID V99U3h005P6Ai8miLA2RYO4QvJ1K2Yv865Pw0H2693190gjSRcBPDdfgE1r7TnN5xxJ0773K57oZ84OV324Z
328 NUM 415
328 COMMENT //
329 COMMENT //
330 COMMENT //
332 STRING +	nFd*\
"^w"mg

332 NUM 537
333 NOT not
334 RELOP !=
334 RELOP >=
335 STRING 
335 ID GUZ4Th6L404Q556l74bw9qwn2ca3DX947jDw8k2ASG102oN9eqjXgxe7xL73b3VN9V20Mb5Yt5AaNsDB433dR3M76k97hY6eeOZgx
336 TRUE true
336 TRUE true
336 RELOP <=
337 NUM 29674997
338 IF if
338 BINOP -
339 WHILE while
339 B b
339 COMMENT //
340 COMMENT //
342 STRING 1r^VEfR9c!$Zk|vM
343 STRING P\x
\\
V2T%oJGc	
343 BINOP -
343 NUM 293184008
343 COMMENT //
344 LPAREN (
345 WHILE while
345 BREAK break
345 ID j
345 BINOP *
346 RELOP <=
346 RELOP !=
346 STRING 
346 NUM 904984
346 ID UoKs71830fL52s8Lfq5rvSh092b99Z28c5iL4CV1WA4vA6x4y57p9K2G0Kf
347 SC ;
347 NUM 2471959
347 RELOP ==
347 STRING Y'[l
347 SC ;
347 TRUE true
348 RELOP ==
348 COMMA ,
349 RELOP <=
349 STRING d*HRqp
"W[]vB^

[

)
349 STRING /
H#
%eCGN"f
350 RELOP <
350 ID X3G2Z9k3z0b3gW0CZKee42857tNzgX3Of7HQ7Rf
350 NUM 66770458747
350 STRING 9"6K
2+
351 WHILE while
352 NUM 678801
352 NUM 12757681
352 COMMENT //
353 COMMENT //
354 SC ;
354 INT int
355 ID du06b8YzTEPCnp81U3Kp91XHbWmv82poZ
356 BINOP -
356 NUM 13
356 RELOP >=
357 FALSE false
358 BINOP /
358 TRUE true
359 COMMENT //
361 ID wRlpWa1j47lTpbNw709
361 NUM 69364310
361 STRING g|cgO
EwjsFfe@*;dKt
K/
\PG8n"E
il
361 BINOP -
361 COMMENT //
362 NUM 139
362 ID whN7pMiWy4HgUN628QyMe5hz0bkb70bLV71jtlv17RxJUb5nLb9qwIX
362 NUM 4701
363 ID i483C7PRld11Q592wmxX1P6NpPgejkQ6sevn3TBk9s05qH4LpkWn4u2vM15fVULfr25lu1RF3k0
364 STRING \8	
364 RELOP ==
364 COMMENT //
365 STRING T`1
366 ASSIGN =
366 ID v62xGCj4d0xyG7WvP3ilx9dYRU4z3PUFx3i7fAhE0gjK6U079D2t70bsBdr5WoxT2kR13QfQW8xk8lC9hk6B8o
366 RELOP !=
366 RELOP <=
366 VOID void
366 STRING 2W`wRD
"{M	%	]
366 BINOP /
367 COMMENT //
368 B b
368 RELOP !=
368 RELOP <
369 COMMENT //
371 ID zKG91zY8n0bJ
372 WHILE while
372 COMMENT //
374 COMMENT //
375 RELOP <=
376 NUM 9978
376 NUM 984425304
376 STRING 
DXGr?	."
376 RELOP <
376 ID QMU09lg3H2G716GFun7Se68i3V60D223vPa9gimB88mSxb6Ut86zJ4NvR547hv3ku9Ba6mACC0ndJLrC5K
377 NUM 38722
377 ID c8Agvvs4Sa93o0b8jNXM5q869ZNsWaSoidQhdRfSOo3q65U0Ce10Q16C
377 ID ChmLq8etE9thrj0Y30SnskK2RNU94CuLolHmsA41lff268RlK29s5WAXL7869I
378 STRING djW'
378 ID Ba9RKo0TEYwngsyC3fY7
379 NUM 42613620
379 STRING \T;
380 NUM 57
381 BINOP -
382 STRING "2SRH\^;-
:X#]**v
382 BINOP -
382 BINOP /
382 STRING hiS

382 ID NM4v9dLAwVi9tE2u4wjPw90Mb20ghxN92BBAxY592w55oV5gr0um7LmNwc97c7G8438wdNr5oLX06dpas6EF4r5Me6Fiw8H7
383 RELOP >
384 STRING Y""+@+"	
385 STRING d}*\	jlzVzkP>X^}I
385 ID n20f4Uxl3G9Y9PH9C9S5hSJr2G1OtLnHbwvClE49xVc2hbr0vxi0ahDZQpr3h6i7ChyU5
386 COMMENT //
388 COMMENT //
389 RELOP >
389 NUM 58632
389 STRING d_Z
389 STRING Xc{>
8o&m\
+	KVn^^
390 ID mY8enn9Ww6VD
390 ID b4sFGiqJ7Ql1OPmy93iNnw8or11b9m9J4468A2QWyR2x7h184M2eEd7dApSO6lA58rS3DGfA16HLPEwT4W1v1lR9ADA
390 NUM 144080771
390 COMMENT //
391 STRING P	
.A 4"U6v	"I"N	]`
QTibDZ	
'
391 BREAK break
391 COMMENT //
393 ID hj2kfjgpsr2X
393 BINOP /
393 COMMENT //
395 COMMENT //
397 COMMENT //
398 RBRACE }
398 ID cPaqUpf
399 ID q0xtgVZi2TOEGQ50xEt1OHeWLa8GqYKwA6Rteed40lx669IPMIvRT5QfATdI4u2KOhQeku58x1
399 COMMENT //
401 BINOP -
402 NOT not
402 NOT not
402 COMMENT //
403 LPAREN (
403 NUM 6
404 TRUE true
404 BREAK break
404 ID oJQn6s28Rezarcf7T5hcUbCj53BNyuXR4YU6HY2qT5m0MhCXkv4IFuSN
404 RETURN return
404 ID vlJVfI73mjghICl3x012xbBVd42slsmC40f45I20v
405 NUM 6
405 BINOP /
405 ID iPjjZ09Xo93Bd0TGPiT0m7S23jgs8PIhREAA5ICedDB8YX53P525Xv3Z6FD4c3
405 OR or
405 NUM 164284409
405 NUM 65
405 COMMENT //
406 BINOP *
406 COMMENT //
407 STRING c#H
408 RETURN return
408 STRING |P
408 RELOP >=
408 STRING 
409 RELOP <=
409 NUM 0
410 STRING eIQ"=}y:Oy}M7395`,O3X-
,-h"]S \=-F\M
A	"`YN.e
e"\\\
410 TRUE true
410 ID L2X08V717k4yY52GNs1T54T69tPUFlW3gW5P1p5BRJR97kuuFol0HnBEK90R731z
411 STRING nLHDM2	'lVYd6H
412 ID aFooF7J6YErOqU6171K3YT7V2606qbulB2V8xCx3bXQ8Ve8U407RIeyBlg60vRhnWeEA9AYWHqX342B8NY8ZXZAPYIjEjGC
413 COMMENT //
414 BINOP +
414 RBRACE }
414 COMMENT //
415 RELOP <
415 RELOP >
415 NUM 152252
415 STRING 6%mr
\IQ3\-\U%?\"R	`"IU|"'6VZ
415 ASSIGN =
415 BYTE byte
416 COMMENT //
418 BINOP /
418 NUM 3463594
419 COMMENT //
421 COMMENT //
422 RELOP <=
423 STRING 11p"#H~
423 RELOP <
423 VOID void
423 NUM 0
423 STRING t5	k	UG~	F	?.Q.o"n
424 ID L0FniJLc9Vgo7XPq5PnOASzB8H81EFtv7tJ90vDklxvI52vBj5V15h94Aml3JlrDQ1dGG667eOayR5x01cj563O2b425
424 COMMENT //
425 NUM 4
426 ID GzLnnkOHq8F91oay1ZR5CAb3h5boFL74hyw4tbR59Ut128SJaw6
427 OR or
427 BINOP *
427 BINOP +
428 COMMENT //
429 RELOP <
430 BINOP +
430 CONTINUE continue
430 COMMENT //
431 BINOP /
431 NUM 75008
431 NUM 923
431 STRING 		u$^z>"AjG"hPj!
432 RELOP <
433 OR or
433 RELOP >
433 ID fAnXqYR0c68RFje1Fr54txWadbjNAyosc
433 STRING bs	#i"	c!	X<-
433 BINOP /
434 STRING SJ	e>Q}	
434 BINOP *
434 BINOP *
434 RELOP <
434 RELOP <
434 COMMENT //
436 ID I8M38Akx8Z3i62KW0oMF0kEnA4EHcLfs6nCdxD8123f83Is2Hnz63fpb4CgnL0e49SjRdiJwoRO
436 SC ;
436 ID v6m6KQdUkLG4JO6O2M3V786o7fZWCrz6yEkf2YNYG7255332NWjK7wN2poy0mLc032MXwaXayFCuwf
436 RBRACE }
436 BINOP *
436 COMMENT //
437 RELOP <=
438 BINOP -
438 STRING w"
438 BINOP /
438 NUM 999
438 BINOP *
439 NUM 199715
439 COMMENT //
440 RELOP >=
440 ID Pby3o4480q
440 RELOP ==
441 NUM 270310
442 STRING zlt	\\\'q"\^\
~P<'
fc"	\\eBv{jYZw	:"5$
442 NUM 23
442 BINOP /
443 BINOP /
443 ID Me9353
443 STRING ~dQ<
443 RELOP <=
444 RELOP !=
445 ID i8XW6k1iAx791cTv74xt8
445 COMMENT //
447 ID rv3NMb7rDTiQEp
447 RELOP >=
447 NUM 282324
447 NUM 913
447 RELOP ==
447 STRING 
-3h
C
*a
447 NUM 8323376951
447 BINOP *
448 SC ;
449 COMMENT //
450 LBRACE {
451 NUM 567703
451 COMMENT //
452 STRING ZQSFpjh#
453 RELOP !=
453 COMMENT //
454 RELOP >
454 ID UAz9dJe2qIeX2VYTqMP1qT
454 BINOP -
454 BINOP -
454 ID j7JuKuMC5Db4fxb44klV01z928is23GTjC9jTLlNJ50aysZX4QvXrA7Fb2JXgn6Kgx90f7jn196aZQ10f7CG226a
454 RELOP <
455 AND and
456 COMMENT //
458 TRUE true
459 ID ilayzvaJ7q5Kj9noAfV804j3724aDzw2xv
460 BINOP /
460 FALSE false
460 ASSIGN =
460 STRING Z'
vpegdP
H(8W`P	qFRw
460 ID F9v3jafEJ8WZ2N55UBLG08c
460 RELOP <=
460 RBRACE }
460 ID oUTJj341APrYRD21wg80OALxCa32nsgrVF2o90v2h95QAsv8FynX123
461 RBRACE }
461 COMMA ,
462 STRING (`
f`Z".rE	
463 BINOP +
463 NUM 46665770
464 COMMENT //
465 STRING 5h>\.]
465 ASSIGN =
465 STRING i"
466 STRING "!
	?
Et"5	jhIhh;_<	S^k"FkJ^NkFPO>0
