1 COMMENT //
2 RETURN return
3 BINOP +
3 STRING y0AX~bD: P
@"[9C4bFqm/\~q:\"3	ui/4C
5e+h_L-el
'[{\<YH}c\ &
c1c
3 COMMENT //
4 ID npm3ib085Pf9m
4 BINOP -
4 CONTINUE continue
4 RELOP >=
4 BINOP -
4 BOOL bool
4 COMMENT //
5 COMMENT //
5 NUM 78
5 STRING  	nv
U6l"%DS`"#\P\T	\d`0	
5 ID do0FMH88NIaRxMKITcLQzKxVr32wOInDq9E5kU2DMXE4
5 ID RLhSq9C1752b2N3pY8ewri213cn70457m9W
6 BINOP -
6 RELOP >
6 RELOP !=
6 COMMENT //
8 BINOP +
9 BINOP +
9 ID b5934jSK6kFbKnl29uGlfJ5n6ZlPvuGbvTWAqTFLYDtH
9 OR or
9 BINOP +
9 NUM 845
9 STRING f#iq(;F
9 ID sRKfL7Vma5KKk82T5nb
10 RELOP <
10 COMMENT //
11 IF if
11 BINOP *
11 COMMENT //
12 BINOP -
12 STRING 
_@
;^]&
12 RELOP >
13 ID ruho0i077nhr35fEyY4Y986i3t88tZ43kp3UY4gaR00e8Tb1aQQGP77zhz2493gNuqY2qy7622K9w7F6m9VsjPBLQ1u96XYE9Qk3
13 ID GKGjiVw6C1al0J05dT69wk5J9bU8LpiZpPM1R6Lvanuy8KP4QdD6
14 STRING Y
yiU3	
"	
 \B"*\|
14 ASSIGN =
14 STRING (VR\^"U\T#X
14 ID wOp38Bz8lz64t8E9241H7qzB66b17dtXtQKMtL108
14 COMMENT //
14 NUM 31
14 STRING w$
14 BINOP -
14 STRING E">
14 BINOP +
14 BINOP -
15 OR or
15 COMMENT //
16 BINOP /
16 RELOP !=
16 BINOP *
16 RELOP >
16 RELOP <=
16 ID DMm57x0b139S2OM
16 ID HQ24PzF7
17 OR or
17 LPAREN (
17 BINOP /
17 RELOP >=
18 BINOP *
18 COMMENT //
18 AND and
18 COMMENT //
19 COMMENT //
19 BINOP -
20 COMMENT //
21 BINOP /
21 BINOP *
22 BINOP +
22 RELOP ==
22 FALSE false
23 ID Q7m23cUsVidFhcTkMNnuSDN21xJd5M3gMGxiYPwq5
24 NOT not
24 RELOP ==
24 COMMENT //
25 BINOP /
25 RELOP ==
25 STRING hb:5T%
	S	\O=
26 STRING 8
e

26 RELOP >=
27 RPAREN )
28 STRING 		
-""46
A{>e!;a\K#3
Z\39p	k&wKeq}


28 ID e8f3jC3Hx9g2aH348M0TJ7C29JMZ935AB0Zgf011R0iG1YOH
28 COMMENT //
28 ID g4188cpM8cU58HJ1rNIbD4NRwq2GPz
28 RELOP <=
29 BINOP +
30 STRING 	14(hx
	H5	x]mp
&Jy
.	\6[""m+oe/\	Ekp
Lwwm 
30 BINOP /
30 BINOP -
30 RELOP <=
30 NUM 547
30 VOID void
30 STRING |\kN$\"6s=2
30 BINOP -
30 BINOP -
