1 NUM 7428261108
1 NUM 6226
1 ID iBg1OmTZ5JW6FxU4BnSj
ERROR 
