1 RELOP ==
1 ID MqJLT7563P3eQGiLzFxQ
1 BINOP -
1 STRING )
2 RELOP >=
3 NUM 51262
3 NUM 976114728
3 COMMENT //
3 COMMENT //
3 RELOP <=
3 B b
3 COMMENT //
4 RPAREN )
4 NUM 157546938
4 BINOP +
5 NUM 678065
5 STRING Cm
6 ID V473e42vwPN60H5VWgK2vsmX5ltxty1t06HQbZe7ft2DQ2NiS88Rsf5qxRH
6 RELOP >=
7 STRING 	""
8 BINOP *
8 BINOP /
8 BINOP +
8 NUM 12
8 ID sB34KTt2mf
9 ID z75aaTa4Jn7Au9v10Q4Z9VPVndnJ4ofQ1aQLX839G7Xf273SpB9MQw08x22Sb4Qx8vv1BLY0DtcE4rL0fT9k7185V5CVBrL8T
10 COMMENT //
11 STRING al	#"
11 BINOP +
12 STRING H

13 RELOP >=
13 NUM 68
13 RELOP !=
13 NUM 54565386
13 OR or
13 STRING VQe%

14 COMMENT //
15 BINOP -
16 NUM 5
17 NUM 171944457
18 ID H83xWllccF3xr2NwDuTLEfhtT963wJ07CpasChpRgvD1o0gi4ug0VS1T195q6YYP769l
18 BOOL bool
18 RELOP ==
19 ID x70O5F4Kqw1BZEQ6
19 NUM 31900597
20 NUM 9326
21 AND and
21 COMMENT //
21 ID oR8RXr9WXqpOT73tUx7Mzi9vX2f0m2GTEZ7U
21 INT int
21 STRING g[R	
22 COMMENT //
23 COMMENT //
23 BINOP /
23 BINOP *
24 COMMENT //
24 INT int
24 COMMENT //
25 STRING D
26 STRING r\	\
\
j6
Z\7rjz\v`
26 NUM 9608625681
26 BINOP +
27 NUM 975299692
28 BINOP /
28 NUM 64379
28 NUM 973739294
29 BINOP /
29 STRING 
29 RETURN return
29 STRING \k5
29 TRUE true
30 BINOP +
30 NUM 460167165
30 ID k588A9A590vB90m0J2oxf9ONHo8g
30 NUM 79
30 STRING I5DC^	`Z\S5n V
30 COMMENT //
31 SC ;
31 STRING ZN-'`	B'	"	5
31 STRING QJwQ]
31 ID V4sxNJMS0KMJDpox4VTO972oR3wx03A0Q2RdAQ86h48n71RX85Wv3Rh6OZQ4o5034fkqH8NwmJGsFraWkdrhE18Z311p3YP1
31 CONTINUE continue
31 BINOP *
31 COMMENT //
32 NUM 88447292
32 SC ;
33 NUM 0
33 BINOP +
33 STRING ,	1`
33 NUM 12543
33 BINOP -
33 ID I1pjs5x1cx3Z3rn9QTa4vb02e
33 BOOL bool
33 RELOP !=
34 ID QIOb4xvH49eDseHCfchYZya5A9p58fyet96STE4Gvl619gGQiXid3F
34 COMMENT //
34 RELOP >=
34 IF if
35 BINOP +
35 STRING c)
