1 ID q253ec18Yv7sj59C4080NVep1yGOK8J61RGIM5rFNfS8ZCeQJ259Fk19Bx14OD5eDZDwoKr35L8dD8LMqfVIntHqrZb8nY9k
2 RELOP <
2 NUM 3000223
3 RETURN return
ERROR 
