1 ID BLPDhZlOCd984iH1g8VIcx15RZPsvzeRD7WYpg2EARhHEwvUrZL0GZmKy4snWZ9S88fEjlFoddDo876rdAOf5JQ43KB
2 FALSE false
2 STRING noe	P			Y+	
~(	s
	v=
"
3 STRING 5

3 RELOP <=
4 NUM 239
4 BINOP +
4 SC ;
4 AND and
5 STRING 5NM\tAi	Yx)EA""
5 RPAREN )
5 ID nKXLAhA5H6Eg9yn4LgRwl7hKGTvMMk1cX2WlZu46Pn23e74ZTsS594t66S0Vs5259Umeqf52UokF74725WI2u
6 BINOP -
6 COMMENT //
7 VOID void
7 BYTE byte
8 COMMENT //
10 COMMENT //
12 STRING l "	3
12 BINOP -
13 ID kCo5ce0fn5xRyO2BgDweu1Z8JngvtRg
14 ID Ho7Jumb8VX11g
14 BINOP /
14 STRING "WKA\
14 RELOP >
14 ID WBlt4wLD
14 BINOP +
15 RELOP <
16 COMMENT //
17 BINOP -
18 ID NlDAqwmYqWGc85S5yZs
18 ID KkG98fngtwkwv08oUYC1a9a
18 NUM 320593714
18 COMMENT //
19 NUM 0
19 COMMENT //
20 SC ;
21 NUM 2
21 FALSE false
21 BINOP -
22 RELOP <
23 RELOP !=
23 ID l6462528S1E1Ql6La324SCcs0Ky42jBwuG9mRA1hgN9o0F50nNc4E63q68H
24 COMMENT //
26 BINOP *
26 BINOP /
26 RELOP <
26 NUM 15159984005
26 RELOP <=
27 COMMENT //
29 RETURN return
29 BINOP *
30 ID OEQ4NkUpdam3alatbO7160yV0J6NCp5B2s8lKdS54qyK64NKb3iZyoA5301BU5oVf276x9IXUBm1vr6oQygfXzRs0Xi0W3eJ8
31 NUM 774
31 IF if
31 RELOP >
31 LPAREN (
31 NUM 381
31 RBRACE }
31 NUM 544226
31 BINOP *
32 NUM 30828674385
33 RELOP >=
34 RELOP !=
34 COMMENT //
35 ID C34PWl649wfIvHv6Cv5f9WI76Y7wnA34XVMZxRLLNaSW3bbcHm222Y183xM
35 RELOP >
35 RELOP !=
36 BINOP -
36 NUM 607006904
37 RBRACE }
37 NUM 4765445
37 ID TTBpZ5yW7JA7SZQ160Z4Wb1OjI9sdy7mOz
38 NUM 7178678
38 COMMENT //
40 RELOP !=
40 RELOP >=
40 AND and
41 NUM 45033
42 STRING ?xe\"9E	Y6V%}
"
42 RELOP >
43 AND and
43 STRING 4"
\T{
43 ID uWQJF1h9VXwbKs95h0D3Ii73kyPXbwN0yrHkBO2wiQaL37iO3aa00EZ8fFcqIawY176im7vvIKdt5630QE4QO2gPUXl4Ibl
44 COMMENT //
45 STRING 	!	#?yy	
45 RETURN return
46 BINOP -
46 NUM 0
46 STRING 
I
47 COMMENT //
48 RELOP <=
48 NUM 739
48 BINOP +
48 COMMENT //
49 COMMENT //
50 B b
50 COMMENT //
52 STRING q.-i"b
R	zE+
52 COMMENT //
53 ID K9oEo0Utdcwh6898T2vKQ5Q8g65eeZAen51lnN1Bjhjv4l809WdsfdGv99UM72JMo942qpwF5e1u89h27m5yy8gz3C18hLU8JE2
53 NUM 859
53 STRING HkI
*D
54 COMMENT //
55 NUM 72
56 COMMENT //
57 OR or
57 ID KizPhiTDp637FJP63Q6h
57 RELOP <=
58 NUM 5988
58 NUM 3
58 RBRACE }
59 ID yK1B921VHSR7S5wAN8x
60 BINOP -
60 COMMENT //
62 ID hc96FTxWup2hI04O4G7a84Mc8uGpx475NuJAp8B
62 ID WWE7WTjS1LNPPLwZk3btG509XH22Ce4UaQrY5BYU5D8hBa5KjM059hD6KZW2w6Z520ff48ThQ4nPt9L
62 COMMENT //
63 RELOP <
63 NUM 25249863910
64 RELOP >=
64 IF if
65 NUM 705313
66 ID FBWlsJI70Y17hd2Qsk6dTr8sw8F357RbuQX6kg4552xy74
66 VOID void
67 NUM 6708
67 RELOP <=
67 NUM 794338592
68 COMMENT //
69 NUM 543485230
69 NUM 909256
70 ID A3y8Qp12kChgj
70 BINOP -
70 ID GF6394k7k9nbFDZ8Rqo15q9KDKn7PUqsS3T8AVa9mUab
70 NUM 451581
70 RPAREN )
70 RELOP >=
70 COMMENT //
71 COMMENT //
72 STRING ""
gl//&-NaDJ7:	gTK$
72 BYTE byte
73 STRING g		8
|eG- mDA):R(g\"f"h(m\m4%Y	
"/z
74 NUM 36
74 STRING ?O\
74 COMMENT //
75 RELOP >
76 BINOP *
76 ID afQ2OhQw19oawXahRjT5bsAZ0ZH8mQ365whV70T1SY9DGsUwta8nm5X2r655Jp3iMmH
77 BINOP -
78 ID j8Bcb8xM8zi9reni0R7Kt1ti87iIVeGandVx628DpKqbX0EtYx50mEE64xgBG1KspaqjSbA76dK4Fr7l485U17
78 RELOP >
78 NUM 495041
78 STRING @
78 TRUE true
78 STRING 
78 ID gfIt79xg19fiAI3S856ojqXiv8rFiQLuyPWq1D7i76FqzA15R99Dc42pYNnNJg864j
78 COMMENT //
79 ID h
79 COMMENT //
80 BINOP +
80 ID yCy1I6V1It1MHz8G8Jbm2qXP6903KvAu
81 STRING m"5+9
81 STRING L
/QDJl""D]	RSUwl
\gx`e
\7c"7I%\Q1t" "g,"3;D<? 
81 BINOP *
81 NUM 0
81 SC ;
81 RELOP ==
81 ID z39y6K7lv4j9l9t5y3fe
82 COMMENT //
84 STRING w
";
85 ID R47jQ038
85 BINOP /
86 ID D9NhDdwMsJ3277Sj1YUDjU50f4t0AM9QpVDjMEhhrZ9QYcI56aJ1Z43FdXN7WAvgFZgz84bpLsGzeP8R
87 BINOP +
88 RELOP !=
88 ID VYS662aG1DJ48B35liFx81oR7IIWPN2yxO0h18XU4t2tKy9lk37Mfd06zt98318Z48r6lOvuvf5CZWemp5JLaDE12fuTY491
89 COMMENT //
90 RELOP >=
90 NUM 653
90 NUM 55
90 RELOP <
90 RELOP >
90 BINOP /
91 COMMENT //
92 COMMENT //
94 STRING fy"Pm!\yae&
95 RELOP <
95 RELOP >
95 ID h4971bT4u0Rx72pOsFJT04
95 RELOP <
95 BINOP +
95 COMMENT //
97 NUM 255388
97 COMMENT //
98 RELOP >
98 BREAK break
99 RELOP ==
99 STRING ]BTRs8 a\
99 BINOP /
99 NUM 375777680
100 RPAREN )
101 BINOP *
102 RELOP <
102 NUM 775291
102 COMMENT //
103 STRING J>*	
103 COMMENT //
105 ID s
105 LPAREN (
105 BINOP *
106 WHILE while
106 RELOP ==
106 COMMENT //
107 COMMENT //
108 NUM 41
108 STRING "TQ)"sqYMTg	\
109 NUM 95205
109 COMMENT //
110 LPAREN (
111 BOOL bool
111 RELOP <=
111 STRING 
111 BINOP /
112 COMMENT //
113 COMMENT //
114 STRING c
114 COMMENT //
115 ID I15TU4TFJah893wLT41NdwK66bS8M2Ik3M750nnSbD0b33ddEJuL6l2LAtAlXTQ9qd
115 RELOP !=
116 ID d7W9eERKJ0ccD7wZxlKfDBsw8ORRuR5T0HR6o7MPutKEE0970OmQf82rtgAKuiX4UN7r2x2E
116 FALSE false
116 RELOP <=
116 RETURN return
116 RELOP <=
116 NUM 15909
116 WHILE while
116 COMMENT //
118 COMMENT //
119 ID U4cZ6b45C4HM190C7lm53C4EQM0DJS84RhNLVPSd5U2CBSFbINvV0A89zWQNWj8x4
119 BINOP +
120 STRING &D[("1W
120 COMMENT //
122 COMMENT //
123 STRING m
123 RPAREN )
123 COMMENT //
124 STRING 	4r".
124 NUM 377018
124 B b
125 COMMENT //
126 COMMENT //
127 RELOP <
127 COMMENT //
128 ID iRxSfU4EYz2BM6wrnWI3AlU0YXo7j9282Xz7n2c8153KU9QV0
129 RELOP >=
129 RBRACE }
129 BINOP +
130 NUM 99690744971
130 STRING 	
131 RELOP >
131 STRING .TH,
~U
\			OBa6
131 RELOP ==
131 BINOP *
132 NUM 642031
132 BINOP -
132 BINOP +
133 RPAREN )
133 RELOP ==
134 RETURN return
135 RBRACE }
136 COMMENT //
138 LPAREN (
138 BINOP *
138 STRING 
6
138 ID WF3PI0e6P71QfyJUk0nWHh6YhRYv113I47DNukN3x1DFuLJCEFrQwDjNY
139 NUM 704
139 STRING -\*O\ 	5
140 RELOP >
141 AND and
141 NUM 37024
141 BINOP +
142 RELOP <
142 COMMENT //
143 RELOP ==
143 ID awRk18V38jp8FKXrxXR6M3vBtE3ra1A9T5H2mK22mP8mRzFTyQ7D6j4Vbs6B0cnpWN3Jnfzo
143 STRING 
143 FALSE false
143 ID Od5NkxKku0SWqAuyr1m4COIDa53uB8Toxw2DqY5L9XFB6h6Jg3GYlGiWt8l6
144 COMMENT //
145 RELOP >=
146 NUM 13
146 TRUE true
147 RELOP >=
148 NUM 2
148 CONTINUE continue
148 STRING GC`\6f8"F[4
148 ID T9Xl1abg2C2ao0rG6FhwQP1oQ9E4Svkdy2QZl51s2DFWedf062rv9TwGysrGElpK4E9amv
148 NUM 24
148 ID XE4rfpI
148 RELOP >=
149 RELOP !=
149 STRING [
149 RELOP <=
149 NUM 51236724580
149 BINOP *
149 ID GmG9I81UfgcWToyXJ6SD7laGhM6iBOT72rQ5Vtqb4ecV0cRyobUQ1fto8Gg05K8YCqaJYe2jn1ZkgrFf6D0K459z
149 BINOP /
150 WHILE while
151 ID q3E15Z3lUIoJ6UsykbF3ZXmaAn68456CXhr7CKSm8nZWlhU6v26NlAf4357Cl133TyHVOa7gfYTLPUO6g9439MoA42Q8igwZ2g
152 BINOP +
152 NUM 118
152 COMMENT //
153 COMMENT //
155 BINOP /
155 COMMENT //
156 ID M61QD0
156 RETURN return
157 NUM 8142595371
157 COMMENT //
159 RELOP <
159 NUM 3732765
160 NUM 71
160 ID WsD4cFMqDyid5u1AOuUSHGL3S8PRh1mC5X7RT3vjtwUBPjnU76dD8OZXD2N1UqW6fbgJT2f6rpvOxRi5gbznSFIPl59p0j3gq2Vx8
161 COMMENT //
162 CONTINUE continue
162 ID bYNHeTpQ2ZYD8pv5laDrocHlKu0D0i
163 NUM 0
163 STRING )"\8]:\'
163 BINOP -
163 NUM 0
163 NUM 84
163 STRING \3ighKB^qEd>|1)|	:"&4"8
"#jgi9

V*$4D
164 STRING 
164 COMMA ,
164 RELOP <
164 CONTINUE continue
165 BINOP +
165 COMMENT //
166 FALSE false
166 RELOP !=
166 STRING "L
w
7`j
	la' +j!e<{^D|oQ<@l #L
s,	
166 NUM 5
167 NUM 76487008
168 BINOP +
168 BINOP +
169 ASSIGN =
169 COMMENT //
170 BINOP -
171 NUM 91939455229
171 STRING \p_Wqo'
172 RELOP ==
172 RELOP !=
173 STRING [\QV\\6%km]	A|yT	"+/W"jp"3"Ufxc
174 STRING 
K=	?\
""n	
174 NUM 76582
174 NUM 216429439
174 BYTE byte
174 COMMA ,
174 B b
174 BINOP -
175 RELOP <=
175 BOOL bool
175 STRING ,
176 ASSIGN =
177 COMMENT //
178 STRING yzK^Z	<\,\l
	l!
178 RELOP >=
178 COMMENT //
179 RELOP <=
179 BREAK break
179 BINOP /
179 RELOP <
179 BINOP -
179 BINOP *
179 STRING ")	Ms	%\\/
K4B )S^
179 ID qJZ75of0Pj4Mhu9r332m39E1WRHa7EOoy74pq5
179 COMMENT //
181 RETURN return
181 BINOP *
181 BINOP -
181 WHILE while
182 STRING U"	i)_
183 NUM 913699585
183 NUM 14888954766
183 OR or
183 BINOP /
183 BREAK break
184 NUM 678709
185 COMMA ,
185 BINOP +
185 ID uTA7l11i0eYvzv4jOxH1q
185 COMMENT //
187 RELOP ==
187 NUM 290545226
187 NUM 839216116
187 ID d566QI
188 ID g5q58s55M443VXevkQ37NjJ5Eo35Jx2tN2W7X49Aj2sy1BYNot7QuBh353c8415730Gz4X3003
189 NUM 2399405237
190 NUM 8598
190 COMMENT //
191 ID LIVW3hAvwXv6qhS30kb8PNu6FhpiAeei2Tjy44htSpx6hUp37Akz0rMa2gebU6ELX4lkMehN2exm8PkpCCnI56xZU
192 RELOP !=
192 COMMENT //
193 RELOP <=
193 STRING 7
]~)uG
193 NUM 5022
194 NUM 5
195 BINOP /
195 RELOP ==
196 STRING 2 "#@
	Sl4]66\9^\"	N[
\G(Z#"
}4W_a]\\sZ"k"g
197 OR or
197 NUM 2115
197 BINOP /
197 BINOP *
197 BINOP +
198 NUM 4
198 RELOP <=
198 ID Ni2f67h8g22F8wt8CHp9X
198 BINOP /
198 BINOP /
199 COMMENT //
200 STRING 
201 STRING 
o
\g
201 RELOP >
201 NUM 3
201 STRING g\	3S
202 RELOP >
202 ID fy7HlfiWXIy7G1Ib
203 RELOP !=
203 STRING zmj
203 NUM 434071121
203 BINOP -
203 ID mBbNmax6WG4veJ3885d037aNxkWVJvkH4qqpDb0LqVBJ6AiVRejH8U2Kb6y2YXQ6lD2e9TvtN3j20GV4F339psCSP6by
204 ID fJs0iKQC44p
204 RELOP <=
204 COMMENT //
206 STRING *b\"F6$
206 STRING )_M{h	-8Lr
Oj"
206 LPAREN (
206 COMMA ,
206 RELOP >=
206 BINOP *
206 BINOP +
207 RELOP >
208 NUM 0
208 BINOP /
208 BINOP +
208 BINOP -
208 BINOP +
208 WHILE while
208 STRING E\h\+>JX9%`tQ
208 RELOP ==
208 BINOP /
209 NUM 43227047670
209 NUM 640
210 BINOP /
210 NUM 3
210 ASSIGN =
211 VOID void
211 ID zY9ui890rYf66He7CAJ59PfFfuwZq6AphkS2PQ6hoIIPgvxvKDgVrt9cZD
212 NUM 24335883100
213 STRING .n\
K6
K\""",\
u[\\
&\
	W
s09(B2y"
Ej
214 ID bK0tH34nIeJqjyUnBe48sgoaVyd480JVYb1Gd5FX77R5L71tf4yVuX0m7SsClvsiOzSnRvj474q9AxsRn50rJ31
215 STRING @NK\c,	8	>"'A
215 STRING 
215 COMMENT //
217 NUM 83291235183
217 ID cNB79ktHw32ySs90PWl89a1an914F5qv
218 ID X4BwDWQRMPYlegqcX8Cfr69vu20bcr2psvV37u4SUnD384d9zgJ67WC2dzeRC105vw0sRx5oC
219 NUM 873
220 ID lXFp694K62l3YCP4ctKNts256lw2IkP6Slw
220 IF if
220 BINOP -
221 BINOP -
222 NUM 513548119
223 BINOP +
223 COMMA ,
224 BINOP +
225 RELOP <=
226 RELOP >
226 COMMENT //
228 VOID void
229 BINOP /
229 BREAK break
229 TRUE true
230 ID c06fZ0vNVztxZ1Z55N8r9XNW09Xd5580pIzO26LI9Rlfkn4OLTS4I66eFfx9QwegLfsPoF5IRKX660Zpj1xknCge77RW
231 COMMENT //
233 STRING $oV"
234 NUM 1071448078
234 COMMENT //
235 BOOL bool
235 VOID void
235 COMMENT //
236 STRING i
4C	e
Oa.
236 RELOP >=
236 NUM 923060
236 BINOP *
236 ASSIGN =
236 NUM 1
237 RELOP >=
237 BINOP *
237 NUM 608040296
238 ID T2SJgMl8z8LKAm6sb2v8Zj6ASwPfoAMj4EJjBYvs4eF388YoIz1I6MkIoL201lCglwi6iIRf36441zYFn3IM1KNNy
239 NUM 11
239 BINOP +
239 BINOP -
239 RELOP <
240 COMMENT //
241 STRING ASm:jE	\Gt\
{\?

242 RELOP ==
242 COMMENT //
244 COMMENT //
246 COMMENT //
248 ID z1uQL3845b9EwoXWqKMcxVc8nQ8D9WhNbCWKI
248 ID Il886
248 COMMENT //
249 NUM 15
250 BINOP /
250 RELOP <
251 RELOP !=
252 COMMENT //
254 STRING ^(y
8E+
254 BINOP /
255 NUM 0
255 STRING l
255 RELOP <
255 RELOP >=
255 STRING 
Q"	
rZHT

)7c
255 COMMENT //
257 NUM 60091
258 ASSIGN =
259 COMMENT //
261 FALSE false
262 NUM 5088
262 WHILE while
263 BINOP /
264 NUM 6
264 STRING 
	hpj_
-.!6M"	5
265 ID LeSl7YP4zexL5a6JnQGUJuw05fmQxmXIPUCYFbZLW4yBG1Tj631XUwGj90IYfGrcx6068nt2On47hP6w5f2Mr0bf6i830iOv9
265 FALSE false
265 ID ii1ZDr
266 NUM 121110
266 COMMENT //
267 OR or
267 ID P995B9c69m5o0yq50nUf8p0ljs5Xpyc556w9927N240k2K
267 RELOP ==
267 RELOP >
267 RELOP !=
267 BINOP /
268 COMMENT //
269 NUM 0
269 STRING N
Epj
269 ID ex3I12b5xB3jT5kAEDXF19F659H09J77M6J8844913yt0B6XhCpb4F0LtR60vgqc10wDzZAhUIj81pjB0rXi371FNZ6SM6okEHz2Y
270 RBRACE }
271 STRING A
s
xj
/9F;x~^T\	G"h-\RDlL
271 BINOP +
271 COMMENT //
272 BINOP -
272 RELOP >=
272 BINOP *
273 TRUE true
273 ID K7gI06S
274 NUM 7
274 RPAREN )
275 ID q1xXzw1HPegA7zuZ78n223v6JNwxsRHK5zWyCo5Xs
275 COMMENT //
277 BINOP *
278 RELOP >
279 BINOP /
279 COMMENT //
280 STRING g	h	0(q	[z\?(3""@	"	"\xn \
280 RELOP >=
280 STRING 9P\	0D_cwg\Y\
280 STRING 7a8
i
\n]"}iw
280 RELOP ==
280 COMMA ,
280 RBRACE }
280 ID D8go97H1vmfqJVN21o2I8eAT
280 OR or
281 BINOP +
282 RELOP <=
282 RELOP !=
282 BINOP /
282 RELOP !=
282 NUM 4473075
282 BINOP *
283 COMMENT //
285 RELOP <=
285 BINOP /
285 RELOP >=
285 NUM 892269
285 STRING Co
285 COMMENT //
286 COMMENT //
287 COMMENT //
289 RELOP >
290 COMMENT //
291 COMMENT //
292 COMMENT //
294 BINOP /
294 NUM 9572540957
294 NUM 7412
294 COMMENT //
295 NUM 544806
296 ID r152OV4JkGAU3AJQ9g1KGY8wN8010lKCjmdOeKs7k13yaVp3XbO0LOxu8b05joAl6R1ozVGuDZ127o5Fx80neWw14UNbY54drzf3u
297 BINOP +
298 BINOP /
298 ID FMRT
299 ID gc82m5
299 NUM 96147895
299 BINOP *
299 BINOP *
300 NUM 38082693
301 ELSE else
301 RPAREN )
301 ID SJH49CkB5inh4hQS63kj4A1kzKjuVa7GF735vuf4XFIk9LRqsGCz6Xj73IahENs19D8X6h2vLCrw2my1hk95
301 ID fmIZpjFf6S66i0ao3GlG8ALmUjgNFe9605630m7
301 STRING 4U
302 ID ET11INCYb7Tk84742
302 BINOP /
302 RELOP <=
302 ID Q3Mjq3byOw795zZs12N3Y9pEDGwr48orePOY00beKLoJH96834vZN5PmhgnSIEbAh55l29xQy65S53DEkKjg9d07VjgKnzoD56upl
302 ID h32c0Zi7jOCNn51C62DT6i45p414bdyD2Bc3o2owNcb6uJ89lZa80e29NFWsi4vX3bkWjPuN678YuL
302 NUM 232085720
302 NUM 9265
302 BINOP /
302 B b
303 ID I1D1WAt831btz30QMk38w101T3TdVVbDjA46q4VS0ppL5Uua2887yI7pRgoR
304 LPAREN (
304 NUM 2080
304 NUM 2
304 NUM 82955807644
305 BINOP /
305 COMMENT //
307 ID sf8ID3ddajE7nagKjr8R3sNO4rDgDj2830zQYKYDUscFm0b6Sm9Ic3n3A9SW5LooqE7Jz9N6Dfx06GyZ
308 BINOP +
309 COMMENT //
310 BINOP -
310 ID CUEXx494WpltEYg2jeM5Pk8Em5ig
310 RPAREN )
310 BINOP -
310 AND and
311 ID K78uL4fMvAevRsOs5QQxH8UchL12O32otWnk81FZKsYxqJus1qu3OKh4sf7vEXL0335yUmlS
311 ID C665N4xRA9F8QlAr02Bx7mA1WM035rwWQ4MI4WzV4JL25420r02DOjPK
312 ID olZ7ZaT49t2gDBqGyL5f82za1Ple1H4Szvirn4NQ1ELLoFJOb1G9btJGc5C4qoQYbwv21R33Z
312 STRING 7"#\	

312 NUM 106313
313 ID i986X930Ncy0j99iLXPICX1dAxOb5Xc8znvlqVNe18xF6opjtquW5kV
314 NUM 62769789318
315 STRING Q/:	\K{,u	Cb;_C
315 ID a72u115kG8vsY8yzRgbHSHlj1288QF0zMrNFegr
315 STRING 	P
8\%Wsf[
315 STRING _9"
Ot	~fItCZ	6
]"^"\
315 RELOP ==
316 COMMENT //
317 ID tPZi5Q8Zj49OBEHbRlq8UBeFyp2R33I27Ibb6TdATQ7mM1qnO53SQ7F5Ln3
317 NUM 1673352
317 COMMENT //
318 NUM 58
318 STRING 	
	2l+s1	tBp+	
318 ID wqaRHLEA9iUPR541Yh1hP1G2XPa4vrN719qAg6IqJbQveBYa7KUxQ810b489KpAS
318 STRING 	o	A
318 ID ul7AFkc9yRIea1wc8pk79cF34nGf9Hg4kcX018lf0xWIUmONAOPe81j3
319 RELOP >=
319 STRING S1G4
320 COMMENT //
321 COMMENT //
323 NUM 3
323 STRING QH#EqiN
PZczj\OVybc	Z
323 BINOP +
324 BINOP *
325 BINOP -
325 BINOP /
325 RELOP >
325 COMMENT //
326 BINOP *
326 BINOP -
326 NUM 6678219652
326 VOID void
326 STRING 
326 RETURN return
326 ELSE else
327 ID I95V9EXTUeBvi78d1Zf9AOyBrU72q5LsW5a7arJU25qatwWtpk50831k4781N4Ln5F9Emks946g1W33Ib
327 BOOL bool
328 STRING %pe\"X	\s	5QFh2	kr	SxqKy
~Vh	
j<	A97\	;\l?)n
329 STRING E
329 NUM 5
329 COMMENT //
330 BYTE byte
330 BINOP /
330 COMMENT //
331 STRING n_}g\,j%h9[\xx%,%
332 RELOP >
333 STRING {RR
333 COMMENT //
334 RELOP !=
334 COMMENT //
336 BINOP -
336 STRING 
336 COMMENT //
338 ID BIp4P0zrV8VunZrI24H6STwiw9EdcA9ml3pk1a23T9e9SD
338 COMMENT //
339 ID jswK1oukv6j6APd37cEKNf9AaG9HLw6O1gE014OVfSshAKea9LqOWeD85sj56Gpnx4u
339 NUM 9437875
340 COMMENT //
341 NUM 436840
341 BINOP *
341 RELOP <
341 STRING \"L(
7t-i!g
341 COMMENT //
343 BINOP /
344 STRING Y\3i	y-/h
344 STRING aH,Bb)\	
344 ID GjK6D6r69K88j63avK554nP6ZPPUW6I1h0HmHt5D8AFh0s0Y0v2Tv6S3
344 STRING fiJO\Do#\
344 COMMENT //
345 NUM 7828
346 TRUE true
347 BINOP -
347 CONTINUE continue
347 NUM 2686032647
347 NUM 2927920
347 RELOP ==
347 COMMENT //
348 COMMA ,
348 NUM 504500
348 NUM 80826068
349 BINOP /
349 ID FEP6Z1bcZ71ctOD6KEE5MC23l6sVZqSL70g777yD4OT123m6MlDo0CeEtXQ0lQsY2nF5hEG87X3HRaI3YZk6pSYc24FOLA
349 STRING yf	=	dtz\WaSg|.	O
349 BINOP -
349 NUM 2204739579
350 STRING 
350 STRING A"]M'
'_w!PdCp] n{ E	
-\"ij|I	B_
351 RELOP !=
351 NUM 370579
352 BINOP *
352 ID Sl3z2g5gHX6E82f
352 ID xNE7lkQNTT6G9CX3imh
352 ID LHGF1PED42JaEs3s36r743VEdylB9z1Ax9V4152ffgz4pRbWyG5yLUt2491a2RET5DN37PmEh7
352 COMMENT //
353 ID L2PXgii66oG7k8see5awrGazum2W75IJMJnvaRPMx9d49t5R20JzI7EXADrqn8tuSvpPIj38P1maiy5k530204oN9ii9nJI2Xn12
353 NUM 860
353 NUM 77188067492
353 BINOP *
354 ID JrxKPX9iBdy7uN9Ryu5FkklbR7UQKNmdfLwqJ0lpW68659vxgf36Z9FnpFXKU
354 BINOP +
354 NUM 742121453
355 RELOP >=
355 NUM 38
356 STRING 8nN""
+\O#h"v
357 COMMENT //
359 BINOP *
359 COMMENT //
360 NUM 53345730062
361 STRING N
	j~2Y\{ yX!a,
\1V"wOCn
361 RELOP <
361 BINOP +
362 RELOP >
362 RELOP <=
362 NUM 1921980
362 COMMA ,
363 RELOP ==
363 LPAREN (
364 ID JBNeFak2NKen3fM721i1sGbU5675DW3h86zhYA25WrpzhEtvnR0QG9pNX0tmAo7XHSj798d4I3Ireig4CV6D5mg
365 COMMENT //
367 RPAREN )
368 ID n6NMgMU5x5GGPdc4JsWIySzw4wGy4f5WH7kQR0Ql43z44y9G90ShTH6k90wBO4bU1c40wK3hY5K6tXSz9Nz7P430sJJ8c
369 STRING #1%oIM^4Vg"'K"Y9"w9!~+
f.
369 ASSIGN =
369 ELSE else
369 RELOP <=
369 STRING ]{V3
r+	C'=c"bR5\
3;Y	C
L]
ha
369 RELOP <=
369 BINOP +
369 ID EejGgPGrh8RVZ36dmu6duZNDEji3fn5ZK81E0AZ4Po
370 NUM 822323
371 NUM 21869045
371 COMMENT //
372 ID L7G4GaLaECjD3ayFVVXtkCV0q5k76oe3
373 BINOP /
374 ID kOVV15z92cb
375 NUM 674856283
375 NUM 81964793
375 NUM 88735852
375 STRING Y\
375 COMMA ,
375 IF if
375 LPAREN (
375 BINOP +
375 BINOP *
376 NUM 50364
376 RELOP ==
376 LBRACE {
376 COMMENT //
377 STRING 
377 ID ZiE0y01LTNp35R4M535G51foQ8uXeGrwM
378 ID X0RK082Gxz67iPFPp8m3AFtFrF7Bh
379 ID q94IWV5QL6It709
379 NUM 68562278
379 RELOP >
379 COMMENT //
380 BOOL bool
380 NUM 85364
380 NUM 50746188292
381 RETURN return
381 STRING b

"x	^"g	"'?"e|D$jO.
"?B\BE]W=xp
382 ID A8d1STeZQX23873e0Kj1v70p9Xt89a4z7gv1L44Dt67L682WTlaEQ7Ii6q97l0861KdHvO
383 ID zKAJt46a6MLMNnjZSKXGpu1337moz4aUXTA9pVzXAPH5NPbZ91a7Q7M5mzRccqNQj1
383 BINOP +
384 NUM 33262070
385 STRING m\oOADHC?Khe"
385 COMMENT //
386 FALSE false
387 COMMENT //
388 LPAREN (
388 RELOP ==
388 COMMENT //
389 ID dUyBfFpC29vJxx637khzKhzKs7qEjv9y0bPYLZK7z94C1C0
389 NUM 2245
390 RELOP ==
390 ID o7JYt98j4kY22Yn5uTtke7pr0
391 NUM 491100067
392 ASSIGN =
393 NOT not
393 BINOP -
393 COMMENT //
394 ID V4ZyoetW482LS359B60tf9l72448ZuDS0sSM12694L357dP0k89D3NSGC4ijv346jfmZ6Jo6513ChtdTN2o3BwnyGW531g88
395 BINOP -
395 COMMENT //
397 RELOP >=
398 STRING k
398 COMMENT //
400 ELSE else
400 STRING J4	ahh\\#sK"\wd	DP\J	,	$
]@]$3K,mJ(	
400 NUM 64030127925
400 STRING \7	H	3I \TX

Nv
400 NUM 0
400 INT int
400 BINOP -
400 RPAREN )
400 ID p1GYZ7xBF2
400 NUM 66153472590
400 NUM 74
400 COMMENT //
401 COMMENT //
402 STRING 6O1tU>7
uJE	EC
21jB
k\	oO

402 COMMENT //
404 BINOP -
405 STRING yB\
\LW
405 OR or
405 RELOP >
405 RETURN return
406 NUM 717403
407 RELOP >
408 RELOP <
408 NUM 55
408 COMMENT //
409 NUM 3797014750
410 NUM 41
410 BINOP /
411 ID XL8pwx2Ue0
411 BINOP /
411 STRING o^
0\;<=KH5m/yc)D;|H
K.u1}U_Hu6Hbg36xi)z

S	EM5]
&

411 ID P2wJi3M8ESb7aXOf6PEbx4I9xUEbKQWg7LHxxyNV23My2dSW893ZLvx4z1hJUzMr3r
411 TRUE true
412 RELOP <
413 BINOP -
413 BINOP *
413 COMMENT //
415 BINOP -
416 ID iliHXUk0R3Xe506uq5w45XIVGCHhy6zogOxam24PQktaJVO17S0lXbR18lCG95H
416 COMMENT //
417 ID L31BI7M3XMP3cSRfR3K0z5
417 ID k2SdC8uB4bitN2
418 STRING " Z	 
419 RELOP ==
419 BINOP -
420 BINOP -
421 RELOP >
422 BINOP +
422 BINOP -
422 STRING 
\Ut"F
kU]Sl#	-			\
423 CONTINUE continue
424 RELOP <
424 COMMENT //
426 TRUE true
427 COMMENT //
429 TRUE true
429 RPAREN )
429 NUM 371
429 COMMENT //
431 STRING ad1
e
432 ID Zr1k17M7k6121BN2NU64TkF0Higiti9fe335goqt95fZJAp66e9tM
432 STRING `3T
TY4.r{"x
Y"u"Hb5s":\f
loo(/"Kn<5wi"q
"	v"9
z
z	}Q
433 ID ffSKvE57yHzqQa
433 STRING 
434 NUM 7716768557
435 ID kvhEePS3S7z44v
435 COMMENT //
436 COMMENT //
437 BOOL bool
438 STRING =v*4&ne!OK2
Ztx^0"@Tj\"H"~
438 SC ;
438 RELOP <
439 RELOP ==
440 RETURN return
440 STRING 4"&laT\T*\9

440 NUM 5
440 COMMENT //
441 COMMENT //
442 NUM 33363
442 RELOP >
443 BINOP +
443 RELOP <=
444 NUM 6037948180
444 RELOP !=
445 BINOP *
446 COMMENT //
447 ID G69GlV9250J93UPCwvKi8391Vk0KUWBZZr1U8w20g9o57NkG1K0oyMco5s8h2z712rYv9ZUi0tGhR9
448 RELOP <
448 ID aQuiHDy5MO72vpIt9Q7gMLv1F82IS12472o64oN3M0n7Lqn6SE2khWs73m
448 BREAK break
449 NUM 78
450 RELOP >
450 NUM 6353859659
450 STRING Ns"8K'7t2#	Je\
B\\4o
450 STRING M8


F"7/"deru7ZJ _?L%}-IvPD"xDi
450 STRING g{n	\-'""w''K
%E
451 COMMENT //
453 RETURN return
454 BINOP *
455 STRING \]H|(
dLM3\aF&
27N\I|r2\^f^\j(""q"
456 ID KPfa59
457 STRING 	!B"+	szj
457 BINOP +
457 BINOP *
457 BINOP *
458 IF if
459 BINOP /
459 RELOP !=
459 STRING \/pt9
459 STRING 
460 COMMENT //
461 BINOP +
461 STRING 1@
461 ID jLRCUEssYmg23V0MegMpf49fN7nm
462 ID a951cDUiU1j
462 RELOP >=
462 COMMENT //
463 COMMENT //
465 BINOP *
466 NUM 78
466 NUM 7759825
466 STRING 
M&
467 RELOP <=
467 BINOP -
468 B b
468 RELOP >=
468 STRING iT

468 STRING *Sm}J
468 NUM 472549835
468 NUM 63164
469 BINOP +
469 INT int
470 RELOP >
470 ID Bj1ak83H73b4cImzmM2XIDketARq5kk85cDoya4WYS8E591W4j2nhPawfT9m9o6g70dub4066u41Bm9qxOP043D1GrbYs2EAn00km
470 ID hUzY4NZ1v23CwpEWB176GYADj4
470 RELOP <=
470 COMMENT //
471 NUM 505479
472 NUM 179084
472 NUM 865723
472 RELOP !=
473 NUM 749217116
473 RELOP <=
474 RELOP >=
475 BINOP /
475 BINOP *
475 STRING vE\
475 ID XgL43Y88873lpsn1aIXT519ZTQhvIe1XjK8Oo2x8VCXHsn
476 BINOP +
476 STRING 
477 ID nIS3uv1XLMK9Py6H90do5Xv9nz5PQId6R3k2TSIzrKiE32V2m
478 VOID void
478 NUM 3
479 RELOP >
480 NUM 296902
480 NUM 136
480 ID E14B65Y6n3y1mHGc3IcHOQ31
480 BINOP /
480 BINOP -
481 BINOP *
481 COMMENT //
483 NUM 881
483 NUM 62
483 STRING o\RZ\\y\

4-|\o`awB^j	"n
483 BINOP +
483 RELOP ==
483 COMMENT //
