1 COMMA ,
1 STRING um
1 RPAREN )
1 RELOP >=
1 RELOP !=
1 BINOP *
2 ID vJW9auvWibc7P81
3 NUM 0
3 BINOP +
4 ID Sogi6r0w5zux1lWjA1uhP50q3Sph2a9QNqyh1Bhikv38prqXl6y
4 BINOP *
5 BINOP -
5 COMMENT //
6 RELOP >=
6 COMMENT //
7 STRING m	
b\J%\	[0
8 NUM 7
9 STRING 
9 NUM 96
9 ID d43qi16991AyH5g1Z1b0X5qGVYS3Ibn4j6b9XeG8g3S7AS1loo12uZ
9 COMMENT //
11 SC ;
12 COMMENT //
13 RELOP !=
13 ID KHJFKIQEA5R6783GhTV9490Q2iEPpE9Hm7h26h
14 BINOP +
14 BINOP -
14 NOT not
15 RBRACE }
15 STRING 
16 ASSIGN =
16 ID jg073fPE8teW2Oaq22Q4IR1lzXc0aocW56Wb8J1x5t9qI795B6YV346PgtrJPUrJ8W17Q6kw79l605B7aWBF4Tu7B333mlr045U
16 NUM 3
16 NUM 2803
17 NUM 4811
17 COMMENT //
19 ID daA5JZ4Z2RjQ1YXXY2KWfC72a0Sqc4GSRwd1b3P1OZi4xKOnUl6HpaI6ScH05O2L3t4cTnWf8f977IpFG4BFuw1UEV6jlx5M62n
20 STRING )1:
20 RELOP ==
20 ID gEDR9uNTH0p1AvISp686v012QOICVV6cSCjh5B0cU89nBG4dqB4G
21 RELOP >
21 STRING Gk"*lG
3"C"Xa(#H"|"
21 ID cdQ1WJ8SvqaMNKu2mQ3cL6CX2dZsmc6R98rNv5KE2f35a2Al71v7ZP0jMxLibcxr7D1jy98tJ03F07U4V76Q43KCQVxwk90F
21 RELOP ==
21 COMMENT //
23 NUM 7886456734
23 COMMENT //
24 STRING YrK\"	g
]Uu
h
\FryN	N\Oi"\9	2		R
24 BINOP /
24 RBRACE }
25 NUM 303
25 RELOP >=
25 COMMENT //
26 BINOP /
26 RELOP >=
27 LPAREN (
28 STRING `Uc	"b\	VR
>#
	E	
29 STRING ug","-

29 NUM 28521
30 STRING ?7
AihJ"uO
31 BINOP /
32 STRING T?&OFFIsQ0Yqs(a		Wvo	%
32 RELOP <=
33 BINOP *
33 COMMENT //
35 NUM 460339
35 NUM 7629459
36 STRING D1"\#l"\D\O1jQ37T
"P}
36 ID LYox9dqTX46cwD
36 RELOP <
37 NUM 2597871909
37 BINOP +
38 STRING ^X"elJ
39 BINOP *
39 RELOP <
40 ID Ow2r5Bu09gZfkr6qw655ZI5t5WeN7WwB5rV7zbUg09x64auAS6zZUvD2zpb1C8Wtqy27G95RxB64D74N5b965CvjKc8
41 STRING 
[J7"Fk.}M4 =B k#?\
41 STRING 	C3d|.	}2*
41 RELOP >=
41 STRING \\87
41 AND and
41 STRING {{a}ZcCG"O2"x4"gjM9
41 STRING -
41 COMMENT //
42 B b
43 ID i54K1tjkW87z1Dc6y3yv89RU4F5buy92DZi610o1lQ1sUTIXw2QYFCwKZ89LN0p0etFzIPZCgdfv0Wmfc92L
43 COMMENT //
45 AND and
46 COMMENT //
48 ID PfdlumYI5OXk62MUT0g6lL36k5712P41zh6sPpH42Jvjl9PGLNP34vUFvtQ5gqtlN2K1K7aU919NpXE7P5DVEYqMCQUWKi
49 BINOP *
50 RELOP ==
51 STRING "l4S|5DO
	
51 BOOL bool
51 BINOP -
51 SC ;
51 ID A8g7PQTq
51 ID h3u5XE3w09r9g5Q705P8yq507la64BnsVqwy
51 NUM 2
51 NUM 5
52 BINOP -
53 ID x576Xk90K5k4eZ8fGdr0D89RN7TqBK86i0p257p3po1py17Unq5B3N9S1KuP57S0jeC2P82JA91K9h
54 NOT not
54 RELOP >
54 RELOP <
55 STRING 2*"

56 STRING 	>"5uptf3Gh'"0\\d\34	rd
57 COMMENT //
59 ID D6NBlQNF7oZ2E7UZo476V
60 STRING BL
61 ID d6493I1lxE4CFv90c2sYZj8nyA9tZ51jESgae2J4UjOAhuQ4j9Gx43564wWOXgaCj6Baa6hPU3q4TDltfif7u17DhBM6L8H61
62 ID sRU5jU47Qvr83q3j014ua19W7m7mJ7LMJwk8yW33wv3MorESocR5H0n6mI25gBMp84g0IXy89CqEnQ
63 RETURN return
63 ID FvYZI
63 NOT not
63 RELOP >
64 NUM 51819095770
64 RELOP >=
64 ID QmvZ4O8l7NHpML0W
64 NUM 90574933241
65 RBRACE }
65 STRING 
	$>A
<_z		w"
65 ID uLm7D863413ky0Yo5J8n7sU95DutMF2P1y9E4xsgcUb1M4087U1wj1fXXoMjFwLW67k389f
66 RELOP <
67 WHILE while
68 STRING rN
%J"m	dTf"/"tgC	B<[l
69 NUM 4013693
70 COMMENT //
71 OR or
71 RELOP <=
71 COMMENT //
73 BINOP /
74 RELOP <
75 NUM 756125
75 IF if
75 BINOP -
75 NUM 31598899376
75 ID o2CXrDDyK9Y2PoV6hi2W72tBJyiKtt6rJ
76 STRING "P[>Cv"AEh
$Y&Pmy
76 STRING  
77 ID Lmke9a9o6
77 LBRACE {
77 STRING <	"
77 ID ID
77 BINOP -
77 COMMENT //
79 RELOP <=
79 BINOP +
79 STRING (Qf"
79 COMMENT //
81 STRING :Z
82 ID y01HVP94tiiGKF9i3Z721Zvy29Fg4gfS8a42Q0Tuqmk1I7Vg7f381eCeZOA7
82 CONTINUE continue
82 ID XWxI46k45LTnMbz2s2hedKRHAWFof81GrpN7XCPF11SJD1f49
83 ID z43RCNEOCwSpyG2uV550pkx88Q8m0XuP840x5u2ZKt58h8Z7v09N2H4N2gw0GgvI16y2b5yo9LVn8RHo
83 NUM 392150989
83 NUM 5898262933
83 RELOP <
83 RELOP >=
84 NUM 471369011
84 RELOP ==
84 ID SAo4FOwAJ01qZO541QZyQM1B9x9TUP8wS010rpAC5t5YpRxR5fncCIe8276xYn8xZU5D2T6pgCj02EghjOMY67049Bi5zJn
85 STRING Q	)\O^""	2%9
85 COMMENT //
86 BOOL bool
86 NUM 5228802
87 ELSE else
88 COMMENT //
90 COMMENT //
91 ID CdkmVg6i
92 ASSIGN =
93 BINOP /
93 BINOP /
93 STRING 	P:FsT
94 ID YcsMooTv86BsD70AiDP2t7B2XDYBz3z5Xl3
95 RELOP !=
95 BINOP -
95 RELOP <=
95 COMMENT //
96 NUM 0
96 RELOP >
97 ID F6Eb3ZH9i1h5MvVNUf44Zc6d776515IAdsc78SDrGX0HraUEf81DdN9z1Y3
97 NUM 6643
97 NUM 6199
98 STRING d>1w
\u&HIM
99 NUM 2179
100 BINOP *
101 BINOP *
101 NUM 29393
101 ID EZ34qrq6L7K8PBEU41i6HR1tuXe1CDSD60YULaH49VbSAF4R4xRokED9IJJoAyFr195t6pt92
102 RELOP >=
102 BYTE byte
103 RELOP >=
103 COMMENT //
104 OR or
104 COMMENT //
105 BINOP *
105 NUM 8024817
106 NUM 5155716905
107 ID JR4TDe5u31Fqip283yUL62H3
108 NUM 76172440
108 NUM 5314182
108 BINOP *
108 BINOP -
108 NUM 842
108 COMMENT //
109 ID U606wmQ1H53L48R3N2djYnY50fHs9n4RSWDHQu6Gp9Y
110 NUM 462
110 COMMENT //
112 ID kZR4zAFg07vGSSGdV212WgfwTkqzeznkzSE0Z7Z5Hsr
112 NUM 251827
113 BINOP +
114 NOT not
114 RELOP >
114 STRING E/9_)_	
114 RELOP <=
115 NUM 39
116 NUM 71230135751
116 COMMENT //
117 BINOP +
117 BREAK break
117 BINOP -
117 ID B9A990xkiHme7E
117 ID c1PN3S92h8yi095ok00j3J3p
117 COMMENT //
118 BINOP +
119 STRING d^
120 RETURN return
120 BINOP *
120 RELOP <
120 STRING IO
9cuZ\,P}W+
120 RELOP >=
120 RELOP >
121 NUM 675199312
122 BINOP -
122 STRING 
l`
122 NUM 521
122 COMMENT //
123 COMMENT //
124 COMMENT //
125 NUM 0
125 BREAK break
126 RELOP >=
127 ID i6EYmnLv0v3Rg126GI2WUAVWA4Qe
127 BINOP /
127 STRING u\,U!(\U\[
JpN"

127 STRING *H"*&5Mjvp""0u
127 ID ZOKk2WSU9zqvff35CxB2d20tFJl248q38TNj9cETSUqmcaZL24CNfkLjtVlsd1MO8ptE9
127 BINOP *
127 RELOP <
128 COMMENT //
130 STRING ""
130 RELOP >
131 BREAK break
132 ID vmp76s2m3fIrZk39lt5Xm70WU00v7w44s0GJO5XQb8O53D72j1g6ikw5qxkk9BhPXk0wDTNIt4jGk3FmIDDQR1u5q2rmJA0GQS
132 BINOP -
132 NUM 853482
133 BINOP +
133 RELOP ==
134 STRING foVw	{.	o	
135 B b
135 ID Z3t5J4vyN7mwTCuOC9m6BFYMZ95r0CbS7RzTx1l1ugyk8aby36PMVVM7hG9
136 COMMENT //
137 ID hQK3TLmQKykamStR90ZFnxR0DgNpLh8rFDDq45Z1J7S1dQhH1qPp2G5fS8sq8sisrgr0Zivri
137 RELOP ==
138 BINOP -
138 BINOP -
139 COMMENT //
140 NUM 51
141 STRING [kNe"M8
141 RELOP !=
142 B b
142 NUM 943002
142 COMMENT //
143 ID WAPj6LV447BkTXs857qrIsA95043SA976Se1XItnmBHe9FqwE73mn3fNlezZE5Dt67U4hb6my2uA4kZk807lLTOrWjZU7IrK487i2
143 BYTE byte
144 STRING r(\f/~d
144 RELOP ==
144 RELOP >
144 STRING #r"
144 BINOP /
144 COMMENT //
146 BINOP +
146 LBRACE {
146 BINOP +
147 RPAREN )
147 ID QyYK2s7wR5z4b9E4VxHGki0OVA0864PGh6SP29zo2MI
147 ID z5a5pk5n78r5AqY4qh5LfC7bqja0R
147 BINOP +
147 BINOP /
147 COMMENT //
149 RELOP >
149 COMMENT //
150 ID rDLDhybw6UVyMK0a3lQG0Os2O6j48KC34kwj2y8
150 STRING 	fjsM
X
s1F"( 
151 STRING +t,5
151 NUM 154485824
151 ID qOn1P7RO1jZlxAZlQ6582TnBu8ljGgSjkab3vaoxiozVp7aFu8FX08i2g65917813L5yL
151 ID h88rLP492H93og5C9gNzyy2TSEb52cn5Wx4c09
151 SC ;
151 COMMENT //
153 BYTE byte
154 ID Shx45l13LDLUj0G0oYM646BVTVJqya78py0JV3bhje9are1i8I6hpDT2v
154 COMMENT //
156 BINOP -
157 RELOP >=
157 LBRACE {
158 ID cnplc2B8Dnngf7i25KoGe3Ob61s5Av04e2d8G5x5LDne4OquM1MOi6tK0i74vL6rF2qBIC2E0SOgIv6Ian0v7NUy3EQ633b7Xg
158 BINOP -
158 STRING Y
kB
158 ID TK7pUsIki96RbddmSpd6Wq
158 RELOP <=
158 ID q5oDztS8ho86wvt10HU0Xk0VEewg2J2Kd0FYkCA9b751GO7q8b8kZAZcW5VnIwmEQcuCLuL65k60J9kJ37VebqiD9N845O
159 STRING ;
159 BINOP +
159 RELOP <=
159 BINOP *
159 RETURN return
160 COMMENT //
161 STRING 6;`Z"{	V\
#\b
161 COMMENT //
162 COMMENT //
164 NUM 618543079
164 NUM 43
164 STRING  !		\W
165 NUM 2526467688
166 OR or
166 COMMA ,
166 INT int
167 RELOP !=
167 BINOP -
168 RELOP !=
168 COMMENT //
169 RELOP >=
170 STRING 
170 COMMENT //
171 BINOP +
171 FALSE false
171 BREAK break
172 NUM 86
172 RELOP <
172 STRING J	\n1<.f/0\
x_j
O\%
	=TlJ-
0UKW0fiP&h}$\q
@Wqe_a^&
	P%\\{>L#	
173 ID jb72kOEmW9V84z3FJcHQ0Z1ajr8x35p8x0eitQ92SM57RZx5JeHvH
174 NUM 8748375817
174 STRING &>U\%\PJ:_x?
174 RBRACE }
174 STRING 	~
174 RELOP >
174 WHILE while
174 RELOP >
174 COMMENT //
176 COMMENT //
178 BINOP -
178 STRING .
178 NUM 74168
178 COMMENT //
179 ID oFGt6pyc7QRz903Y926
179 NUM 886214
179 NUM 85698
180 STRING #
180 COMMENT //
182 BINOP /
183 NUM 85
183 BINOP -
183 RELOP ==
183 COMMENT //
184 COMMENT //
185 RELOP >
185 ID f55w7nfe1z2w5r6kS738P89NPR7e8k05R6ratn1tGa0tQ9JDTu5uOd2U4862YoK46SmuaB8dx1QE07GZE
186 RELOP ==
187 STRING A&^y"\\\%
187 STRING 
187 RBRACE }
187 STRING p\\\hOQWhR$n%FA

187 STRING KU
188 BINOP *
188 BINOP +
188 BINOP +
188 COMMENT //
189 COMMENT //
190 NUM 4416617256
190 BINOP +
191 NUM 90552428648
191 STRING 
191 ID W13AiT8tlcQw28EQp8jG004p3Uo6G
192 BINOP /
193 COMMENT //
194 RELOP !=
194 STRING W^&0lrD49~
194 ID SZ8G6hsR533IAw4OuUP9sy5PNpO5dDbD4vA41A609sc8T8BM31e8o71
194 CONTINUE continue
195 BINOP /
195 RELOP >=
195 COMMENT //
196 RELOP ==
196 NUM 3087915
196 NUM 154
197 RELOP !=
198 ID CHA287e8niQ6nYyY70U25WODE8DyrDr06RP4BFadp09l68rsR30TTz698g5vv4wP456jK
198 COMMENT //
200 ID VsU66nBS89p64v
200 ID S8n5sRd3w64sPUK76C140l7lGFW074jVWkR
200 ID A6f4lluXcX0P5SzSnX424duwqA8ArH3jfiuZ6Fe7j1P56T4p
200 BINOP /
200 STRING |
200 BINOP +
201 SC ;
201 STRING `w-[
201 TRUE true
201 VOID void
201 COMMENT //
202 NUM 20642
203 IF if
204 RELOP >
205 LPAREN (
205 RELOP >
205 COMMENT //
206 STRING I'f4)H"
~KE}\
&.\	ADO8#oses1"}
G\B=+
206 NUM 5472208
206 NUM 0
206 RELOP <
206 STRING 5P:;\O	
3
Nx. " 	>5

\
Ze
2X4
206 RELOP !=
206 BINOP +
206 NUM 251726765
206 STRING "
206 LPAREN (
207 SC ;
207 NUM 8865771522
208 RELOP >=
209 ID voiMZ97JOToYPcijmM5AJbIVwjV3
209 RELOP >
209 NUM 60363892
209 RELOP >
209 RELOP >=
209 ID BAO9H55gt0lbEZ6
210 RELOP !=
210 NUM 78310706967
211 ID IX03HA01J1H9UHl9N
211 COMMENT //
213 ID YKp4g8pDVZAaaaLQDMd4Rnf0zsvAGuDr30z0e71MCO4UvhfH7W0bphCVDjQ6t8RYOiw2qcdAyHw2bYzv20KMG41U0
214 NUM 409616642
214 STRING s#3=v	
214 STRING )\"By#+
*\
M\]s\9Aa
214 RELOP >
215 FALSE false
215 ID SV1GoDQntLPeofDJoPDyvZg62f2VsMyLWH8ELqzPC9xN2cd41FG2EZ9N8Tj99H14b6MQ6HwZ25J72F
216 STRING c~"7:D"
216 NUM 9
216 ID Bcxqxne8lhY6uIl5EUs0b3K6Ros5vTJaxGLdqg
216 BINOP +
217 RBRACE }
217 ID JFi0UFW5Uew
217 BREAK break
218 STRING X<^-;VG!T#[*[""v\X)k"J	Z\"	!L\=,d48k\u\%2um
219 RELOP !=
220 ID D34zb480vg7YC2M2769R13abP026VZpQ48BwUA656
221 BINOP +
221 RELOP <=
222 BREAK break
223 NUM 92397605743
223 STRING 	!""*a
224 COMMENT //
226 RELOP <=
226 RPAREN )
226 STRING NJ\/y
226 COMMENT //
227 BINOP +
227 NOT not
228 NOT not
229 BINOP *
229 ID d8LlRwlNO2Qv8aX767dTY2P34dDXmjxyGAPiznPnhpOOMf586tCJHscCnIlWoxv84m7uQN
229 RELOP ==
229 STRING 
230 ID fhmDk
230 STRING 
231 ID Ye2967Uj136rfMqMP1w7KhU7nE1c8kmpBx501un3Z6tv8VeDcQBhe
231 BINOP /
232 NUM 571371
232 NUM 14
232 BINOP -
232 COMMENT //
233 COMMENT //
234 RBRACE }
234 ID H8QH59w280A0jf6H4wo0O0K805WyJFmUN08QMk2u1PGj4g7WnO3w9sg
234 COMMENT //
235 BINOP +
236 COMMENT //
238 RELOP >
239 NUM 6196
239 NUM 66861679
240 COMMENT //
242 STRING tUIT}

243 STRING &"?-BU{JUk
37#0YD}j
243 RELOP !=
244 ID yuslL39b6Ff389Oc2Ie94UbLvY8BC3Yi2uwUFv
245 NUM 50
245 COMMENT //
246 RELOP <
247 BINOP -
248 BINOP +
248 NUM 23399268268
249 NUM 56036434
249 COMMENT //
250 BINOP *
251 COMMENT //
252 BINOP /
252 NUM 5625
253 RELOP !=
254 COMMENT //
255 COMMENT //
257 STRING 	
>\WX68-%^M0T$2t\f/
258 COMMENT //
260 RELOP >
260 AND and
260 STRING  \;	?

v`e
261 RELOP <=
262 ID O89ksGz3YXN8kbeujT7txwLyjq10vGJ
263 RELOP !=
263 STRING oux1	8D	EwfK
:^vXBO.gt}	ZtK#	
264 RELOP <=
264 OR or
264 ID kyj0CQXh9W5v3SMD8ac83v2X8wGQMfYxreqPLAQUvNdPc4026CU94sb3jku33Y6lChJDnN4a
264 NUM 44316
265 ASSIGN =
266 COMMENT //
267 STRING " 
267 NUM 6
267 ID Mj9536cX3J5CfP5vol34P4mUrEOkUG5t5zGyUIkVuIC7oL6lxa9AQ2ui01G5x9L6Ayz67pN1U
267 RELOP <
267 NUM 398
267 RELOP ==
268 BINOP /
269 RELOP >
269 ID bzy5E06y6o199zNbS9h1vi01O3237qWs93aOF6P8
269 ID QoItShgeBW0997AcG3D2qQwXMxal03JA7W3zlPd7ItAK98X0ROuc15ESiBzFd6QZUwYHHF5P5F
269 COMMENT //
271 BINOP *
272 BINOP -
273 ID x8iX52v5JA263t74sP113uyAFJCYRhaCQCM9Iqn7f8RVv9rc0Tlj7KoDYOHEr16Azh8y85rGO9ccHv20LhNb9aiU0hwr466
273 ID c8
273 STRING 58C	UK""U.yPe:s
273 RELOP !=
273 ID mry786Zq53PdIFnAAKXMkdn6mS17jk45896Z2FD83qan3kYlbdw4X6q6P8cC4pj60U503TJQN1RZ61V5Tte7i4ntPkWT52x2pd8cC
273 NUM 710
273 BINOP /
273 NUM 1675
273 BINOP *
274 NUM 3973331
274 COMMA ,
274 BINOP /
275 STRING 6b/J
y^3>yU5v
U4m"ZJ"4Qk
	5h	
276 ID E8LIvKotZsT7xqbJNQwxE3CGX4oMib4ziOy11iuc
277 RELOP <=
277 NUM 739762
277 BINOP -
277 ID Jmy33vfOtR51Vzjn6K9XwI92y98Q35t8r0xO3z223Sz7c3FGroyyBoZrF87661eJZ7hk6178YAnG1KDXmbt7
278 BINOP *
279 ID PZ2QO25m354eJ0w20D748R9Hz7ju856Qc5kd6r657Qv115zlLu
279 BINOP +
280 RELOP <=
280 BINOP +
280 FALSE false
280 BINOP *
280 RELOP !=
281 BINOP -
282 COMMENT //
283 ID C55o29xgGs6cqc9s1UTLkPYjP70Fz6nY5s1r975DVepl29
283 BINOP -
283 ID pMv0qo6i3rTaXfu0974v8YK92ZW4NAk109lt8Xd7nPW4AsrG7mFYxqi92
283 TRUE true
283 STRING G|
W*cnp'`~"~@?T{d?
283 NUM 939
283 RELOP ==
283 ID MuSmzGYhs2Oh0BcdoQ4CyE0Un08f6doxKM23M0T08q3O6gGTwJqN35R3cJNndaUxqm6ASNogszNbDgGKR4I6JD6qkLITTvnWeLVS
283 BINOP +
283 ID ayLikAdIgbLLfE924n7Vf8v1DPT0jYTmbREZsH
283 COMMENT //
285 BINOP +
286 RELOP ==
286 ASSIGN =
286 COMMENT //
287 NUM 8854934490
288 RELOP ==
289 COMMENT //
291 RELOP ==
291 NUM 836527
291 NUM 94176803
291 RPAREN )
291 STRING 		"4"]Q kcr
 f8wv80"4\%
291 ID H83j3P3jeyu0P9333Ddam65k4371wdhnj972H446m75CHO1
291 BINOP /
292 COMMENT //
293 NUM 151043
293 STRING <
293 COMMENT //
294 TRUE true
295 RELOP >
295 COMMENT //
296 BYTE byte
296 NUM 991431
296 STRING :r AIg32^
297 ID C3dkzN7Z6ewlr2fPm4K2RonfDpnVs8iX4DNl2K3dW
298 BINOP *
298 BYTE byte
298 STRING \	
"U	<&
298 BINOP *
299 STRING s
299 BREAK break
299 ID sO0N3VeLC5
299 COMMENT //
300 BINOP *
300 STRING 
300 COMMENT //
302 STRING \\2K_O:'Q)bB	L}
302 NUM 0
302 BINOP /
303 NUM 7048336688
303 BINOP -
303 ID l5Vl1u5
303 STRING Mi\
303 STRING }k1\\a
8fs
>0("0"$

Y	@\(nS3\J,

304 FALSE false
304 ID Zt9k6fgtXY6wbAj8d6Z63L87ND03K359OwD4XIXzrA910PVAhYM9y2Np1AJd86kO435Jl39FLoj
304 COMMENT //
306 BINOP *
306 LBRACE {
306 RELOP !=
306 BINOP /
306 CONTINUE continue
306 LBRACE {
306 RELOP <=
306 RELOP <
306 STRING Z	uY
306 BINOP +
306 COMMENT //
307 COMMENT //
309 COMMENT //
310 RELOP !=
310 COMMENT //
311 COMMENT //
312 COMMENT //
314 NUM 0
314 BINOP /
315 BINOP -
315 BINOP -
316 RPAREN )
316 CONTINUE continue
316 BREAK break
317 TRUE true
318 ID GFACa0U8fA8C0av4yO4e60NS6URn1k0t6
318 COMMENT //
319 RETURN return
319 NUM 0
319 RELOP ==
319 STRING 
319 BINOP +
319 COMMENT //
320 COMMENT //
321 COMMENT //
322 NUM 175
322 STRING G;\
J	aC
323 ID LvuDbR32oqE3Qi3f8mqAM4trFnhC3JlkIfCZr65XdxKveUdLOIOgqO1QHQohtHqkcUrVlhYnU3XX75MV9l78c0
323 NUM 6
324 ASSIGN =
325 BINOP /
326 RELOP <
327 ID YyJgm0mTm1G38p65F3qh6LG33q6OfD6kS1GdO2W0s2
328 COMMENT //
329 NUM 0
329 RELOP !=
329 RELOP !=
329 STRING te"?w!R/p\	n@X|5eB	!
\Y"&*8
lQ
330 BINOP -
330 STRING x}"qBF?0Fi
330 RELOP <=
330 STRING ;7PjB\"
330 BYTE byte
330 BINOP -
330 ID A10L40xc8EDxC4G5zQEx24wr501cK5js1LEWwKJr6RYIehLbX62ghf42T1CSyPQ9MvUmnz
330 STRING MC	B
	!q\Fd	b@-gB6
>CHdp"SxuP3
330 BINOP *
330 NUM 95608492
330 CONTINUE continue
331 BINOP -
331 STRING BI\"$
f	
331 FALSE false
331 ID dTQt590gH2o0U98y7YsRn7QMsR2SW1345N16JL1mCruwH0YG59tb710OIYrA8mHTDk131LcO1BJ
332 BINOP *
332 BINOP -
333 ID IJQm85wgu2HVOGJRHRP1Qrq3uV33nujke9MV09L24v8rwSH7438Fyw8i6
333 NUM 595730
333 B b
333 NUM 17890
333 RELOP !=
333 ID lDShvxSfkwb0iR2R2I03W5cshi5A8GtQ24T6
333 STRING !\X"\[
333 IF if
333 B b
333 WHILE while
334 NUM 87
335 NUM 932120
336 ID TO2GQRfT8i968x4gRgkHXED5d72rQ94I6Ah705i4uu810y8W6L5VD16gFfX24VZd37wz3orIRJo0x4FVWU9
337 ID POoYwX759ysh18hGH6gKDrtfg1lx95LCtRSiI119tj8N0yyttb2DtDPfPckInitJli9g4KgfH3ZE13vf0cgbPE9R
337 NUM 169780
337 ID PhT3w2D2
337 RELOP ==
337 COMMENT //
338 COMMENT //
339 STRING >:,\
p

339 BINOP +
340 STRING R/e\Z	`
341 BINOP -
342 COMMENT //
344 NUM 693612694
345 COMMENT //
347 NUM 794
347 RELOP <
347 COMMENT //
348 LPAREN (
349 NUM 46783
349 COMMENT //
350 RELOP <
350 NUM 4568345
350 NUM 489899030
351 COMMENT //
352 RELOP !=
352 BINOP +
352 NUM 4972362
353 STRING ;	(#cHI>Z	L\\ik
353 OR or
354 ID rn26cVtpEDDOF7TS6rU2OqNMc4wQKEhds1dWzMlZD8Pb9X7ck51hH4IWsxrI
354 CONTINUE continue
354 ASSIGN =
354 ID bdq35FOS8GSP9U6872A0MN0B1F3H50O8T2OU6b8TB7bZXrRVaiupLE2O1MJ4lPx4A1L2l8184T1svs3xvSi3em3yf
355 RELOP !=
355 COMMENT //
356 BINOP *
356 NUM 48522122
356 STRING s"
356 AND and
356 COMMENT //
357 BINOP +
357 ID Yh13
357 COMMENT //
358 STRING -PflT`w
2?7H0	"W
O!T?u
"a%Y)'t6<"
358 RELOP >
358 STRING \	7IJ{(:

"	#.'^	 k[V'{\&Fu3=,O"t\&	M
U"`d
358 RELOP >
358 NUM 0
358 COMMENT //
360 STRING mzK1	G]"\0/G'[t\goW"\#<xWbx*\NL")GnZB,\+
	/
361 STRING 
p&NQ
361 NUM 0
361 ID BqvBIfRCHt49g6BrFJZ42VytRVO2Cz0fsO
361 BINOP +
361 RELOP <
362 BINOP -
362 RELOP >=
363 RELOP ==
363 RETURN return
364 BINOP +
365 ID HG47r51151Unn69tgMLqqh7y6mN0A1JIOywRAJ2dNQWBJ
365 BINOP -
365 COMMENT //
366 STRING i\
]
367 BINOP -
368 ID nI5SVFW20JVcWIB8473OKdvk85Kb99ebIlN3hhbsrWp77KMVIs344VsXERYne6
369 ID q3wyU1E
369 STRING 
 J~!!f
$"t73$"HrG\>*`
369 STRING ">
370 COMMENT //
371 BINOP /
371 COMMA ,
371 IF if
371 NUM 0
372 COMMENT //
373 ID B89KfP20EXNPF5LBIaPwMMneAyTFYD8
373 NUM 0
374 INT int
374 RELOP ==
374 STRING -Z>>r
374 COMMENT //
376 NUM 99
377 STRING d|">"_k3
w@gB
377 NUM 5864
378 RELOP ==
378 RELOP !=
378 RELOP >
378 NUM 726
378 NUM 9530
378 RELOP ==
378 NUM 584060435
379 COMMENT //
380 STRING YpM
q\sTp,N
$+?vy5@
380 INT int
381 BINOP -
382 COMMENT //
383 COMMENT //
384 BINOP -
384 RBRACE }
385 COMMA ,
385 COMMENT //
386 BINOP +
386 COMMENT //
387 B b
388 NUM 53706422
388 STRING 4y:	0}
388 BINOP +
388 NUM 471
388 BINOP -
389 NUM 723546296
389 NUM 334
390 COMMENT //
392 RELOP ==
393 STRING M/ 	>TGV|
	q{\q	;H\"Ky
L"
-W
394 COMMENT //
395 NUM 1707
396 COMMENT //
398 NUM 536
398 COMMENT //
400 BINOP *
400 COMMENT //
401 COMMENT //
403 COMMENT //
404 STRING /l\Ui}
C+.3Ti\"ssM9\
404 BINOP +
404 ID JKVXT0U4c62jG05cdp9nPMmRo166T33f34Mn18RmLv7692uXBO457nl5i7AAllvZ3886t7798jZYLLNuo59hw8
404 BINOP /
404 ID XbXd6z0pex53zxam8Eajmggw1Q44S4ploikpr608lay62itSS40IU0Cf35Y215
404 STRING BI
405 NUM 986335
406 RELOP <
406 STRING eo'r  

407 BINOP *
407 COMMENT //
409 RELOP <=
409 STRING %2&^&""K{v	V20rs"
	6<
.	<P

L

t
409 RELOP <
410 COMMENT //
411 COMMENT //
412 OR or
412 STRING 
412 ID Hoiq4A21nElFFJ5xTRJX9sUBH7Az5cwsAAm22wqX3t5418iiPfp5b695EbuHB5m9uZk595hsFExBn0F
413 NUM 96187318
414 STRING 
M|t"P#\-	
.\EB}\\b/O
K 
414 ID v4V85V
414 ID jtv3ncq5DiCVH6dPS4FxTn0lZH0k9
414 RELOP <=
414 ID xiuv5xeq6koq5Z3mnPshRW54ECnnrh4Zn9eMD58Fd1IEdp2LU6T9Hu0ydDGJ0V7G53lo9yHzcofCi57sZMiQy5x
414 NUM 89
414 RELOP >
415 STRING 
415 STRING $V"\ Wi"(iq\"F\%Y	
415 RBRACE }
416 BINOP -
416 BINOP -
416 SC ;
416 STRING y$	c_~\	"~;Do"x\m)(#|V2"			oS\mA	&f-
f}
416 NUM 93509326
416 COMMENT //
417 STRING n"#

417 NUM 146827
417 COMMENT //
419 B b
419 VOID void
419 STRING 9(

420 RELOP ==
421 ID ZKQW2NG5XB2JBOw9Th7Ok0pQg2brsMsv19
422 BINOP /
422 BINOP -
423 COMMA ,
423 ID NBHBYSP4PHBZSw6zZSY4gw779h2
423 STRING 
423 ID fy39C0qsHef4uS311sE5rIDf38x8E1XgrY0vXE5Tea6WO282sG5p166R8YU5G8Olf431p1NPJRTciNr4FP011Mltqrj2dbT4POv
424 LBRACE {
424 ID NU06P3Ko226A7FFNXNut98lthiRq9lOVG37kLNmRp57jP29tO0O9ZDq7a8tb5mp4yWJZ03Yc3l3GgkE9l0pbsebiq4Blj7
424 ID X20415B30Y9I78DzIp9pGMO6b0ERuz8815403Odn9s84XBD97aU76H2M71FU8s0B9N1Z4if
425 RELOP >
426 OR or
426 RBRACE }
426 COMMENT //
427 COMMENT //
428 BINOP /
428 BINOP *
428 BINOP -
429 RELOP <=
429 ID n2M86HAWj35X82fTESp
429 STRING #
vqzo`""J	?d"lg&+V	S	""n
	
 {j}m4
W
429 NUM 347
429 RETURN return
429 RELOP >=
430 RELOP >=
431 STRING "
431 NUM 3720
432 BYTE byte
432 ID lFne
432 BINOP *
432 RELOP >
432 STRING {A\R
432 COMMENT //
433 ID Mf1BhxkM1xcpFZpTwyOUOOoK5oTgka9Xb96Owk9Yva0xIbWM2iWI8G3lyNzre7IO73Hgk69O1HBHuoNK3kNU
433 COMMENT //
435 COMMENT //
437 CONTINUE continue
437 COMMENT //
438 STRING v.c%6
A#	>
438 BINOP *
438 RELOP !=
438 BINOP /
439 SC ;
439 STRING 
440 STRING ALD\Fo	Gm4		UfM"6:G,d}	"d#"=
441 ID L67Z2YmB3zs7dL2V653WADspfa06mA8N0IETzkfG07K259P7N9Nb8PAgt1C7
442 LBRACE {
443 BINOP *
444 ID A42N1Gt9MV7eKlHxm4ay0ELs2N
444 COMMENT //
446 STRING r\Y"`\n2J
a
446 BINOP -
446 NUM 0
447 ID aRidlQ6BQxmyjYzxvhFytx124C1N62pOzuP8j0HYVkB8I39PS5QqwOcaz0Sww23h61mY6LLu
447 ID DypaGgcG26A0cmfA3dYXTkAimx0NxQZEW7w8W7cP9Z6Z3Is9WksCc0jWd13
447 BINOP /
447 ID EcB73lkLSRO92g36B772lSl0z2hb2o75gO
447 ID PNlF2fsQgiJCQ199YWO0lgFGkME43w1d9w9XrOAEL71K5QBdj1TY9q8p4mhUJ1qxcz4s3OoBICDEDnd458Z2
448 COMMENT //
450 RELOP !=
450 BINOP *
450 NUM 666
450 NUM 21
450 ID H7tg25b93Ye6H0TlI7VM2BXl562035JOel0jdgzivpG8Q2sR0miWNbAirVrX7q2DzfW5n3UputipZIn5o3Y04bXgNn5a0POmQF0
450 BINOP /
450 ID zundF2H4C73dFA4Dote2SF7l6kkbLSwi4AY15glRAdqQhv9eu3Op650B6t659725IjR97qe2j34w4s7Cq6
451 RELOP >=
451 ID LTDX120x7huPjX3eniMpXWGVKCK2Ax9ZEm8w7kimSWlr417SxECGq884M55qZ485a6EwyAvirkCQvsloo
451 RELOP <
452 BINOP /
453 NUM 6
453 BINOP +
454 ID gj4LOiFlRKSfG
454 SC ;
454 NUM 2169757
454 BINOP +
454 COMMA ,
455 TRUE true
456 STRING F`Y\
457 ID K382Bo3vG3W0ETa3L1rjpTl7BcjgRso6JG4Zr62FvHUp0Cr1SxvJ1vC22k2JgHeSJ0056H69Q7r2
458 BINOP -
459 RELOP >=
460 RELOP !=
460 COMMENT //
461 BINOP +
461 STRING B\S>&\]8lFz
*\u
461 STRING 

GRA}\&_-\
X"+IUf`[
462 BINOP +
462 RELOP >=
463 NUM 2
463 NUM 9592876151
464 ID Y9j2gqEd7J5s555J1U168NomL9y59Ax998ti8V3825LjR1726s7x1Shc8eAfye3dWwy6LURXbVqsgq3ayqo8
464 RELOP >
464 ID v5ovOyixvzPqc9rX1681v5Fps1dmDeF17mUdaKHATwiq5kDxb6Us4inDPkeap2k63x880244
464 COMMENT //
466 RELOP >=
467 ID ycge75XJgURQpAaYFx5Fv21691LK2yK89dP3k71cF5W2mN090
467 NUM 691953877
467 RELOP ==
467 BINOP *
467 NUM 1382
467 INT int
467 BREAK break
467 ID A06LTEyRDMlxLaO4q7zY0c2WU3j5xT18NQ4hRQ71HLYhqbEZ06N2Xti
467 ELSE else
468 RELOP >=
468 RELOP >
468 COMMENT //
469 STRING !t`
3EcMb\Hd66?Af	$Bv"PJ"h	Xb8\"%WZ
',
W}r1g
469 ID NVXkbGBT45UR8b60dSlOl3WHll1r93Z0L3m9Y58IzE97r10t4teiAUlmo7S9hbNLuZ1688lz1IBcn52mtl06M4Mf483R
469 NUM 1086181
470 BOOL bool
470 ID R4v3rH3UW9R7pp78Y
471 RELOP !=
472 STRING S8R	F
473 ID n2H1Eg84kLbR64i06D0To3o0LeCmgnDfh5t
473 VOID void
473 NUM 819309
474 NUM 43587602370
474 BREAK break
474 ID p5j9FWi7Xf77mRF7X489dZJiRvxYE
474 NUM 646335863
474 NUM 4519132
474 NUM 1
474 B b
474 ID n5XpjE8z57B5xPF0yRV94e36P58yqHNtlcY4G7CvXbNU77rdR9u6Xb2t1Vi2ki7piKCos356nm
474 BINOP -
475 RELOP >
475 COMMENT //
477 VOID void
477 RELOP !=
478 ID YOAmOD9T3rZ4cJ3Ia0q10xp6i
