1 STRING 
#\\79KF
E
1 BINOP *
1 COMMENT //
1 COMMENT //
2 NUM 684400266
2 ID v49q3KiY0efw2UYClaB5d5WZ1i3aU56lJ2eQCoU4aA5C07EXZo8d764ls98lv78AZydG3cw2X2m6q6fp7T5Kswb5dPWWvQ8z77P6
2 BINOP +
3 COMMENT //
3 BREAK break
3 ID h4PioyEDXim6H7SytkNqD4cC5o03ur65BTfhYhgeFHQh69Lk2j81R66wf4BSC424Qk66ydMC246n01SnFOhg47OFap
4 STRING L%
G\o@
5 NUM 3931255044
6 COMMENT //
6 COMMENT //
8 BINOP *
9 TRUE true
9 STRING )]*s	,:
9 BINOP *
9 STRING Sm
nf"}_|E@fN"\gO""r$A\Z\0		!\7j"\	%\j"S&R@\#^4K

9 RELOP <
9 BINOP -
10 COMMA ,
11 NUM 1532112919
12 ID Z2147397G
13 NOT not
14 ID HqsoXec5461E7332ji23jk3j8I05DG0WN2M4
14 COMMENT //
14 RELOP ==
14 NUM 1
14 NUM 433
14 NOT not
14 RELOP ==
15 ID a603u9iI1zYo7fT7nPtpd3Wk6zT03Db931tY55x6Lg9Z268pcfKjNfn011ew15CtjRuKDa70YKg8IO3264YNk8
15 CONTINUE continue
15 NUM 51638768
15 BINOP /
15 AND and
15 RELOP >
15 RELOP >
16 ID Z5Nm2ma484T
16 ID h4o35k45LY8ffkV4oCCH33SrT9Ya9Kt9ct0AJMJU3AQLPjUPEQb7StLSG80O3FmYvaEGFj6Hyc48ZWwj5l31MiYiK0KAWJ9z60ia
16 RELOP >
16 INT int
16 ID xUPY9ODjR8NmjTt8LvTD1HBq04iUcAXMiG3ayg4jmQKa7cbqzce6PowB3si741ofMq770twuO5FJd0928dYP1pYK4E0V9ZW324
17 STRING 

Va3.T!#~1Xb W>
b!L0k}w)6	DGxmyP$
17 COMMENT //
18 RELOP ==
19 BINOP -
19 BYTE byte
19 BINOP *
20 RELOP <=
20 RELOP <
20 BINOP +
21 ID jw5iw6112C9i4nR
21 BINOP /
21 NUM 46264314
22 STRING j0)`a#x-GgBs
80't
23 BOOL bool
23 COMMENT //
23 OR or
23 NUM 14416737
24 OR or
24 NUM 9153914675
24 COMMENT //
24 COMMENT //
25 NUM 14676013036
25 B b
25 NUM 91434656
25 RELOP <
26 ID Ir3PK2F5KwwYM6c0xt92Zv09Iv7uqQC63Efo7i99242HGE9VNP3o835UD7XaAgWXfy5tWyMByz43oKBi5Qy4
26 ID oXp4KpN1i82rP85PAm865UxcuUl0uik5TckWB3Vo3oZ39
26 COMMENT //
27 STRING \+?R%	*1fi"v^
27 ASSIGN =
27 BINOP *
27 RELOP ==
27 NUM 36
27 NUM 527092
27 ID oDr0C188hbe66igXZO8wEYxe3QPdn1nYcgiD4G9Sc41w6nXFRt4tdXBNN6mA5325W1ynR0n3G0139B360akq4
27 COMMENT //
27 RELOP >
28 RELOP <
28 BINOP -
28 NUM 421482027
29 BINOP /
29 NUM 30873054994
29 BINOP -
29 ID gpq6nvSqOT
29 STRING ,@:
30 BINOP +
30 BINOP +
30 SC ;
30 FALSE false
30 STRING aV"x
30 RELOP >=
30 ID fS44LGY6z55KmxWN35b32HoHu17T3KFeeSrSd8GP50g3330
30 BINOP +
31 IF if
31 FALSE false
31 STRING o"\i\L*d<	4"mG5_vY\
