1 NUM 7428261108
1 NUM 6226
1 ID iBg1OmTZ5JW6FxU4BnSj
1 NUM 73
1 STRING l	
1 NUM 4213008
1 NUM 76661
1 COMMENT //
3 BINOP /
3 COMMENT //
4 STRING 
(|E\rN"eq7<{DB ^5
"	

rZ"vk_ Eem5nb
fu"p!:d	
4 ID oppU99rbVoCTm2E65Ga4pYMdf
4 NUM 2386407735
4 NUM 735165843
5 NUM 3312557586
5 COMMENT //
6 STRING qn9S
gnV
6 BINOP /
6 STRING :K
6 STRING 	c%P"	]"R4@_f^\N	<j:#"G,RfD	w'	xW4](w	}&$	:[T
\8
6 RELOP >=
7 BINOP +
8 RELOP !=
8 STRING .@8u"sM"_,
OTE:o"#<81"eT8_]

9 BINOP /
9 CONTINUE continue
9 COMMENT //
10 ID WQ
10 STRING 	" V	LInny9Q
10 ID pGX82Xqexc1y0kEhSv52GN
10 STRING JfN
o
10 COMMENT //
11 RELOP <=
11 STRING 
11 BINOP /
12 COMMENT //
14 COMMENT //
15 STRING l,q|
15 BINOP /
15 BINOP *
15 RELOP ==
16 COMMENT //
17 ID W13NPNWa5FUxe0d4j06glAbiT836Q424i2Go12regdVaFVi9TY3lj6
17 BINOP +
17 ID d5gWyYD025IT274UJsSHSX6K4g43fYRK7Ug7f9nNnv53MBVN9
17 RELOP >=
17 COMMENT //
17 STRING >G$wu"-"	G'
17 STRING ^9.Tz|+Zw*c(\b6=
iNx

17 NUM 67351182
18 BINOP -
18 COMMENT //
20 ID tjx3TOvOnc9ryh1ZRLNQaM87h0K6lr7CH4cLu35r55c920LfQYdx56o38hJY6133Ia25TKqzi
21 BINOP +
21 SC ;
21 BINOP +
21 INT int
22 NUM 78449219
22 ID x31pKMlhvVd6R0tm6
22 NUM 5890595
23 NUM 320690468
23 COMMENT //
24 COMMENT //
25 OR or
26 COMMENT //
26 STRING sZE9"y\-E

V
26 AND and
26 NUM 0
26 NOT not
26 RELOP >
26 AND and
27 STRING \
27 STRING \K|TYFudG	\9
27 OR or
27 COMMENT //
27 COMMENT //
28 STRING :
28 STRING 3K	;oqU@"=SN
z
>
w"U~yD}B}r
.U_zpnH,#%{W%U_W	?<Yi0P[:
28 NUM 1423273405
28 COMMENT //
29 RELOP !=
30 BINOP -
30 RELOP >=
30 COMMENT //
31 COMMENT //
33 ID x0VXf
33 RELOP <=
33 RELOP >=
33 INT int
33 COMMENT //
33 ID hpGlwnd8GB7mbzIfBCmfNSD3B5Td4033p0OLX0b279
33 STRING y
""2#BM
KH"rP	
Q^
33 COMMENT //
34 BINOP -
35 RELOP <=
35 FALSE false
35 STRING lX}	M=`	mr	

35 RELOP ==
35 STRING 
35 RELOP >=
