1 ID q253ec18Yv7sj59C4080NVep1yGOK8J61RGIM5rFNfS8ZCeQJ259Fk19Bx14OD5eDZDwoKr35L8dD8LMqfVIntHqrZb8nY9k
2 RELOP <
2 NUM 3000223
3 RETURN return
3 STRING \	?"
4 BINOP /
4 COMMENT //
5 RELOP ==
6 ID oSPs2fJW38B78eAyA828TMVx29GL5u88lnuHOHECA9G4vqiJ8WwICHc26cF1Y1
6 STRING \Q3k~b
6 BINOP +
7 NUM 5004322164
7 STRING _Y|VV
8 ID ZyP3mTlLp1L0C2RYLF837s4M6O0OqJLv9uW325g
8 NUM 715502804
8 STRING 	
8 NUM 810457382
8 NUM 52555717
8 STRING a">}
j[ 
8 COMMENT //
10 BINOP +
10 STRING _
10 ID C9fzugp1451y615FBHVl73SEzvXc97BfPllG3R9vOtJgMpmImBOS8a05YUC6W1A8no5HzUxk2615K41KFs86G8ShZQxpQyM043
10 BINOP +
10 ID Pel9d8G3A03s3u9l5ZOab94TRdba450nqdeipeOPQJ5AHFUyM0q53T67P0yhBFa1u9D8h9493mz
11 COMMENT //
12 COMMENT //
13 NUM 78221
14 NUM 202488
14 STRING 		d	
3o5+s
NH"eM"y&
H#\XO m"z_R."
!
14 RELOP <
14 RELOP >=
14 COMMENT //
16 NUM 372591392
16 COMMENT //
16 STRING fg]a
17 BYTE byte
17 NUM 86486659
17 STRING B{
\s\@W<T
17 STRING LN	nM
dU\A!@"
17 COMMENT //
17 NUM 377650
18 COMMENT //
19 COMMENT //
19 NUM 703243300
19 BINOP +
20 NUM 0
20 STRING \6{J]
20 COMMENT //
20 NUM 8161
20 NUM 34225174049
20 RELOP >
21 LPAREN (
21 BINOP /
21 OR or
21 BOOL bool
21 AND and
21 BINOP *
22 COMMENT //
23 STRING J$g=rV;8}\Nk|*ax<"JMU1x	b,
J
3w
	64
BY"6WN 

23 BINOP +
23 RELOP !=
24 COMMENT //
24 ID F2nm20WD5BV6N
24 COMMENT //
24 RELOP <
24 STRING Y\S
25 RELOP <=
25 BINOP *
25 ID e9iwScwWl2tgkksP0z5r9Drs04qm48l7DWqM12zwi3J0E82OIS567Et7Ly810Yr7Fk060rTsUNC
26 NUM 4
27 BYTE byte
28 ID Lk5nP8wUFT87kW15NZrG4l4fCmWL6ixaAMW854dTlY4KlSP36pJD32R6gZFl8QKygcP511RF1Fdzo1D
28 ID Q9kUWTaj6950lb
28 ID lrYlwN0jFD8auQ9tc8516Ha8K916Jir70zwg28eX9eVP3nqZ4650KtW9i8S0y2qXKHCKy5M3a8a313ZkKJ4XuE3070Fg2
28 RELOP ==
28 BINOP *
28 STRING b2
28 ID A03dHk5vFjFnWf1xr3egI7mOB9L8OdAeCCf3jT2Q74a18479O386qOmQ2k8Hx2rD2CpsYl
28 NUM 3221225060
28 RELOP >=
28 NUM 6
28 STRING OQ"
y3d	"Z	JNl
jb	nC+2[
28 AND and
28 IF if
28 COMMENT //
30 BINOP -
30 ID R26KTRRbc4u97pevbauBROo5OfaoDCMA0so7Rfw4Uwh96O6n6NVlZgmD1JdcDcTIeya31aKIFu3BvQ1882N7F7v49JU64OnxjLuTx
30 BINOP *
30 NUM 4685544
30 RELOP >=
30 BINOP *
30 STRING KWaezUP-"6
r\]1,s9
f#
31 STRING \|
NK
8g:%

31 ID in36A047wJS1odJ7Os0qm6UW6N1n106KgV62R6Qpngc6lG2aeISFJ18W12i1YQ42CD86mX
31 NUM 1965753000
31 NUM 139
31 RELOP >
31 STRING 
@WCF?"
31 STRING *
Sok\i\n81"f"X	UG:"DG\\;

E	&;GT+"		YA
