1 COMMENT //
2 NUM 7761696
3 BINOP *
3 BINOP *
4 ID BcpkRt
4 BYTE byte
4 NUM 24051986
4 NUM 0
4 NUM 2044
5 INT int
5 COMMENT //
7 BREAK break
8 RELOP !=
8 COMMA ,
8 ID p6OtCJeyN02ss6MBt3AyV2BWwl75O9zH3yQRLfaz4n9WTc3Rg1tT451597
8 OR or
8 ELSE else
8 RPAREN )
8 STRING CdQvxgw\-+u8{x&s_
p
	\
8 BREAK break
8 BINOP *
8 ID oJdV3g6DRstCYXSt74F8n30ALB27KDlbbscB
8 LBRACE {
9 BINOP +
9 COMMENT //
10 COMMENT //
11 NUM 35
12 BOOL bool
12 BINOP -
12 STRING Ff4	
12 NUM 72540385
12 ID Io23e83A
12 FALSE false
12 COMMENT //
13 RELOP >=
14 NUM 3328458056
14 NUM 75659939246
14 BINOP *
14 BINOP +
15 NUM 3466
15 RELOP <
15 RELOP >
15 INT int
15 NUM 725206
15 RELOP >=
15 NUM 118394
15 BINOP -
15 STRING ;P
7Azt\
15 STRING nf"u@\SPeVg	K>	o
15 NUM 7662063608
15 COMMENT //
17 COMMENT //
19 BINOP -
20 COMMENT //
21 NUM 0
21 COMMENT //
23 RELOP >=
24 LPAREN (
24 COMMENT //
25 ID Vb68018F4x89x15L4H6Jq2vb0lW7F87uYyrPM5q8TbgHkmKpCwH60
25 STRING ;

v
\1
26 NUM 833
26 BINOP +
26 COMMENT //
27 COMMENT //
29 ID sDV5jHxEX3aAa7V4uEXc8r5s1pkSJbeICa51hH0Og1Sa
29 BINOP +
29 NUM 8342366
29 NUM 67
29 STRING d1dkNS#r<	T~7	&
29 BINOP +
29 COMMENT //
30 NUM 3066
30 RELOP <
30 NUM 6808921321
30 BINOP -
31 NUM 10677684239
31 ID lcER05ejfz87ScAHiPSL5O17OcZLsDmJzGY1nUW0i5XNbo773Za5
32 COMMENT //
34 COMMENT //
35 BINOP *
35 BINOP -
35 STRING 
=-L	"brP)f	Sga
36 COMMENT //
38 STRING v
"r
38 COMMENT //
39 RELOP >=
39 BINOP +
39 STRING sEY
40 RPAREN )
40 ID QGgN3DrLW6X0dD579Yr4wcBtC1L084A9QN2ou7200224M8D32ZcgIszyPgYd6KQ0O15hO7y2jbyQwB4q4
40 NUM 3
40 NUM 5422257
41 BYTE byte
41 RELOP !=
41 ID Vk4nL8QzJl1ytrmb4La7NoA96uv7iiXrT
41 COMMENT //
43 NUM 82
43 ELSE else
44 BINOP /
44 RELOP >
44 STRING "6T6iGz	6
45 RELOP >=
45 AND and
45 NUM 240226
45 NUM 16
45 NUM 56
46 TRUE true
47 COMMENT //
48 RELOP !=
48 STRING "
f"#vo


48 BINOP /
49 ID P7Ujv2sB469IRLK4DAv2ig8FOMOd783pylR7D15D12SyWQ1X9540y90NKgcFm8WLc7y20WX5yKmG97mkGm7jWT7W2u0
49 COMMENT //
50 COMMENT //
51 RELOP >=
51 BINOP /
51 COMMENT //
52 STRING Y"[}fS^E	8=NDo
53 NUM 4030860
54 RELOP >=
55 STRING 9N!dB]\{oq`	6E"
`E!"2'{jm#u
56 COMMENT //
57 COMMENT //
58 STRING 
T2jI	
o?$"oMu/E\)|	
58 LBRACE {
58 BINOP -
58 ID k2lFc5TWhgq6R877wGa59fz
58 RELOP <
58 ID DLrT5Gsl800H6DlQ3KL1T9a9akxrN8co79O1qkohm25Wnvd2G509t7O5sKlM
58 NUM 116745
59 BINOP -
59 NUM 10728031647
59 STRING H{vt<"
59 RELOP >=
60 NUM 7849
60 BINOP *
61 ID sm6PX932p478eBGKRM8wu8cPOpZmQ5t705x2byaitn4
61 BINOP -
62 RELOP !=
62 NOT not
62 STRING i
63 COMMENT //
64 ID G1wWJ3uOOVrSJ61yEn1490r9Jovzy3ZINs67a22OK0T43Y23UWm7DrJ2n2wpR01c161TNtW
65 RELOP ==
65 STRING 
65 COMMENT //
66 B b
67 ID wJ1f1vJokk5K7tylvIxZjX9yi13pEawJhUwXRF35qv3r2uPzl85NCpFob14T5y45Az65E
68 RELOP ==
68 STRING "bY	
68 RELOP !=
69 COMMENT //
70 FALSE false
70 RELOP ==
71 RELOP <
72 ID wl4Qo0BV2cE7OUKd4CP3stq122z0XsR
73 NUM 9747157441
74 BINOP -
74 RELOP ==
74 BINOP +
74 COMMENT //
75 STRING E!0&7+"D"
(k	m	@e
G9<#e
76 RELOP >
76 RELOP <
76 ID qq1baVQj9OjtXe
76 BREAK break
77 STRING `	"B.Db
78 RPAREN )
78 COMMENT //
80 ID lB33Tzm0ovSHSee4exs7uCFthr69AGRX8kewJE4KLJPeCEMs4v4k0
81 ID dxSkN2UoTs8836xb60tc76YCdvIGIBYFcb9eRln9V70gkHOk8Brd6aH1AlnDnt3HZT3o5VN4ef3A4O653faq
81 BINOP *
81 STRING S-"~~""FI)
81 RELOP ==
82 ID HPm8Ae2e4MDn91i42l4Bmsk6J7y0IU4KkGAHb8xEDcdJFjA9Un2gXNMi1Tzd1l2263r2bMK4Tp6D5EA2hlo6bHYjX2n9XYg
82 ID sHhobf2441HlRzO
82 LPAREN (
83 BINOP +
83 COMMA ,
84 RELOP ==
84 BINOP -
85 COMMENT //
86 ID SWZ615170QL9Zd16f260No7wT8flA8Q1RoKLMgEpv09JH3cjeO29mbOZ8A72p7yX8Il5jLOFeN0WnEZObBv76uLvdbUQpDo8
86 COMMENT //
87 RELOP <=
87 COMMENT //
88 COMMENT //
90 NUM 5453
91 COMMENT //
92 COMMENT //
93 COMMENT //
95 COMMENT //
96 ID D7HZl23grTzZwy9K8jEDyY93CNAI2RfLqj5FcX2kBIa22QNtfqKP3
96 BINOP /
96 COMMENT //
98 STRING NOTp
8
98 RELOP <=
98 BINOP /
98 NUM 4379341
98 ID Mxn7WMH8n15gl06TSNrUlTD74E0qs8m173U09c51yVg71UFoMU7
98 ID Kts05wbL8yRF5Sz8p80Zw4M35Fu9m
99 STRING P"\rT	m7
q8*h0L
100 TRUE true
101 BINOP -
102 BINOP *
102 NUM 91
102 NUM 418139
102 BINOP *
102 RELOP >
102 BOOL bool
103 RELOP <=
103 LPAREN (
103 STRING :fsz5GGj\
103 NUM 498996
104 RELOP <=
105 AND and
105 B b
106 NUM 0
107 ID ioV9WIwNE3L8575RyM9l2vcH2UjQTGLt9k48nqHocy306044kfhs9ZquPHvr7k
107 LBRACE {
108 RELOP >
108 STRING .-	
$r}
\KXsAB\
4\J	"\
"h\S*
108 INT int
109 COMMENT //
110 ID p967Y2N7PTki3L0c88h1L88jvFoY6
110 ID USgXbMnNZtAm1ZP
110 COMMENT //
111 NUM 703628
112 RPAREN )
112 RELOP !=
113 ID OW0hn8axneYPL3zf2d3
113 LPAREN (
113 COMMENT //
114 ID Nq225kGHdpHL4wrSnR9soBtdx3lXoEq8D4kBMwRBH07VI11bJKsTPwUrKM1s5p1Zvl2C5v82nBE7SH0M565wBNST7SaMr
114 RBRACE }
114 COMMENT //
116 LPAREN (
116 STRING U"d{
]S7b-
116 NUM 83797
116 BYTE byte
116 RELOP >
116 ID Vw5d82oz53Hu40360fdvEPB32V384
117 BINOP /
117 ID EUnntmfRE8nV87GPh5Yn0R0WfXd4Iyj9sdPTu62VHkHt4r2RLB1mZeND2k17pn0UjW
117 BINOP -
118 ID CpstEEQ38Ey0LIcpID2LWQ9ng2eh94vmnZ1o6bI8M2Lx4m736I0h12l2xp0PhBVDp
118 RELOP <=
119 ID dF656j9CBc3oU5cDIwReZ4Lvs3Q5664w34WCdb4NDyU57W5V447j5bBr316iAafOM1Huo84pPTvYBZ75805D9
119 NUM 20
120 ID D06w5kq336slI8gpzFSX6Y7egvs0CB8C7Zj8Uftug6BKmFvpZgcaR4m9451lGkZTTDFQtY2hj6Gi9M5wJ92MyJn20
121 COMMENT //
123 COMMENT //
125 WHILE while
126 NUM 34283145907
127 STRING bb[E;\"<
127 NUM 35002881
128 ID nOl889uT68exvfQ34U21Qx2Ceayri91VkTM8oVv8KnvTpk6d63zN2hpFu29Q78ggvH93x3ECA24QrAj3cnb28ACm68joF171xLn
128 BINOP *
128 COMMENT //
129 RELOP ==
130 OR or
131 BINOP *
131 RELOP >=
131 RELOP <
132 NUM 9
132 LBRACE {
132 RELOP ==
133 ID GfCFIKWgo1N5y1lOG
133 BINOP *
133 BINOP +
134 BINOP -
134 ID rO2FA5wEjOM21876Yov8GxWy0x0l2xzC9jf5l4qZuzz8L8L8anGb34u3LS43b50nH891K4Y9uvgST
134 RELOP >=
135 COMMENT //
137 BINOP /
137 BREAK break
138 BINOP +
138 STRING j
138 NUM 876
138 RELOP ==
138 NUM 99702178956
138 COMMENT //
140 ID Y09w0g65ID6gg6bp84QBDiOQsE3pcKPP4j7kb23565TPOK8bowkirXF9
140 STRING 7H=XV"\<"	zfzx/8,
141 ID tl62Xl6NE7SoxpB
141 ID zyov3kf370YmN7TMeH5pGTUJS2C7dJ38loVuaVwV5hSYdOV
141 RELOP <=
141 RELOP ==
141 FALSE false
141 RELOP >=
142 NUM 0
143 ELSE else
143 COMMENT //
144 RETURN return
145 RELOP !=
145 ID r4koM7Yi1ZG43QL89AmwsbEJEi3i8110lYqTh96R1QWpQJEDfWsWdBsrWKqU4892uZEO9qs66IiC1Gsyyo
145 COMMENT //
147 BINOP +
148 RELOP <
148 NUM 9651
148 BINOP +
148 NUM 0
149 BINOP +
149 RELOP >=
150 STRING AGBU,\
150 COMMENT //
151 ID Fz27RX4b08FiTqXp9KZ114spdqtp7y1JCnse9r5H4UNghsX9Qu
151 NUM 58244401
152 BINOP /
153 RELOP <=
154 BINOP +
154 BINOP *
154 NUM 6664
154 ELSE else
154 COMMENT //
156 NUM 3
157 COMMENT //
159 ID AS4y68QmrK5ZtWNQv9XA1ES86
160 RELOP <=
161 ID GlB4J723sv7616U0uy4C1r6V6HSj6EjPi60011EN3F0amnAwafyNbd5vg9oi8Uj89VvE9g733
162 ID XgKx1iz7Z2n9J2TXfLy8Jbtld17V02RGmgkl1j76S1ugHCEv7xWSYuhBwO54jypC5CaIhmdL8L7nlelpwmlJn5UcSZ0TCWMe
162 COMMENT //
163 RELOP >=
164 ID bGe3AM14qBihMIxE65wU1m0KKqR30q20QA292dObYBSB
164 RELOP >=
165 COMMENT //
166 BINOP -
167 ID GJMh2U5tJ8uLXXY6JO446pINZyYw6pr1Ca44Nb
168 STRING 	Qq{uUT%"b
	f""!
168 NUM 537
169 BINOP +
169 FALSE false
169 RELOP >
169 VOID void
169 RELOP ==
169 ASSIGN =
169 COMMENT //
170 BINOP /
171 RELOP <=
171 STRING /u=*\?U	S	[7Qe
171 ID Aet18WSjN0b6YT22Hkay3yecyj05s72656Wej07RRJWOhzL5Zlv7MWd80T4DHVavMgTtZZN0O
171 BINOP +
171 ID T
172 NUM 548458
172 COMMENT //
174 BYTE byte
174 ID w783o1eJ4a77V0t3z6PCg7Zqi7T7MXzWV55uAnyYAz6
174 RELOP >=
175 ID P6Cc9M5UwIt4i1Z4kL6VA0Zle38O3kBmlJq0OXlz90MjyT
175 RELOP ==
175 NUM 120527
175 STRING &]\gT4wo_p
"
175 ID OoFuxjvojbGqdaT4yg2f05J7soXVdcN4ov73n9nYU9lV94ltKa8O9Le6JvDn9aBgWo978oWI7wR
176 STRING ?E.\ ;


176 ID BKiXUXJmp7sRgL2YbZ2yz7zD17qGDu3d5D57VjqRokfI
177 NUM 24283985072
177 STRING hd6_

177 ID uR74offOo129jxpHNeeBoIy26wc2ZV68nn4f0ibAFa9U25JLc0nYkS3jM6LK68GticnOv1qq48A3nuRUr2Hvwo6X46lEN
177 BINOP /
178 NUM 1021329
179 ID B5G4Nb
179 BINOP -
179 ID WG1obakN47IffDQu66og5p1lwKYBG26zi6P1FqE9113ZF8fBHNEm2w7C99p9k03mTaL3bI
179 IF if
180 NUM 126739302
181 COMMENT //
182 STRING \v

182 ID p9OQhq3DPht9Q8J50UqW0XbslDKz1104UeJ41p57W09fAow5hGH0pwkw69d17Op1iq66gQv7dWSWeW0k39e2
182 BINOP +
183 STRING 8
Gvl\/tp}6"VF}	pTD<L	]f\h'""T	>9X
183 NUM 95699803
183 NOT not
184 RELOP <
184 ID qXtd4cW96CqBtMEccSsGHXmpctEXc1C7nAE9SFKXm81yFwXX2q8j0
185 ID Lx211VkH6LcJMG37a0Zc7dyQg63I4Akka35HE94P50PhQr5hs605GZN74YICN2D8yRLE9y57Fb2OvdP77sQ5VCq9BvZ2o1C5AMv
186 RELOP !=
186 STRING d\
pZ`\="#2L"&		#\
SKHS	bR
186 NUM 517668
186 COMMENT //
188 BINOP *
188 RELOP <=
188 RELOP <
188 COMMENT //
190 ID sJ
190 STRING f/	"2)e"_lK5\z"\ee(Q
190 RELOP <=
190 COMMENT //
191 ID AhC1sr7toiFHhAk61u27LVB7QCe5yueWow6bFUL4Z0237l32
191 RELOP ==
191 RELOP <
192 BINOP -
192 ID d942EHzKsDirz9x5SngKB847HZpCv4w9D9I1G9Z60GteL5FZL5Ds9X2k0Vk0T04OJZ21XtQ72Rum5
192 ID pp3eyFJ37Ii0OBhcLFeJlx5KYfVyqVRW1P32X9yFSL05p22dY6A6pF4sDZuO
192 STRING &o\l	!yT	c	=	i
A_"rSO&Bp
192 STRING Yl
.#*&Qmy
n+
7W\Ken\Lx\\`g [T

192 BYTE byte
192 BINOP *
193 ID lsyqt9GEw1lQKqE23C6xY2yN5GZNOPf6sSr178VTwPxiny
194 CONTINUE continue
195 ID Y4BeL2oRZbohkJhb3QW1H9749P9uha1kruvHKWnoZ3BS2vcre7A58HGf6nZRDjWo673RpEMuYXxc0l9myAD0Z4osZAqzw2RU08
196 STRING \
ql
ES/s
196 STRING D<g,(x%
	\$P/wGW"m\B	
\
196 COMMENT //
198 COMMENT //
199 STRING zlg	77
199 BINOP *
199 COMMENT //
200 ELSE else
200 NUM 912247
200 STRING #q
201 ID Ne96hbBf44p0oa8Do3RTtjua36heU75g2Ut5Bz8xTIphlFg3r2h29vHG39Cf244ms97B9Q85s35c
201 BINOP -
202 ID WSChpBMK
202 COMMENT //
204 BINOP -
204 RPAREN )
205 LPAREN (
206 ID D5rzKW2bM9nv8VFupiC5NSQg3lt
207 STRING s#r#
207 ID HI35129ed3YkA4
208 RELOP <
208 STRING 
208 B b
208 ID QK3HDJ74zFS4095HQal8zSrc0E71HkfhD3SmO7bQYQGhdIYO8Ivp7FB7Dm61P2uU61N2EXZ6m6xhF3nt1sOtS1R8CWEy
208 NUM 2705
208 RELOP <=
208 COMMA ,
208 NUM 2039
209 ID y0Zwl03
209 NUM 460
209 NUM 883781
210 NUM 73721
210 TRUE true
210 STRING D%o
211 RELOP ==
211 BINOP /
212 NUM 9
212 BINOP /
213 STRING H^@t*
214 COMMENT //
215 RELOP <=
215 BINOP /
215 ID g929W6emG04SeIX9dPCYN
216 COMMENT //
218 ID coPJjaZZ8w1Gq5698TIr3tZCA5v4Z42hG9E727sMd98h6r8ho4rMkdQzaR6hLf0PDgN3j91h5a
218 WHILE while
218 STRING Kd	r	Lu}JK6"R
219 COMMENT //
221 ID Ri84e91J8EmYF6wbZV8872fiPqUofiZ4n3dQagv05J4MceI6Wr07x1c508
222 NUM 350303
223 BINOP *
224 STRING fU-Za|
^W{"	1~I	
224 BINOP /
225 RELOP >
225 BINOP *
226 STRING _ufT
"j_ZBLkyh\M'y**jVF"*Rl"eLP]G"'V	-\MS	,,\.HBD	Ir
E\V7\N"SS"bCz\\
227 OR or
227 RETURN return
227 B b
227 COMMENT //
228 ID mFYn3O5L38Nw84iuo485Rg4233got61WPTQn3DS7Py2i7kVvSAEEe52QKQ5
228 ID Q4hj8L6e7KS48I2khaVdML7KZOGNcVNNhEL47corGTajgFM652d9P206ZEC3MP548k19t
228 STRING \t
228 ID v11ehN3y2HiG4ugRJ5agC0qlemzw
228 COMMENT //
229 COMMENT //
230 COMMENT //
231 NUM 0
231 NUM 8473911
231 RELOP ==
231 STRING -	]eJl0

232 BINOP *
232 COMMENT //
233 RELOP >
233 COMMENT //
235 STRING 9U#Yg)>SH1G<
235 BINOP -
235 ASSIGN =
235 COMMENT //
236 RELOP ==
236 RELOP >=
237 BYTE byte
237 BOOL bool
237 COMMENT //
239 STRING 3u#	
239 BYTE byte
239 ID EtF
239 NUM 71777
240 ID kD4ozYS6Hd0xiYVIfJf6AEIOg51WRqNytR2OFhKQLm5BEC903
240 COMMENT //
242 COMMENT //
243 COMMENT //
245 RELOP <
245 RELOP ==
245 COMMENT //
246 BINOP +
247 BINOP -
247 BINOP +
247 STRING }"&\%O"+D
X'\$

247 RELOP >=
247 COMMENT //
249 STRING ?{F\	-_>
3G"	FzI
249 NUM 66
249 NUM 206391
250 ID jZaVH8ih9rN01bqZj75KWtvCC49pg5MoNcxLM0893Qp8Z6hSbOFq8dI6My71sauxX6Z2e3PamBVeB1013678hu11sJucT1O
250 NUM 75060
250 NUM 83252522
251 COMMENT //
252 COMMENT //
253 BINOP /
253 NUM 49296
253 RELOP <
254 BINOP -
255 RELOP >=
255 NUM 3553
255 STRING @/HL5O8Md}%z"	g
255 BINOP /
255 ID v51
255 ID GVR708XwcFKs0s9uUipfIRvmBnh3H30vJLu1xyWSFYGux0zPFyQifBx749kr263k2zz3sc5N2
255 ID GKxmkP4vHi9B4Ba9g4qK3XB8528UX261ZlWe4zx43F6LWBJavduQAAmlj5J6r91XIn04495NY
256 BINOP -
257 B b
257 BINOP -
258 RELOP ==
259 ID Z682V4U2Keuv46f43Nwi58k092v5DOaJp17GWPCRO6mK7v6di1Cbb2tF4G2hoOwG9M0S182mS9oEy02f5l1kW24
259 ID icfEHpE62w6vAmg0Z0T1h32WO
259 NUM 0
260 BINOP *
260 NUM 610
260 NUM 9917
260 STRING }xr\\

260 NUM 0
260 STRING &;B
260 BINOP -
260 STRING }7 
260 SC ;
260 COMMENT //
262 ID w1o9DY79aoIKC2Z7cs4y0vbVk0wT1dUPDlcnZgI2R9PG9hvNoZAWKLe2wg9A78qtoNK93
262 COMMENT //
263 ELSE else
264 ID rWHKIMLVuo86Ug0k2Fa8BF9pxi9XMtt2dG4z2j0E2p0YhP0Qqshc7u3AMwy0sBlm8R5TdS675ft68uW51YX5229jZdUo0q
264 BINOP /
265 RELOP >=
265 NUM 68825424
266 STRING xN~#a=o
267 RBRACE }
267 CONTINUE continue
268 NUM 209400
269 ID ikFN1y9rd7W7H6FGYU3DP2FpzNZh2NEcdVsz2W0KJhE3Kh81WnVO3yoU6IFnbTwdfi3CBV8cu04p8MREa6p06x
269 VOID void
270 COMMENT //
271 RELOP >=
272 RELOP >
272 RELOP <=
273 ID M9S6FJPW5hs6K5fr6s0EJSultK3BQuWQqn5981pR893U62407M75p4BNSz3pTuY6fgcwXAM1T783q04VXiBmggah8kOJwO
273 RELOP !=
274 OR or
275 RELOP <=
275 ID p57j00aX45EiOsPD5
275 NUM 819415
275 RETURN return
275 RELOP ==
276 RELOP <=
276 BINOP *
277 STRING 2
277 COMMENT //
279 BINOP *
280 STRING  ""JGk"\C
	9m	'N
280 BINOP +
280 NUM 536737342
280 RELOP ==
280 COMMA ,
280 BINOP +
280 NUM 5
280 COMMA ,
281 ID uEoANq77es6fx60BbhF870lxT4s5l907M281mA61QNG19OZoMOE
281 BINOP +
282 RELOP >
283 STRING wV
*k	'\
283 BINOP /
284 STRING Ej3
284 BINOP /
284 NUM 0
284 RELOP ==
284 ID B24oE7o8mjzcBASx2zdIXu53xVf9GoR4O1v4100nx4q0733jbS3620lm4PlhZCOddGqFo6JnqWRnf
285 SC ;
285 ASSIGN =
285 COMMENT //
286 RELOP <=
287 ID KkT5So8aZ1sKI3DV8lKvX88EnDK76Y3Zg937cHX7XVgGl3h75LQt2G791a5l27sp66awb7fcYE05R
287 ID u02n52h07IpXI54CfURYN0A5xe03atdmu4120aDV6A7beQVyRJ9EtHZ1yLoA7098eTwQI4twST01c84tt56I79nUWlW0K7Dr
287 RELOP <
287 ID rtqU7gs9AwoiRC2w4MI96dnGMtI8RY6QbRk77Y7dKtWg7LmmEuc344
287 COMMENT //
288 COMMA ,
289 NUM 3500313
290 BINOP /
291 ID R0uTR199W3R0493TDl4h8DM855paN5H07mFRZMv1o
291 ID B6tBASAP3in3ms2aFi0Z4RBzmLcn6SmuLyY85l6cZNSl5912OiHQchn7k3pP49iF5
291 COMMENT //
293 B b
293 COMMENT //
294 BINOP /
295 RETURN return
296 ID qtinF6yPAScHtCfJk2u2XRd6y51VO998dlTi
297 BINOP /
297 NUM 1392524
298 COMMENT //
299 ID PlWM1gtjd
299 COMMENT //
301 COMMENT //
303 STRING ",;I\X"		\:vAygx\w"
304 RELOP >=
305 NUM 4668049
305 WHILE while
305 NUM 50812081078
305 BINOP /
305 NUM 0
305 ID didUb8EDyNLOPQ2G9L1KVGVPkWQFNUS6
305 COMMENT //
306 RELOP >=
306 STRING UG?
306 ID oVWZcc0Vx02vIWv
306 ID DAJhvfNCD6Hlzqqdp8hbjeZjtru4kA59uQa4811X9NIs1UBv3vt2P4wOXG4L1918e1q8M0andXovq36e9j9AlGN0s62wVSh1o
307 ID e9J8182589ozF8e5SU2XBCKtk6Zjz2E89W8SlwDZYtu9CXI13uBa5u8xAgnaAr7LqXX1qJYK3Ts75z1QtR97fGd2jigOJG4a
308 NOT not
309 RELOP !=
310 BINOP /
310 STRING 
"	\pJ$
o	<5 I"T"}PC[<c~"""\\~
310 STRING @	4"G
(~@d
311 BINOP /
312 INT int
312 STRING \"}?4
	7ty#"!06oL:
312 RELOP !=
312 BINOP -
312 LBRACE {
313 OR or
313 BINOP *
314 NUM 108
314 BINOP -
314 BINOP -
314 ID t3Th10hEbKBJuKZue100C
315 BINOP *
315 BINOP +
316 BYTE byte
316 RPAREN )
316 ID G4846FB3JS3oXQ24Y9Ba
317 COMMENT //
318 ID bgOU
318 BINOP *
318 BINOP +
318 COMMENT //
320 RELOP !=
320 BINOP *
320 BINOP *
320 BINOP *
321 FALSE false
321 NUM 60
322 RELOP >=
323 NUM 219610
323 BINOP -
324 STRING m"\]P/	
WF%r
,o~
	H
&/h]X1L#	dY
h<mU
325 BINOP -
326 ID rKZI
327 BINOP *
328 BINOP *
328 NOT not
328 RELOP <=
328 BINOP +
329 COMMENT //
330 COMMA ,
330 B b
331 STRING \"Z"P.++"b	
\
331 COMMENT //
332 STRING 1jj,@WfK"\"i@"]&"\
333 BINOP /
334 ID K1kbV
334 STRING 
335 COMMA ,
335 RELOP >
335 NOT not
336 RELOP <
336 BINOP /
336 COMMENT //
338 STRING bH; "?"aR
"
339 BYTE byte
339 BINOP *
339 STRING 
340 NUM 3
341 STRING 
341 BINOP /
341 RELOP <=
341 STRING WZ?H
6j[
341 STRING q
341 BINOP /
342 NUM 9122606984
342 BINOP /
342 RELOP ==
342 BINOP /
343 RETURN return
343 ID BS59f5Vy7lwkxFQH5He9PB7315g69y94g5wu6bels19lx16k2U6uWI3x2S2IkfGjwTi66u1iL
344 RELOP ==
344 STRING S
344 ID Z2a2QsbV6R4gdhrzWkoNF910ThvQajj4KA9RN6w4Ou10k840zQvREN
344 BINOP *
344 STRING $
345 BINOP *
345 ID tx4f51xR8UIjdx1l98xYHf1YwaD5v56Ac24I5qK6fA
345 STRING w
346 COMMENT //
348 COMMENT //
349 NOT not
350 NUM 541943
351 BINOP +
352 ID GqV6c6FIwptrgU5a3NYf6cyPo9Pf
352 ID jxqxb5Y4b1oUsVu68gPg3stD70uP87Z2U2M3DWm45QO4Akn
353 ID xGVb8GB
353 BYTE byte
353 STRING 	}"	Dzw]
aF"
354 STRING }[-	um
355 COMMENT //
356 ID loq67O0GZUzVMbY7n9y35e2I1Dc6Vfg5ZR6xg3F5h5rAV40ELx40Ptks45xuWs44mEB8w9n5200CAGTUKU7H7c
356 RELOP ==
356 RELOP <
356 ID k3EbaRu4Lg94RoB4Jq685Cmx
357 STRING 
357 ID ojd4l4id5PonN4WxN2KR63PF44rNvuUR3QHaQD5VGEM484wr
358 BINOP *
358 STRING j$~
358 STRING do@PN;
X0&'!
:\
358 NUM 206
358 RELOP !=
359 RELOP <
360 RELOP >
361 RELOP !=
361 RBRACE }
362 STRING %{"l$	"s
362 NUM 4290126851
362 RELOP >
362 NUM 7699677876
362 ID K4pGIXGKCW
363 BINOP -
363 ID f20PxW2gQPPJldCtDL16EKoeVSr8tk3V3SID4a98755w13BYi2
363 NUM 8397
364 STRING 
;"N6	s
|id	:
	\V#&	"?
364 COMMA ,
364 COMMENT //
365 COMMENT //
366 ID eJnE35XWIZjTUqIAcX2I5SVK07LY79Z6IO03G841KPGpl7aYOJ
367 ID Qt01kRb5bsXfj6BOVI
367 STRING 8	g)M\
3o6K
367 RELOP <=
367 BINOP *
368 BINOP *
368 BINOP +
368 RELOP !=
368 BINOP *
369 NUM 1797735513
370 STRING \
370 BINOP +
370 COMMENT //
371 COMMENT //
373 BOOL bool
373 STRING p/8"\a\	-;~\@V
373 RELOP ==
373 RETURN return
373 ID suDj98ppai3461aiAvMw46b3rsk7gfeQp0Eo1UZ9MTfSNU6PIMl3Nv3mHGgNoV5ag1K2N6L369qx48ljCxMX240XzQ2M7
373 COMMENT //
374 COMMENT //
375 BINOP *
375 RELOP >
375 NUM 5569
375 COMMENT //
376 STRING _He\M""a7"Uj?\^c
377 STRING ;\HyU	F	
377 RETURN return
377 BINOP /
377 COMMENT //
378 NUM 313
378 BINOP /
379 RELOP >=
379 RELOP <
379 ID WAEbg19z14DLfn91CR
380 BINOP -
381 BINOP *
381 STRING HW	\6q
381 COMMENT //
383 STRING m^
384 BINOP +
385 BINOP /
386 RELOP <
386 COMMENT //
388 LBRACE {
389 NUM 0
389 COMMENT //
391 COMMENT //
392 COMMENT //
393 COMMENT //
394 STRING )6oQW"F
\
wf	
394 BINOP *
394 RELOP <=
395 COMMENT //
397 COMMENT //
398 RELOP !=
399 RBRACE }
400 RELOP >=
401 ID gcsVpxj85bFM7Rki3mYtdVr1I3d6sx3aDdQ04oe10hidzeBjnO8CKc3y0icLRsbB870857
402 NUM 801
403 RELOP !=
403 CONTINUE continue
403 NUM 5
403 BINOP +
403 BINOP -
403 STRING b
403 BOOL bool
403 FALSE false
403 ID PM04z0bDHDQc73691Om4sd488POU83a01Fr3H1MD69R42T27uTDiV1w5MgYLEckdhrwcwz
403 RELOP <
404 STRING dEgl+F\-
&.P	?\A2H_%4!~

R	RhCzo
"\os
404 ID qq6
404 STRING y	hH

404 ID O1gzTv66Pr5AqAV9cCF453Mo1zm95ehr6ANs9bBl48PWIicfluvyLn3SgQlJck69e3KH46DaqrF84404
404 ID TD0cu6W1SCN9Nrj
405 ID u4AZ36pWDwzO2fOs8D4iYY7O6m2ySr3jP90KeMUzA0RGL8INApDZOG18wee5B8c
405 COMMENT //
406 COMMENT //
407 NUM 1626757
407 BREAK break
407 ID R4qJDZj6Vy4G2BOB0ql7iscRM5OJHS6r4e3O3cO3cKR5b
407 ID pGJ357p773Wn76Usunoto4aveCOjFXPt13QF0PylLUJHv
407 COMMENT //
408 ID L7M3C73zIeQLVKu7n903gmJ47CQJcA96KgJis2E1hPh1z5LLKo9ioEn37zCE48ej4d2rRoBSQ5L4P7kXIRN1Yz289297K
409 RETURN return
409 COMMENT //
411 STRING oc":	e|	D
411 RELOP <
412 NUM 630099
413 STRING 
:"U}
&
413 COMMENT //
415 ID PSv2BW4rntlfI9024RnYyRnZCd68lBj9xPIh1Ze3l9cN87a1gFKOlpt52XVJo54GL7W658KUmaZcs5CR3jNf
415 BINOP *
416 COMMENT //
417 ID FO3kcS30S2MSU5Mt33SW4c5
417 ASSIGN =
417 COMMENT //
419 ID Z
419 BINOP +
420 NUM 501797386
420 ASSIGN =
421 COMMENT //
423 RELOP !=
424 NUM 4511234650
425 ID pXnJKTjJSH697MmxnG
426 RELOP <=
426 LBRACE {
426 RELOP <=
426 ID g91J7TObcRTF
426 STRING 
427 RBRACE }
428 ID mMc28FvlSm0plKe4gMUKdQztWZOcOsH3kvJMhO1iFnf1D3QQ4mg7o1q2i4EMp325Yc0C
428 COMMENT //
429 NUM 2010391
429 STRING 
429 STRING aNVC""
429 RELOP >
429 BINOP /
430 BINOP *
430 STRING "^uYT
430 STRING 
430 CONTINUE continue
430 BINOP +
430 BINOP -
430 STRING Y	Fw4t
5fLkn
430 ID UNxPRgLiF7ceY05C7eKRzDr33b106uV
431 RBRACE }
432 STRING c
432 TRUE true
432 NUM 1688087
433 ID Na6537qHvN17M7WJV1CX7T
433 BOOL bool
434 NUM 7320
434 STRING -V1"
Py`p:
434 BINOP /
434 ID sLQ1W3rwBUgaW
434 COMMENT //
436 ID Qq1P14o79jbI2Jp4FK9O219tXJabYg6fBNm9bNXf1svVuSW45tqIJXCEUqTrhx3xGv3hom420
437 BINOP -
437 COMMENT //
438 NUM 96818
439 COMMENT //
440 NUM 40612
441 ID ul7iQ9jn6P26Mc4O6SY185lLVn4096e81040oUHTP8VUX09QT8JjNN5Fl68gB2W9hCaFKEM25gJMwC1y1UP
441 NUM 1645071
441 NUM 68525
441 VOID void
442 COMMA ,
442 STRING /
""l&NK
443 BINOP /
444 NUM 90300847516
444 BINOP /
444 STRING \q{	C8$Y\8f	"@%"2/j
=Gp)\>	%Zq5J"S	]*"
444 COMMENT //
446 ID wvqP4Xi3GGAK9xgolfBP97xV2K0W006uBi63mjahISwV1Y6HNpyopW28
446 ID CUw1LW59z9ZBEf3u3Xq4I2Pab
447 NUM 0
447 BREAK break
447 NUM 7
447 STRING f>\e
^l2\xUJ*"-uUmd'f
447 BINOP +
447 ID gZ5ZG94d06BxVk2A1m58Al7HadGZajklqmdYYN5tf2baaFpTM0xO3aCR1rnLqVACaxqbH57tuUYTFqTW7QZR575YhyA621nu5
447 STRING \
447 ELSE else
447 BINOP /
447 BINOP -
447 STRING 9bm
O
447 NUM 3353529
447 COMMENT //
448 OR or
448 STRING 
C&]|"
}p5vw9\i\h	-pZ"oxAq\R	rn
448 COMMA ,
448 NUM 838002
449 NOT not
450 B b
451 COMMA ,
451 STRING \
451 RELOP >=
451 STRING DEU""
#
451 STRING 
451 STRING "
,6MH?C"^
451 NUM 55206486271
452 RELOP <=
452 STRING /8h
453 BINOP -
453 BINOP *
454 STRING #|
Vm!
"
"A[3=[R?+vX8f!3Z}^)
S"
455 NUM 87035076
456 BREAK break
456 ID Wy2e3pOS762Hunt4C9nO0jWP50VQ9dT
456 NUM 263560
457 BINOP /
457 SC ;
458 COMMA ,
459 BINOP *
459 RELOP >
459 ID gb8whOyl8eUjIGpw9p8drbLFH167dqdQDO8xhO50PG9bYW1
459 NUM 405
459 STRING 
460 COMMENT //
462 NUM 44402969126
462 STRING g4g}	q	f\udnOd7QLSf'eoXeE99N3
462 RELOP !=
462 COMMENT //
463 INT int
463 OR or
463 BINOP *
464 VOID void
464 ID htpS3c28f5pgUEi
464 BINOP -
465 BINOP -
465 RELOP >=
465 RELOP >=
465 ID bn0XJwDO6C27I7wDe5t7YzFAu7gx2T1ihPpH2ADuNJOXuDcZP2V54
465 ID xRtEDO10dn41vEHBRhiEJZlY50l4GEA63pg6620y5Z9ZOuvP2JXHZe2TD
465 SC ;
465 NUM 8022363
466 BINOP /
466 STRING dgJ
wGB
{m
467 NUM 500
467 STRING )j"")

468 STRING W+
G
468 NUM 810590714
468 ID r6bP9541xDC2GDFQt8T7t2j7yX5181oQCKQUN1EiM8kBn7U686oOm42v2lU1aL065CCLffcvY34Q337F2WxkTb9k5e949VE1o757A
469 RBRACE }
470 BINOP /
470 RELOP <=
471 ELSE else
471 RELOP >
471 NUM 74
471 RELOP !=
472 BREAK break
472 NUM 0
472 RELOP >
472 COMMENT //
474 BINOP /
474 BINOP *
474 RELOP !=
474 STRING 4z
474 COMMENT //
476 STRING \

477 RELOP >
478 STRING f$0W"
Z
478 RELOP <
478 BINOP +
479 NOT not
480 ID cI5I48HUi7w
481 ID pg277uRaweSUAXbLz42JU2wVW65FpaH53K5T110O5Lbo927Gv9r2
481 LPAREN (
481 ID X9laZGp5yo9udjWdS68a41U47I1IrJQg5t3rZbeYVdoIetp6U2U3NN2MzSEA2498IfE9bJ60Q2Svy6qr
482 NUM 8009
